Archive member included to satisfy reference by file (symbol)

c:/program files (x86)/atmel/studio/7.0/toolchain/arm/arm-gnu-toolchain/bin/../lib/gcc/arm-none-eabi/6.3.1/../../../../arm-none-eabi/lib/thumb/v7e-m\libm.a(lib_a-w_log.o)
                              src/ADC.o (log)
c:/program files (x86)/atmel/studio/7.0/toolchain/arm/arm-gnu-toolchain/bin/../lib/gcc/arm-none-eabi/6.3.1/../../../../arm-none-eabi/lib/thumb/v7e-m\libm.a(lib_a-w_sqrt.o)
                              src/motor_speed.o (sqrt)
c:/program files (x86)/atmel/studio/7.0/toolchain/arm/arm-gnu-toolchain/bin/../lib/gcc/arm-none-eabi/6.3.1/../../../../arm-none-eabi/lib/thumb/v7e-m\libm.a(lib_a-e_log.o)
                              c:/program files (x86)/atmel/studio/7.0/toolchain/arm/arm-gnu-toolchain/bin/../lib/gcc/arm-none-eabi/6.3.1/../../../../arm-none-eabi/lib/thumb/v7e-m\libm.a(lib_a-w_log.o) (__ieee754_log)
c:/program files (x86)/atmel/studio/7.0/toolchain/arm/arm-gnu-toolchain/bin/../lib/gcc/arm-none-eabi/6.3.1/../../../../arm-none-eabi/lib/thumb/v7e-m\libm.a(lib_a-e_sqrt.o)
                              c:/program files (x86)/atmel/studio/7.0/toolchain/arm/arm-gnu-toolchain/bin/../lib/gcc/arm-none-eabi/6.3.1/../../../../arm-none-eabi/lib/thumb/v7e-m\libm.a(lib_a-w_sqrt.o) (__ieee754_sqrt)
c:/program files (x86)/atmel/studio/7.0/toolchain/arm/arm-gnu-toolchain/bin/../lib/gcc/arm-none-eabi/6.3.1/../../../../arm-none-eabi/lib/thumb/v7e-m\libm.a(lib_a-s_lib_ver.o)
                              c:/program files (x86)/atmel/studio/7.0/toolchain/arm/arm-gnu-toolchain/bin/../lib/gcc/arm-none-eabi/6.3.1/../../../../arm-none-eabi/lib/thumb/v7e-m\libm.a(lib_a-w_log.o) (__fdlib_version)
c:/program files (x86)/atmel/studio/7.0/toolchain/arm/arm-gnu-toolchain/bin/../lib/gcc/arm-none-eabi/6.3.1/../../../../arm-none-eabi/lib/thumb/v7e-m\libm.a(lib_a-s_matherr.o)
                              c:/program files (x86)/atmel/studio/7.0/toolchain/arm/arm-gnu-toolchain/bin/../lib/gcc/arm-none-eabi/6.3.1/../../../../arm-none-eabi/lib/thumb/v7e-m\libm.a(lib_a-w_log.o) (matherr)
c:/program files (x86)/atmel/studio/7.0/toolchain/arm/arm-gnu-toolchain/bin/../lib/gcc/arm-none-eabi/6.3.1/../../../../arm-none-eabi/lib/thumb/v7e-m\libm.a(lib_a-s_nan.o)
                              c:/program files (x86)/atmel/studio/7.0/toolchain/arm/arm-gnu-toolchain/bin/../lib/gcc/arm-none-eabi/6.3.1/../../../../arm-none-eabi/lib/thumb/v7e-m\libm.a(lib_a-w_log.o) (nan)
c:/program files (x86)/atmel/studio/7.0/toolchain/arm/arm-gnu-toolchain/bin/../lib/gcc/arm-none-eabi/6.3.1/thumb/v7e-m\libgcc.a(_arm_addsubdf3.o)
                              src/ADC.o (__aeabi_dsub)
c:/program files (x86)/atmel/studio/7.0/toolchain/arm/arm-gnu-toolchain/bin/../lib/gcc/arm-none-eabi/6.3.1/thumb/v7e-m\libgcc.a(_arm_muldivdf3.o)
                              src/ADC.o (__aeabi_dmul)
c:/program files (x86)/atmel/studio/7.0/toolchain/arm/arm-gnu-toolchain/bin/../lib/gcc/arm-none-eabi/6.3.1/thumb/v7e-m\libgcc.a(_arm_cmpdf2.o)
                              c:/program files (x86)/atmel/studio/7.0/toolchain/arm/arm-gnu-toolchain/bin/../lib/gcc/arm-none-eabi/6.3.1/../../../../arm-none-eabi/lib/thumb/v7e-m\libm.a(lib_a-w_log.o) (__aeabi_dcmpeq)
c:/program files (x86)/atmel/studio/7.0/toolchain/arm/arm-gnu-toolchain/bin/../lib/gcc/arm-none-eabi/6.3.1/thumb/v7e-m\libgcc.a(_arm_unorddf2.o)
                              c:/program files (x86)/atmel/studio/7.0/toolchain/arm/arm-gnu-toolchain/bin/../lib/gcc/arm-none-eabi/6.3.1/../../../../arm-none-eabi/lib/thumb/v7e-m\libm.a(lib_a-w_log.o) (__aeabi_dcmpun)
c:/program files (x86)/atmel/studio/7.0/toolchain/arm/arm-gnu-toolchain/bin/../lib/gcc/arm-none-eabi/6.3.1/thumb/v7e-m\libgcc.a(_arm_fixdfsi.o)
                              src/motor_speed.o (__aeabi_d2iz)
c:/program files (x86)/atmel/studio/7.0/toolchain/arm/arm-gnu-toolchain/bin/../lib/gcc/arm-none-eabi/6.3.1/thumb/v7e-m\libgcc.a(_arm_fixunsdfsi.o)
                              src/motor_speed.o (__aeabi_d2uiz)
c:/program files (x86)/atmel/studio/7.0/toolchain/arm/arm-gnu-toolchain/bin/../lib/gcc/arm-none-eabi/6.3.1/thumb/v7e-m\libgcc.a(_arm_truncdfsf2.o)
                              src/ADC.o (__aeabi_d2f)
c:/program files (x86)/atmel/studio/7.0/toolchain/arm/arm-gnu-toolchain/bin/../lib/gcc/arm-none-eabi/6.3.1/thumb/v7e-m\libgcc.a(_arm_addsubsf3.o)
                              src/motor_speed.o (__aeabi_fsub)
c:/program files (x86)/atmel/studio/7.0/toolchain/arm/arm-gnu-toolchain/bin/../lib/gcc/arm-none-eabi/6.3.1/thumb/v7e-m\libgcc.a(_arm_muldivsf3.o)
                              src/Accessory.o (__aeabi_fmul)
c:/program files (x86)/atmel/studio/7.0/toolchain/arm/arm-gnu-toolchain/bin/../lib/gcc/arm-none-eabi/6.3.1/thumb/v7e-m\libgcc.a(_arm_cmpsf2.o)
                              src/motor_speed.o (__aeabi_fcmplt)
c:/program files (x86)/atmel/studio/7.0/toolchain/arm/arm-gnu-toolchain/bin/../lib/gcc/arm-none-eabi/6.3.1/thumb/v7e-m\libgcc.a(_arm_fixsfsi.o)
[...]
Memory Configuration

Name             Origin             Length             Attributes
rom              0x00400000         0x00100000         xr
ram              0x20000000         0x00014000         xrw
*default*        0x00000000         0xffffffff

Linker script and memory map

LOAD c:/program files (x86)/atmel/studio/7.0/toolchain/arm/arm-gnu-toolchain/bin/../lib/gcc/arm-none-eabi/6.3.1/thumb/v7e-m/crti.o
LOAD c:/program files (x86)/atmel/studio/7.0/toolchain/arm/arm-gnu-toolchain/bin/../lib/gcc/arm-none-eabi/6.3.1/thumb/v7e-m/crtbegin.o
LOAD c:/program files (x86)/atmel/studio/7.0/toolchain/arm/arm-gnu-toolchain/bin/../lib/gcc/arm-none-eabi/6.3.1/../../../../arm-none-eabi/lib/thumb/v7e-m/crt0.o
LOAD src/Accessory.o
LOAD src/ADC.o
LOAD src/Admin_Messages.o
LOAD src/Alarm.o
LOAD src/ASF/common/services/sleepmgr/sam/sleepmgr.o
LOAD src/ASF/sam/drivers/adc/adc2.o
LOAD src/ASF/sam/drivers/pdc/pdc.o
LOAD src/ASF/sam/drivers/twi/twi.o
LOAD src/ASF/sam/drivers/usart/usart.o
LOAD src/ASF/sam/drivers/wdt/wdt.o
LOAD src/MASTER_I2C.o
LOAD src/motor_speed.o
LOAD src/Scheduler.o
LOAD src/Serial1_Class.o
LOAD src/Serial2_Class.o
LOAD src/Seriale_1.o
LOAD src/Seriale_2.o
LOAD src/shell.o
LOAD src/Testing_HW.o
LOAD src/Weekly_Prog.o
LOAD src/ASF/common/services/serial/usart_serial.o
LOAD src/ASF/common/services/delay/sam/cycle_counter.o
LOAD src/ASF/common/services/clock/sam4n/sysclk.o
LOAD src/ASF/sam/drivers/pmc/pmc.o
LOAD src/ASF/sam/drivers/tc/tc.o
LOAD src/ASF/sam/drivers/uart/uart.o
LOAD src/ASF/sam/drivers/pmc/sleep.o
LOAD src/ASF/common/boards/user_board/init.o
LOAD src/ASF/common/utils/interrupt/interrupt_sam_nvic.o
LOAD src/ASF/sam/utils/cmsis/sam4n/source/templates/exceptions.o
LOAD src/ASF/sam/utils/cmsis/sam4n/source/templates/gcc/startup_sam4n.o
LOAD src/ASF/sam/utils/cmsis/sam4n/source/templates/system_sam4n.o
LOAD src/ASF/sam/utils/syscalls/gcc/syscalls.o
LOAD src/Clima_Func.o
LOAD src/eeprom_func.o
LOAD src/Filter_Func.o
LOAD src/HW_func.o
LOAD src/main.o
START GROUP
LOAD ../src/ASF/thirdparty/CMSIS/Lib/GCC\libarm_cortexM4l_math.a
LOAD c:/program files (x86)/atmel/studio/7.0/toolchain/arm/arm-gnu-toolchain/bin/../lib/gcc/arm-none-eabi/6.3.1/../../../../arm-none-eabi/lib/thumb/v7e-m\libm.a
END GROUP
START GROUP
LOAD c:/program files (x86)/atmel/studio/7.0/toolchain/arm/arm-gnu-toolchain/bin/../lib/gcc/arm-none-eabi/6.3.1/thumb/v7e-m\libgcc.a
LOAD c:/program files (x86)/atmel/studio/7.0/toolchain/arm/arm-gnu-toolchain/bin/../lib/gcc/arm-none-eabi/6.3.1/../../../../arm-none-eabi/lib/thumb/v7e-m\libc.a
END GROUP
LOAD c:/program files (x86)/atmel/studio/7.0/toolchain/arm/arm-gnu-toolchain/bin/../lib/gcc/arm-none-eabi/6.3.1/thumb/v7e-m/crtend.o
LOAD c:/program files (x86)/atmel/studio/7.0/toolchain/arm/arm-gnu-toolchain/bin/../lib/gcc/arm-none-eabi/6.3.1/thumb/v7e-m/crtn.o
                0x00003000                __stack_size__ = DEFINED (__stack_size__)?__stack_size__:0x3000
                0x20013ffc                __ram_end__ = ((ORIGIN (ram) + LENGTH (ram)) - 0x4)

.text           0x00400000    0x13b6c
                0x00400000                . = ALIGN (0x4)
                0x00400000                _sfixed = .
 *(.vectors .vectors.*)
 .vectors       0x00400000       0xc0 src/ASF/sam/utils/cmsis/sam4n/source/templates/gcc/startup_sam4n.o
                0x00400000                exception_table
 *(.text .text.* .gnu.linkonce.t.*)
 .text          0x004000c0       0x6c c:/program files (x86)/atmel/studio/7.0/toolchain/arm/arm-gnu-toolchain/bin/../lib/gcc/arm-none-eabi/6.3.1/thumb/v7e-m/crtbegin.o
 .text.DigitAccessoryOperating
                0x0040012c       0x24 src/Accessory.o
                0x0040012c                DigitAccessoryOperating
 .text.DigitAccessoryOn
                0x00400150       0x24 src/Accessory.o
                0x00400150                DigitAccessoryOn
 .text.AccessoryPresent_EepList
                0x00400174       0x28 src/Accessory.o
                0x00400174                AccessoryPresent_EepList
 .text.TAG_DigitAccessoryOn
                0x0040019c       0x3c src/Accessory.o
                0x0040019c                TAG_DigitAccessoryOn
 .text.TAG_DigitAccessoryOff
                0x004001d8       0x3c src/Accessory.o
                0x004001d8                TAG_DigitAccessoryOff
 .text.TAG_DigitAccessoryOperating
                0x00400214       0x1c src/Accessory.o
                0x00400214                TAG_DigitAccessoryOperating
 .text.TAG_DigitAccessoryNotOperating
                0x00400230       0x1c src/Accessory.o
                0x00400230                TAG_DigitAccessoryNotOperating
 .text.located_pos_AccessoyToEep
                0x0040024c      0x146 src/Accessory.o
                0x0040024c                located_pos_AccessoyToEep
 *fill*         0x00400392        0x2 
 .text.InsertDigitAccessory
                0x00400394       0xa4 src/Accessory.o
                0x00400394                InsertDigitAccessory
 .text.RemoveDigitAccessory
                0x00400438      0x108 src/Accessory.o
                0x00400438                RemoveDigitAccessory
 .text.read_Access_clima
                0x00400540      0x184 src/Accessory.o
                0x00400540                read_Access_clima
 .text.read_Access_Dxd
                0x004006c4       0xd8 src/Accessory.o
                0x004006c4                read_Access_Dxd
 .text.write_func_compressor_Dxd
                0x0040079c       0x74 src/Accessory.o
                0x0040079c                write_func_compressor_Dxd
 .text.write_regulate_Dxd
                0x00400810       0x84 src/Accessory.o
                0x00400810                write_regulate_Dxd
 .text.read_DSC
                0x00400894       0xd8 src/Accessory.o
                0x00400894                read_DSC
 .text.read_Sensor_Air
                0x0040096c      0x2e4 src/Accessory.o
                0x0040096c                read_Sensor_Air
 .text.read_Sensor_Pressure
                0x00400c50       0x84 src/Accessory.o
                0x00400c50                read_Sensor_Pressure
 .text.probeQAirActive
                0x00400cd4       0x84 src/Accessory.o
                0x00400cd4                probeQAirActive
 .text.calcola_portata
                0x00400d58      0x190 src/Accessory.o
                0x00400d58                calcola_portata
 .text.read_ext_Sensor
                0x00400ee8      0x130 src/Accessory.o
                0x00400ee8                read_ext_Sensor
 .text.pollingDigitAccessory
                0x00401018      0x8f0 src/Accessory.o
                0x00401018                pollingDigitAccessory
 .text.read_probeTemp
                0x00401908       0xbc src/ADC.o
                0x00401908                read_probeTemp
 .text.read_analogInput
                0x004019c4      0x2ac src/ADC.o
                0x004019c4                read_analogInput
 .text.intercepts_messages_serial_1
                0x00401c70      0xa38 src/Admin_Messages.o
                0x00401c70                intercepts_messages_serial_1
 .text.update_EB_RemoteCTRL
                0x004026a8       0x40 src/Admin_Messages.o
                0x004026a8                update_EB_RemoteCTRL
 .text.intercepts_messages_serial_2
                0x004026e8      0x448 src/Admin_Messages.o
                0x004026e8                intercepts_messages_serial_2
 .text.processes_messages
                0x00402b30       0x3c src/Admin_Messages.o
                0x00402b30                processes_messages
 .text.polling_CTRL_FAN
                0x00402b6c      0x1dc src/Admin_Messages.o
                0x00402b6c                polling_CTRL_FAN
 .text.polling_ModBus
                0x00402d48      0x748 src/Admin_Messages.o
                0x00402d48                polling_ModBus
 .text.polling_serial_2
                0x00403490       0x78 src/Admin_Messages.o
                0x00403490                polling_serial_2
 .text.InitAlarm
                0x00403508       0x2c src/Alarm.o
                0x00403508                InitAlarm
 .text.CkAlarm  0x00403534       0x20 src/Alarm.o
                0x00403534                CkAlarm
 .text.InsertAlarm
                0x00403554       0x20 src/Alarm.o
                0x00403554                InsertAlarm
 .text.InsertDelayAlarm
                0x00403574       0x38 src/Alarm.o
                0x00403574                InsertDelayAlarm
 .text.RemoveAlarm
                0x004035ac       0x40 src/Alarm.o
                0x004035ac                RemoveAlarm
 .text.adc_get_config_defaults
                0x004035ec       0x28 src/ASF/sam/drivers/adc/adc2.o
                0x004035ec                adc_get_config_defaults
 .text.adc_set_resolution
                0x00403614       0x2c src/ASF/sam/drivers/adc/adc2.o
                0x00403614                adc_set_resolution
 .text.adc_init
                0x00403640       0x88 src/ASF/sam/drivers/adc/adc2.o
                0x00403640                adc_init
 .text.ADC_Handler
                0x004036c8       0x40 src/ASF/sam/drivers/adc/adc2.o
                0x004036c8                ADC_Handler
 .text.adc_enable
                0x00403708       0x58 src/ASF/sam/drivers/adc/adc2.o
                0x00403708                adc_enable
 .text.pdc_rx_init
                0x00403760       0x18 src/ASF/sam/drivers/pdc/pdc.o
                0x00403760                pdc_rx_init
 .text.pdc_enable_transfer
                0x00403778        0xc src/ASF/sam/drivers/pdc/pdc.o
                0x00403778                pdc_enable_transfer
 .text.pdc_read_rx_counter
                0x00403784        0x4 src/ASF/sam/drivers/pdc/pdc.o
                0x00403784                pdc_read_rx_counter
 .text.twi_set_speed
                0x00403788       0xb8 src/ASF/sam/drivers/twi/twi.o
                0x00403788                twi_set_speed
 .text.twi_master_init
                0x00403840       0x40 src/ASF/sam/drivers/twi/twi.o
                0x00403840                twi_master_init
 .text.twi_mk_addr
                0x00403880       0x22 src/ASF/sam/drivers/twi/twi.o
                0x00403880                twi_mk_addr
 *fill*         0x004038a2        0x2 
 .text.twi_master_read
                0x004038a4       0xe0 src/ASF/sam/drivers/twi/twi.o
                0x004038a4                twi_master_read
 .text.twi_master_write
                0x00403984       0xbc src/ASF/sam/drivers/twi/twi.o
                0x00403984                twi_master_write
 .text.usart_write
                0x00403a40       0x14 src/ASF/sam/drivers/usart/usart.o
                0x00403a40                usart_write
 .text.wdt_get_timeout_value
                0x00403a54       0x2c src/ASF/sam/drivers/wdt/wdt.o
                0x00403a54                wdt_get_timeout_value
 .text.wdt_disable
                0x00403a80        0x8 src/ASF/sam/drivers/wdt/wdt.o
                0x00403a80                wdt_disable
 .text.wdt_restart
                0x00403a88       0x14 src/ASF/sam/drivers/wdt/wdt.o
                0x00403a88                wdt_restart
 .text.wdt_get_us_timeout_period
                0x00403a9c       0x18 src/ASF/sam/drivers/wdt/wdt.o
                0x00403a9c                wdt_get_us_timeout_period
 .text._set_SDA
                0x00403ab4       0x10 src/MASTER_I2C.o
                0x00403ab4                _set_SDA
 .text._set_SCL
                0x00403ac4       0x10 src/MASTER_I2C.o
                0x00403ac4                _set_SCL
 .text.I2C_freeBus
                0x00403ad4       0x14 src/MASTER_I2C.o
                0x00403ad4                I2C_freeBus
 .text._clear_SDA
                0x00403ae8       0x14 src/MASTER_I2C.o
                0x00403ae8                _clear_SDA
 .text._clear_SCL
                0x00403afc       0x14 src/MASTER_I2C.o
                0x00403afc                _clear_SCL
 .text._read_SDA
                0x00403b10       0x14 src/MASTER_I2C.o
                0x00403b10                _read_SDA
 .text.I2C_sendStart
                0x00403b24       0x30 src/MASTER_I2C.o
                0x00403b24                I2C_sendStart
 .text.I2C_sendStop
                0x00403b54       0x3c src/MASTER_I2C.o
                0x00403b54                I2C_sendStop
 .text.I2C_sendAck
                0x00403b90       0x40 src/MASTER_I2C.o
                0x00403b90                I2C_sendAck
 .text.I2C_sendNak
                0x00403bd0       0x38 src/MASTER_I2C.o
                0x00403bd0                I2C_sendNak
 .text.I2C_checkAck
                0x00403c08       0x78 src/MASTER_I2C.o
                0x00403c08                I2C_checkAck
 .text.I2C_sendData
                0x00403c80       0x5c src/MASTER_I2C.o
                0x00403c80                I2C_sendData
 .text.WriteSlave
                0x00403cdc       0x98 src/MASTER_I2C.o
                0x00403cdc                WriteSlave
 .text.I2C_readData
                0x00403d74       0x98 src/MASTER_I2C.o
                0x00403d74                I2C_readData
 .text.ReadSlave
                0x00403e0c      0x120 src/MASTER_I2C.o
                0x00403e0c                ReadSlave
 .text.coeff_sbil
                0x00403f2c       0xc4 src/motor_speed.o
                0x00403f2c                coeff_sbil
 .text.deFrostFunc
                0x00403ff0      0x34c src/motor_speed.o
                0x00403ff0                deFrostFunc
 *fill*         0x0040433c        0x4 
 .text.calcDepot
                0x00404340       0x54 src/motor_speed.o
                0x00404340                calcDepot
 .text.ctrl_comand_inputs
                0x00404394      0x40c src/motor_speed.o
                0x00404394                ctrl_comand_inputs
 .text.switchesToStandby
                0x004047a0      0x170 src/motor_speed.o
                0x004047a0                switchesToStandby
 .text.GetMaxAirFlow
                0x00404910       0x94 src/motor_speed.o
                0x00404910                GetMaxAirFlow
 *fill*         0x004049a4        0x4 
 .text.CalcQW_by_PW
                0x004049a8      0x110 src/motor_speed.o
                0x004049a8                CalcQW_by_PW
 .text.Func_Pressure_Const_R
                0x00404ab8      0x248 src/motor_speed.o
                0x00404ab8                Func_Pressure_Const_R
 .text.Func_Pressure_Const_F
                0x00404d00      0x248 src/motor_speed.o
                0x00404d00                Func_Pressure_Const_F
 .text.Func_AirFlow_Const
                0x00404f48      0x344 src/motor_speed.o
                0x00404f48                Func_AirFlow_Const
 *fill*         0x0040528c        0x4 
 .text.Func_SpeedFan_Const
                0x00405290       0x48 src/motor_speed.o
                0x00405290                Func_SpeedFan_Const
 .text.motor_speed
                0x004052d8      0xa24 src/motor_speed.o
                0x004052d8                motor_speed
 .text.init_scheduler
                0x00405cfc       0x28 src/Scheduler.o
                0x00405cfc                init_scheduler
 .text.Scheduler_Timer_Callback
                0x00405d24       0x28 src/Scheduler.o
                0x00405d24                Scheduler_Timer_Callback
 .text.insert_function_scheduler
                0x00405d4c       0x3c src/Scheduler.o
                0x00405d4c                insert_function_scheduler
 .text.process_scheduler
                0x00405d88       0x38 src/Scheduler.o
                0x00405d88                process_scheduler
 .text.UART0_Handler
                0x00405dc0       0x90 src/Serial1_Class.o
                0x00405dc0                UART0_Handler
 .text.Serial_begin
                0x00405e50       0x30 src/Serial1_Class.o
                0x00405e50                Serial_begin
 .text.Serial_available
                0x00405e80       0x7c src/Serial1_Class.o
                0x00405e80                Serial_available
 .text.Serial_read
                0x00405efc       0x10 src/Serial1_Class.o
                0x00405efc                Serial_read
 .text.Serial_write
                0x00405f0c       0x28 src/Serial1_Class.o
                0x00405f0c                Serial_write
 .text.Serial_print1
                0x00405f34       0x30 src/Serial1_Class.o
                0x00405f34                Serial_print1
 .text.Serial_print
                0x00405f64       0xec src/Serial1_Class.o
                0x00405f64                Serial_print
 .text.Serial_println1
                0x00406050       0x4c src/Serial1_Class.o
                0x00406050                Serial_println1
 .text.Serial_println
                0x0040609c      0x148 src/Serial1_Class.o
                0x0040609c                Serial_println
 .text.UART2_Handler
                0x004061e4       0x90 src/Serial2_Class.o
                0x004061e4                UART2_Handler
 .text.Serial2_begin
                0x00406274       0x30 src/Serial2_Class.o
                0x00406274                Serial2_begin
 .text.Serial2_available
                0x004062a4       0x7c src/Serial2_Class.o
                0x004062a4                Serial2_available
 .text.Serial2_read
                0x00406320       0x10 src/Serial2_Class.o
                0x00406320                Serial2_read
 .text.Serial2_write
                0x00406330       0x30 src/Serial2_Class.o
                0x00406330                Serial2_write
 .text.calc_cksum_16
                0x00406360       0x20 src/Seriale_1.o
                0x00406360                calc_cksum_16
 .text.Write_Message_Ser1
                0x00406380       0x34 src/Seriale_1.o
                0x00406380                Write_Message_Ser1
 .text.Read_Message_Ser1
                0x004063b4       0xc0 src/Seriale_1.o
                0x004063b4                Read_Message_Ser1
 .text.free_serial_2
                0x00406474       0x20 src/Seriale_2.o
                0x00406474                free_serial_2
 .text.Send_Message_Ser2
                0x00406494       0x84 src/Seriale_2.o
                0x00406494                Send_Message_Ser2
 .text.Read_Message_Ser2
                0x00406518       0xc0 src/Seriale_2.o
                0x00406518                Read_Message_Ser2
 .text.Stampa_Prompt
                0x004065d8       0x20 src/shell.o
                0x004065d8                Stampa_Prompt
 .text.printPrompMenu6
                0x004065f8       0x20 src/shell.o
                0x004065f8                printPrompMenu6
 .text.wait_response_by_terminal
                0x00406618       0x84 src/shell.o
                0x00406618                wait_response_by_terminal
 .text.PrintFlashString
                0x0040669c       0x48 src/shell.o
                0x0040669c                PrintFlashString
 .text.Stampa_menu_config
                0x004066e4       0xa8 src/shell.o
                0x004066e4                Stampa_menu_config
 .text.WriteEepromDefault
                0x0040678c       0xe4 src/shell.o
                0x0040678c                WriteEepromDefault
 .text.PrintSN  0x00406870       0x60 src/shell.o
                0x00406870                PrintSN
 .text.PrintPositionNTC
                0x004068d0       0x58 src/shell.o
                0x004068d0                PrintPositionNTC
 .text.read_cfg_data
                0x00406928      0x28c src/shell.o
                0x00406928                read_cfg_data
 .text.Set_SerialNumb
                0x00406bb4      0x170 src/shell.o
                0x00406bb4                Set_SerialNumb
 .text.Set_dataMotors
                0x00406d24      0x3e0 src/shell.o
                0x00406d24                Set_dataMotors
 .text.SettingNTC
                0x00407104      0x174 src/shell.o
                0x00407104                SettingNTC
 .text.readWeeklyProg
                0x00407278      0x140 src/shell.o
                0x00407278                readWeeklyProg
 .text.PrintMenuManTesting
                0x004073b8       0x68 src/shell.o
                0x004073b8                PrintMenuManTesting
 .text.manualTesting
                0x00407420      0x124 src/shell.o
                0x00407420                manualTesting
 .text.CRC_16   0x00407544       0x4a src/shell.o
                0x00407544                CRC_16
 *fill*         0x0040758e        0x2 
 .text.writeConfigUnit
                0x00407590      0x2c4 src/shell.o
                0x00407590                writeConfigUnit
 .text.shell_config_menu
                0x00407854      0x3f0 src/shell.o
                0x00407854                shell_config_menu
 .text.print_result_test
                0x00407c44       0x64 src/Testing_HW.o
                0x00407c44                print_result_test
 .text.test_bypass
                0x00407ca8      0x284 src/Testing_HW.o
                0x00407ca8                test_bypass
 .text.test_IO  0x00407f2c      0x240 src/Testing_HW.o
                0x00407f2c                test_IO
 .text.testSleepMode
                0x0040816c      0x188 src/Testing_HW.o
                0x0040816c                testSleepMode
 .text.testMotors
                0x004082f4      0x42c src/Testing_HW.o
                0x004082f4                testMotors
 .text.testUart1
                0x00408720      0x224 src/Testing_HW.o
                0x00408720                testUart1
 .text.print_bit_I2C
                0x00408944      0x118 src/Testing_HW.o
                0x00408944                print_bit_I2C
 .text.testI2C  0x00408a5c      0x268 src/Testing_HW.o
                0x00408a5c                testI2C
 .text.IPEHD_test
                0x00408cc4       0x90 src/Testing_HW.o
                0x00408cc4                IPEHD_test
 .text.weekly_program
                0x00408d54      0x1e0 src/Weekly_Prog.o
                0x00408d54                weekly_program
 .text.usart_serial_write_packet
                0x00408f34       0xc0 src/ASF/common/services/serial/usart_serial.o
                0x00408f34                usart_serial_write_packet
 .text.sysclk_init
                0x00408ff4       0x64 src/ASF/common/services/clock/sam4n/sysclk.o
                0x00408ff4                sysclk_init
 .text.pmc_switch_mck_to_pllack
                0x00409058       0x64 src/ASF/sam/drivers/pmc/pmc.o
                0x00409058                pmc_switch_mck_to_pllack
 .text.pmc_switch_sclk_to_32kxtal
                0x004090bc       0x24 src/ASF/sam/drivers/pmc/pmc.o
                0x004090bc                pmc_switch_sclk_to_32kxtal
 .text.pmc_osc_is_ready_32kxtal
                0x004090e0       0x20 src/ASF/sam/drivers/pmc/pmc.o
                0x004090e0                pmc_osc_is_ready_32kxtal
 .text.pmc_switch_mainck_to_xtal
                0x00409100       0x54 src/ASF/sam/drivers/pmc/pmc.o
                0x00409100                pmc_switch_mainck_to_xtal
 .text.pmc_osc_is_ready_mainck
                0x00409154       0x10 src/ASF/sam/drivers/pmc/pmc.o
                0x00409154                pmc_osc_is_ready_mainck
 .text.pmc_disable_pllack
                0x00409164       0x10 src/ASF/sam/drivers/pmc/pmc.o
                0x00409164                pmc_disable_pllack
 .text.pmc_is_locked_pllack
                0x00409174       0x10 src/ASF/sam/drivers/pmc/pmc.o
                0x00409174                pmc_is_locked_pllack
 .text.pmc_enable_periph_clk
                0x00409184       0x2c src/ASF/sam/drivers/pmc/pmc.o
                0x00409184                pmc_enable_periph_clk
 .text.tc_init  0x004091b0       0x18 src/ASF/sam/drivers/tc/tc.o
                0x004091b0                tc_init
 .text.tc_start
                0x004091c8        0x8 src/ASF/sam/drivers/tc/tc.o
                0x004091c8                tc_start
 .text.tc_stop  0x004091d0        0x8 src/ASF/sam/drivers/tc/tc.o
                0x004091d0                tc_stop
 .text.tc_write_rc
                0x004091d8        0x8 src/ASF/sam/drivers/tc/tc.o
                0x004091d8                tc_write_rc
 .text.tc_enable_interrupt
                0x004091e0        0x8 src/ASF/sam/drivers/tc/tc.o
                0x004091e0                tc_enable_interrupt
 .text.tc_disable_interrupt
                0x004091e8        0x8 src/ASF/sam/drivers/tc/tc.o
                0x004091e8                tc_disable_interrupt
 .text.tc_get_status
                0x004091f0        0x8 src/ASF/sam/drivers/tc/tc.o
                0x004091f0                tc_get_status
 .text.uart_init
                0x004091f8       0x36 src/ASF/sam/drivers/uart/uart.o
                0x004091f8                uart_init
 .text.uart_get_status
                0x0040922e        0x4 src/ASF/sam/drivers/uart/uart.o
                0x0040922e                uart_get_status
 .text.uart_reset_status
                0x00409232        0x8 src/ASF/sam/drivers/uart/uart.o
                0x00409232                uart_reset_status
 .text.uart_is_tx_empty
                0x0040923a        0x8 src/ASF/sam/drivers/uart/uart.o
                0x0040923a                uart_is_tx_empty
 .text.uart_write
                0x00409242       0x10 src/ASF/sam/drivers/uart/uart.o
                0x00409242                uart_write
 *fill*         0x00409252        0x2 
 .text.uart_get_pdc_base
                0x00409254       0x2c src/ASF/sam/drivers/uart/uart.o
                0x00409254                uart_get_pdc_base
 .text.board_init
                0x00409280      0x1bc src/ASF/common/boards/user_board/init.o
                0x00409280                board_init
 .text.Dummy_Handler
                0x0040943c        0x2 src/ASF/sam/utils/cmsis/sam4n/source/templates/exceptions.o
                0x0040943c                DACC_Handler
                0x0040943c                DebugMon_Handler
                0x0040943c                UART3_Handler
                0x0040943c                HardFault_Handler
                0x0040943c                TC2_Handler
                0x0040943c                SPI_Handler
                0x0040943c                TWI1_Handler
                0x0040943c                PendSV_Handler
                0x0040943c                NMI_Handler
                0x0040943c                USART0_Handler
                0x0040943c                RTT_Handler
                0x0040943c                PIOB_Handler
                0x0040943c                RTC_Handler
                0x0040943c                UsageFault_Handler
                0x0040943c                TC1_Handler
                0x0040943c                UART1_Handler
                0x0040943c                Dummy_Handler
                0x0040943c                TWI0_Handler
                0x0040943c                TWI2_Handler
                0x0040943c                USART1_Handler
                0x0040943c                PIOA_Handler
                0x0040943c                PMC_Handler
                0x0040943c                PWM_Handler
                0x0040943c                MemManage_Handler
                0x0040943c                SUPC_Handler
                0x0040943c                SVC_Handler
                0x0040943c                EFC_Handler
                0x0040943c                BusFault_Handler
                0x0040943c                RSTC_Handler
 *fill*         0x0040943e        0x2 
 .text.Reset_Handler
                0x00409440       0x84 src/ASF/sam/utils/cmsis/sam4n/source/templates/gcc/startup_sam4n.o
                0x00409440                Reset_Handler
 .text.SystemCoreClockUpdate
                0x004094c4      0x10c src/ASF/sam/utils/cmsis/sam4n/source/templates/system_sam4n.o
                0x004094c4                SystemCoreClockUpdate
 .text.system_init_flash
                0x004095d0       0x60 src/ASF/sam/utils/cmsis/sam4n/source/templates/system_sam4n.o
                0x004095d0                system_init_flash
 .text._sbrk    0x00409630       0x38 src/ASF/sam/utils/syscalls/gcc/syscalls.o
                0x00409630                _sbrk
 .text.managementBypass
                0x00409668      0x314 src/Clima_Func.o
                0x00409668                managementBypass
 .text.TemperatureRegulate
                0x0040997c      0x82c src/Clima_Func.o
                0x0040997c                TemperatureRegulate
 .text.CkUpdate_EepromToShadow
                0x0040a1a8       0x54 src/eeprom_func.o
                0x0040a1a8                CkUpdate_EepromToShadow
 .text.write_byte_eeprom
                0x0040a1fc       0x18 src/eeprom_func.o
                0x0040a1fc                write_byte_eeprom
 .text.write_word_eeprom
                0x0040a214       0x24 src/eeprom_func.o
                0x0040a214                write_word_eeprom
 .text.write_Dword_eeprom
                0x0040a238       0x34 src/eeprom_func.o
                0x0040a238                write_Dword_eeprom
 .text.read_byte_eeprom
                0x0040a26c        0xc src/eeprom_func.o
                0x0040a26c                read_byte_eeprom
 .text.read_word_eeprom
                0x0040a278       0x18 src/eeprom_func.o
                0x0040a278                read_word_eeprom
 .text.read_Dword_eeprom
                0x0040a290       0x28 src/eeprom_func.o
                0x0040a290                read_Dword_eeprom
 .text.upgrade_type_func
                0x0040a2b8       0x24 src/eeprom_func.o
                0x0040a2b8                upgrade_type_func
 .text.check_control_speed_func
                0x0040a2dc      0x134 src/eeprom_func.o
                0x0040a2dc                check_control_speed_func
 .text.check_control_speed_func1
                0x0040a410       0xa4 src/eeprom_func.o
                0x0040a410                check_control_speed_func1
 .text.ctrl_eeprom
                0x0040a4b4      0x338 src/eeprom_func.o
                0x0040a4b4                ctrl_eeprom
 .text.ctrl_validity_values
                0x0040a7ec      0x238 src/eeprom_func.o
                0x0040a7ec                ctrl_validity_values
 .text.ctrl_lim_histTemp
                0x0040aa24      0x198 src/eeprom_func.o
                0x0040aa24                ctrl_lim_histTemp
 .text.update_data_eeprom
                0x0040abbc      0x124 src/eeprom_func.o
                0x0040abbc                update_data_eeprom
 .text.check_clogged_filter
                0x0040ace0      0x140 src/Filter_Func.o
                0x0040ace0                check_clogged_filter
 .text.verifica_clogged_filter
                0x0040ae20      0x2e4 src/Filter_Func.o
                0x0040ae20                verifica_clogged_filter
 .text.calibrazione_clogged_filter
                0x0040b104      0x1cc src/Filter_Func.o
                0x0040b104                calibrazione_clogged_filter
 .text.operatingHoursCounter
                0x0040b2d0       0xfc src/Filter_Func.o
                0x0040b2d0                operatingHoursCounter
 .text.BuzzerFunc
                0x0040b3cc       0x48 src/HW_func.o
                0x0040b3cc                BuzzerFunc
 .text.startMotorBPD
                0x0040b414       0x5c src/HW_func.o
                0x0040b414                startMotorBPD
 .text.PowerMode
                0x0040b470       0x2c src/HW_func.o
                0x0040b470                PowerMode
 .text.TC0_Handler
                0x0040b49c      0x288 src/HW_func.o
                0x0040b49c                TC0_Handler
 .text.ActiveBuzzer
                0x0040b724       0x58 src/HW_func.o
                0x0040b724                ActiveBuzzer
 .text.Active_Procedure_Bypass_OpCl
                0x0040b77c      0x13c src/HW_func.o
                0x0040b77c                Active_Procedure_Bypass_OpCl
 .text.Ctrl_FunzionamentoBPD
                0x0040b8b8      0x120 src/HW_func.o
                0x0040b8b8                Ctrl_FunzionamentoBPD
 .text.Test_Connect_KTS
                0x0040b9d8      0x150 src/HW_func.o
                0x0040b9d8                Test_Connect_KTS
 .text.Gestione_Relays
                0x0040bb28      0x2b4 src/HW_func.o
                0x0040bb28                Gestione_Relays
 .text.Check_SerialNumber
                0x0040bddc       0xd8 src/HW_func.o
                0x0040bddc                Check_SerialNumber
 .text.calc_size_unit
                0x0040beb4       0x3c src/main.o
                0x0040beb4                calc_size_unit
 .text.SysTick_Handler
                0x0040bef0       0xc4 src/main.o
                0x0040bef0                SysTick_Handler
 .text.millis   0x0040bfb4        0xc src/main.o
                0x0040bfb4                millis
 .text.constrain
                0x0040bfc0       0x10 src/main.o
                0x0040bfc0                constrain
 .text.eep_read_byte
                0x0040bfd0       0x34 src/main.o
                0x0040bfd0                eep_read_byte
 .text.eep_write_byte
                0x0040c004       0x38 src/main.o
                0x0040c004                eep_write_byte
 .text.init_sdata
                0x0040c03c      0x1cc src/main.o
                0x0040c03c                init_sdata
 .text.Setup    0x0040c208      0x144 src/main.o
                0x0040c208                Setup
 .text.ADC121C027_IC7_Initialize
                0x0040c34c       0x3c src/main.o
                0x0040c34c                ADC121C027_IC7_Initialize
 .text.main     0x0040c388      0x1fc src/main.o
                0x0040c388                main
 .text.ADC121C027_IC7_Read
                0x0040c584       0x54 src/main.o
                0x0040c584                ADC121C027_IC7_Read
 .text.analogRead
                0x0040c5d8      0x108 src/main.o
                0x0040c5d8                analogRead
 .text.WDT_Handler
                0x0040c6e0        0x2 src/main.o
                0x0040c6e0                WDT_Handler
 *fill*         0x0040c6e2        0x2 
 .text.log      0x0040c6e4       0xf8 c:/program files (x86)/atmel/studio/7.0/toolchain/arm/arm-gnu-toolchain/bin/../lib/gcc/arm-none-eabi/6.3.1/../../../../arm-none-eabi/lib/thumb/v7e-m\libm.a(lib_a-w_log.o)
                0x0040c6e4                log
 *fill*         0x0040c7dc        0x4 
 .text.__ieee754_log
                0x0040c7e0      0x3e8 c:/program files (x86)/atmel/studio/7.0/toolchain/arm/arm-gnu-toolchain/bin/../lib/gcc/arm-none-eabi/6.3.1/../../../../arm-none-eabi/lib/thumb/v7e-m\libm.a(lib_a-e_log.o)
                0x0040c7e0                __ieee754_log
 .text.matherr  0x0040cbc8        0x4 c:/program files (x86)/atmel/studio/7.0/toolchain/arm/arm-gnu-toolchain/bin/../lib/gcc/arm-none-eabi/6.3.1/../../../../arm-none-eabi/lib/thumb/v7e-m\libm.a(lib_a-s_matherr.o)
                0x0040cbc8                matherr
 .text.nan      0x0040cbcc        0xc c:/program files (x86)/atmel/studio/7.0/toolchain/arm/arm-gnu-toolchain/bin/../lib/gcc/arm-none-eabi/6.3.1/../../../../arm-none-eabi/lib/thumb/v7e-m\libm.a(lib_a-s_nan.o)
                0x0040cbcc                nan
 .text          0x0040cbd8      0x370 c:/program files (x86)/atmel/studio/7.0/toolchain/arm/arm-gnu-toolchain/bin/../lib/gcc/arm-none-eabi/6.3.1/thumb/v7e-m\libgcc.a(_arm_addsubdf3.o)
                0x0040cbd8                __aeabi_drsub
                0x0040cbe0                __aeabi_dsub
                0x0040cbe0                __subdf3
                0x0040cbe4                __aeabi_dadd
                0x0040cbe4                __adddf3
                0x0040ce5c                __floatunsidf
                0x0040ce5c                __aeabi_ui2d
                0x0040ce7c                __floatsidf
                0x0040ce7c                __aeabi_i2d
                0x0040cea0                __aeabi_f2d
                0x0040cea0                __extendsfdf2
                0x0040cedc                __floatundidf
                0x0040cedc                __aeabi_ul2d
                0x0040ceec                __floatdidf
                0x0040ceec                __aeabi_l2d
 .text          0x0040cf48      0x424 c:/program files (x86)/atmel/studio/7.0/toolchain/arm/arm-gnu-toolchain/bin/../lib/gcc/arm-none-eabi/6.3.1/thumb/v7e-m\libgcc.a(_arm_muldivdf3.o)
                0x0040cf48                __aeabi_dmul
                0x0040cf48                __muldf3
                0x0040d19c                __divdf3
                0x0040d19c                __aeabi_ddiv
 .text          0x0040d36c      0x110 c:/program files (x86)/atmel/studio/7.0/toolchain/arm/arm-gnu-toolchain/bin/../lib/gcc/arm-none-eabi/6.3.1/thumb/v7e-m\libgcc.a(_arm_cmpdf2.o)
                0x0040d36c                __gtdf2
                0x0040d36c                __gedf2
                0x0040d374                __ltdf2
                0x0040d374                __ledf2
                0x0040d37c                __nedf2
                0x0040d37c                __eqdf2
                0x0040d37c                __cmpdf2
                0x0040d3f8                __aeabi_cdrcmple
                0x0040d408                __aeabi_cdcmpeq
                0x0040d408                __aeabi_cdcmple
                0x0040d418                __aeabi_dcmpeq
                0x0040d42c                __aeabi_dcmplt
                0x0040d440                __aeabi_dcmple
                0x0040d454                __aeabi_dcmpge
                0x0040d468                __aeabi_dcmpgt
 .text          0x0040d47c       0x2c c:/program files (x86)/atmel/studio/7.0/toolchain/arm/arm-gnu-toolchain/bin/../lib/gcc/arm-none-eabi/6.3.1/thumb/v7e-m\libgcc.a(_arm_unorddf2.o)
                0x0040d47c                __unorddf2
                0x0040d47c                __aeabi_dcmpun
 .text          0x0040d4a8       0x50 c:/program files (x86)/atmel/studio/7.0/toolchain/arm/arm-gnu-toolchain/bin/../lib/gcc/arm-none-eabi/6.3.1/thumb/v7e-m\libgcc.a(_arm_fixdfsi.o)
                0x0040d4a8                __aeabi_d2iz
                0x0040d4a8                __fixdfsi
 .text          0x0040d4f8       0x40 c:/program files (x86)/atmel/studio/7.0/toolchain/arm/arm-gnu-toolchain/bin/../lib/gcc/arm-none-eabi/6.3.1/thumb/v7e-m\libgcc.a(_arm_fixunsdfsi.o)
                0x0040d4f8                __aeabi_d2uiz
                0x0040d4f8                __fixunsdfsi
 .text          0x0040d538       0xa0 c:/program files (x86)/atmel/studio/7.0/toolchain/arm/arm-gnu-toolchain/bin/../lib/gcc/arm-none-eabi/6.3.1/thumb/v7e-m\libgcc.a(_arm_truncdfsf2.o)
                0x0040d538                __truncdfsf2
                0x0040d538                __aeabi_d2f
 .text          0x0040d5d8      0x21c c:/program files (x86)/atmel/studio/7.0/toolchain/arm/arm-gnu-toolchain/bin/../lib/gcc/arm-none-eabi/6.3.1/thumb/v7e-m\libgcc.a(_arm_addsubsf3.o)
                0x0040d5d8                __aeabi_frsub
                0x0040d5e0                __subsf3
                0x0040d5e0                __aeabi_fsub
                0x0040d5e4                __aeabi_fadd
                0x0040d5e4                __addsf3
                0x0040d744                __aeabi_ui2f
                0x0040d744                __floatunsisf
                0x0040d74c                __aeabi_i2f
                0x0040d74c                __floatsisf
                0x0040d768                __aeabi_ul2f
                0x0040d768                __floatundisf
                0x0040d778                __aeabi_l2f
                0x0040d778                __floatdisf
 .text          0x0040d7f4      0x2a0 c:/program files (x86)/atmel/studio/7.0/toolchain/arm/arm-gnu-toolchain/bin/../lib/gcc/arm-none-eabi/6.3.1/thumb/v7e-m\libgcc.a(_arm_muldivsf3.o)
                0x0040d7f4                __mulsf3
                0x0040d7f4                __aeabi_fmul
                0x0040d95c                __aeabi_fdiv
                0x0040d95c                __divsf3
 .text          0x0040da94       0xec c:/program files (x86)/atmel/studio/7.0/toolchain/arm/arm-gnu-toolchain/bin/../lib/gcc/arm-none-eabi/6.3.1/thumb/v7e-m\libgcc.a(_arm_cmpsf2.o)
                0x0040da94                __gesf2
                0x0040da94                __gtsf2
                0x0040da9c                __lesf2
                0x0040da9c                __ltsf2
                0x0040daa4                __nesf2
                0x0040daa4                __eqsf2
                0x0040daa4                __cmpsf2
                0x0040db04                __aeabi_cfrcmple
                0x0040db0c                __aeabi_cfcmpeq
                0x0040db0c                __aeabi_cfcmple
                0x0040db1c                __aeabi_fcmpeq
                0x0040db30                __aeabi_fcmplt
                0x0040db44                __aeabi_fcmple
                0x0040db58                __aeabi_fcmpge
                0x0040db6c                __aeabi_fcmpgt
 .text          0x0040db80       0x4c c:/program files (x86)/atmel/studio/7.0/toolchain/arm/arm-gnu-toolchain/bin/../lib/gcc/arm-none-eabi/6.3.1/thumb/v7e-m\libgcc.a(_arm_fixsfsi.o)
                0x0040db80                __aeabi_f2iz
                0x0040db80                __fixsfsi
 .text          0x0040dbcc       0x40 c:/program files (x86)/atmel/studio/7.0/toolchain/arm/arm-gnu-toolchain/bin/../lib/gcc/arm-none-eabi/6.3.1/thumb/v7e-m\libgcc.a(_arm_fixunssfsi.o)
                0x0040dbcc                __fixunssfsi
                0x0040dbcc                __aeabi_f2uiz
 .text.__errno  0x0040dc0c        0xc c:/program files (x86)/atmel/studio/7.0/toolchain/arm/arm-gnu-toolchain/bin/../lib/gcc/arm-none-eabi/6.3.1/../../../../arm-none-eabi/lib/thumb/v7e-m\libc.a(lib_a-errno.o)
                0x0040dc0c                __errno
 .text.__libc_init_array
                0x0040dc18       0x50 c:/program files (x86)/atmel/studio/7.0/toolchain/arm/arm-gnu-toolchain/bin/../lib/gcc/arm-none-eabi/6.3.1/../../../../arm-none-eabi/lib/thumb/v7e-m\libc.a(lib_a-init.o)
                0x0040dc18                __libc_init_array
 .text          0x0040dc68      0x134 c:/program files (x86)/atmel/studio/7.0/toolchain/arm/arm-gnu-toolchain/bin/../lib/gcc/arm-none-eabi/6.3.1/../../../../arm-none-eabi/lib/thumb/v7e-m\libc.a(lib_a-memcpy.o)
                0x0040dc68                memcpy
 .text.memset   0x0040dd9c       0x9c c:/program files (x86)/atmel/studio/7.0/toolchain/arm/arm-gnu-toolchain/bin/../lib/gcc/arm-none-eabi/6.3.1/../../../../arm-none-eabi/lib/thumb/v7e-m\libc.a(lib_a-memset.o)
                0x0040dd9c                memset
 .text.sprintf  0x0040de38       0x4c c:/program files (x86)/atmel/studio/7.0/toolchain/arm/arm-gnu-toolchain/bin/../lib/gcc/arm-none-eabi/6.3.1/../../../../arm-none-eabi/lib/thumb/v7e-m\libc.a(lib_a-sprintf.o)
                0x0040de38                sprintf
 *fill*         0x0040de84       0x3c 
 .text          0x0040dec0       0xdc c:/program files (x86)/atmel/studio/7.0/toolchain/arm/arm-gnu-toolchain/bin/../lib/gcc/arm-none-eabi/6.3.1/../../../../arm-none-eabi/lib/thumb/v7e-m\libc.a(lib_a-strlen.o)
                0x0040dec0                strlen
 .text._svfprintf_r
                0x0040df9c     0x145c c:/program files (x86)/atmel/studio/7.0/toolchain/arm/arm-gnu-toolchain/bin/../lib/gcc/arm-none-eabi/6.3.1/../../../../arm-none-eabi/lib/thumb/v7e-m\libc.a(lib_a-svfprintf.o)
                0x0040df9c                _svfprintf_r
 .text.startup.register_fini
                0x0040f3f8       0x14 c:/program files (x86)/atmel/studio/7.0/toolchain/arm/arm-gnu-toolchain/bin/../lib/gcc/arm-none-eabi/6.3.1/../../../../arm-none-eabi/lib/thumb/v7e-m\libc.a(lib_a-__call_atexit.o)
 .text.atexit   0x0040f40c        0xc c:/program files (x86)/atmel/studio/7.0/toolchain/arm/arm-gnu-toolchain/bin/../lib/gcc/arm-none-eabi/6.3.1/../../../../arm-none-eabi/lib/thumb/v7e-m\libc.a(lib_a-atexit.o)
                0x0040f40c                atexit
 .text.quorem   0x0040f418      0x128 c:/program files (x86)/atmel/studio/7.0/toolchain/arm/arm-gnu-toolchain/bin/../lib/gcc/arm-none-eabi/6.3.1/../../../../arm-none-eabi/lib/thumb/v7e-m\libc.a(lib_a-dtoa.o)
 .text._dtoa_r  0x0040f540      0xe54 c:/program files (x86)/atmel/studio/7.0/toolchain/arm/arm-gnu-toolchain/bin/../lib/gcc/arm-none-eabi/6.3.1/../../../../arm-none-eabi/lib/thumb/v7e-m\libc.a(lib_a-dtoa.o)
                0x0040f540                _dtoa_r
 .text.__libc_fini_array
                0x00410394       0x34 c:/program files (x86)/atmel/studio/7.0/toolchain/arm/arm-gnu-toolchain/bin/../lib/gcc/arm-none-eabi/6.3.1/../../../../arm-none-eabi/lib/thumb/v7e-m\libc.a(lib_a-fini.o)
                0x00410394                __libc_fini_array
 .text._localeconv_r
                0x004103c8       0x1c c:/program files (x86)/atmel/studio/7.0/toolchain/arm/arm-gnu-toolchain/bin/../lib/gcc/arm-none-eabi/6.3.1/../../../../arm-none-eabi/lib/thumb/v7e-m\libc.a(lib_a-localeconv.o)
                0x004103c8                _localeconv_r
 .text.__retarget_lock_acquire_recursive
                0x004103e4        0x4 c:/program files (x86)/atmel/studio/7.0/toolchain/arm/arm-gnu-toolchain/bin/../lib/gcc/arm-none-eabi/6.3.1/../../../../arm-none-eabi/lib/thumb/v7e-m\libc.a(lib_a-lock.o)
                0x004103e4                __retarget_lock_acquire_recursive
 .text.__retarget_lock_release_recursive
                0x004103e8        0x4 c:/program files (x86)/atmel/studio/7.0/toolchain/arm/arm-gnu-toolchain/bin/../lib/gcc/arm-none-eabi/6.3.1/../../../../arm-none-eabi/lib/thumb/v7e-m\libc.a(lib_a-lock.o)
                0x004103e8                __retarget_lock_release_recursive
 .text._malloc_r
                0x004103ec      0x560 c:/program files (x86)/atmel/studio/7.0/toolchain/arm/arm-gnu-toolchain/bin/../lib/gcc/arm-none-eabi/6.3.1/../../../../arm-none-eabi/lib/thumb/v7e-m\libc.a(lib_a-mallocr.o)
                0x004103ec                _malloc_r
 *fill*         0x0041094c        0x4 
 .text          0x00410950       0xa0 c:/program files (x86)/atmel/studio/7.0/toolchain/arm/arm-gnu-toolchain/bin/../lib/gcc/arm-none-eabi/6.3.1/../../../../arm-none-eabi/lib/thumb/v7e-m\libc.a(lib_a-memchr.o)
                0x00410950                memchr
 .text.__malloc_lock
                0x004109f0        0xc c:/program files (x86)/atmel/studio/7.0/toolchain/arm/arm-gnu-toolchain/bin/../lib/gcc/arm-none-eabi/6.3.1/../../../../arm-none-eabi/lib/thumb/v7e-m\libc.a(lib_a-mlock.o)
                0x004109f0                __malloc_lock
 .text.__malloc_unlock
                0x004109fc        0xc c:/program files (x86)/atmel/studio/7.0/toolchain/arm/arm-gnu-toolchain/bin/../lib/gcc/arm-none-eabi/6.3.1/../../../../arm-none-eabi/lib/thumb/v7e-m\libc.a(lib_a-mlock.o)
                0x004109fc                __malloc_unlock
 .text._Balloc  0x00410a08       0x4c c:/program files (x86)/atmel/studio/7.0/toolchain/arm/arm-gnu-toolchain/bin/../lib/gcc/arm-none-eabi/6.3.1/../../../../arm-none-eabi/lib/thumb/v7e-m\libc.a(lib_a-mprec.o)
                0x00410a08                _Balloc
 .text._Bfree   0x00410a54       0x14 c:/program files (x86)/atmel/studio/7.0/toolchain/arm/arm-gnu-toolchain/bin/../lib/gcc/arm-none-eabi/6.3.1/../../../../arm-none-eabi/lib/thumb/v7e-m\libc.a(lib_a-mprec.o)
                0x00410a54                _Bfree
 .text.__multadd
                0x00410a68       0x80 c:/program files (x86)/atmel/studio/7.0/toolchain/arm/arm-gnu-toolchain/bin/../lib/gcc/arm-none-eabi/6.3.1/../../../../arm-none-eabi/lib/thumb/v7e-m\libc.a(lib_a-mprec.o)
                0x00410a68                __multadd
 .text.__hi0bits
                0x00410ae8       0x40 c:/program files (x86)/atmel/studio/7.0/toolchain/arm/arm-gnu-toolchain/bin/../lib/gcc/arm-none-eabi/6.3.1/../../../../arm-none-eabi/lib/thumb/v7e-m\libc.a(lib_a-mprec.o)
                0x00410ae8                __hi0bits
 .text.__lo0bits
                0x00410b28       0x60 c:/program files (x86)/atmel/studio/7.0/toolchain/arm/arm-gnu-toolchain/bin/../lib/gcc/arm-none-eabi/6.3.1/../../../../arm-none-eabi/lib/thumb/v7e-m\libc.a(lib_a-mprec.o)
                0x00410b28                __lo0bits
 .text.__i2b    0x00410b88       0x14 c:/program files (x86)/atmel/studio/7.0/toolchain/arm/arm-gnu-toolchain/bin/../lib/gcc/arm-none-eabi/6.3.1/../../../../arm-none-eabi/lib/thumb/v7e-m\libc.a(lib_a-mprec.o)
                0x00410b88                __i2b
 .text.__multiply
                0x00410b9c      0x124 c:/program files (x86)/atmel/studio/7.0/toolchain/arm/arm-gnu-toolchain/bin/../lib/gcc/arm-none-eabi/6.3.1/../../../../arm-none-eabi/lib/thumb/v7e-m\libc.a(lib_a-mprec.o)
                0x00410b9c                __multiply
 .text.__pow5mult
                0x00410cc0       0xa0 c:/program files (x86)/atmel/studio/7.0/toolchain/arm/arm-gnu-toolchain/bin/../lib/gcc/arm-none-eabi/6.3.1/../../../../arm-none-eabi/lib/thumb/v7e-m\libc.a(lib_a-mprec.o)
                0x00410cc0                __pow5mult
 .text.__lshift
                0x00410d60       0xa4 c:/program files (x86)/atmel/studio/7.0/toolchain/arm/arm-gnu-toolchain/bin/../lib/gcc/arm-none-eabi/6.3.1/../../../../arm-none-eabi/lib/thumb/v7e-m\libc.a(lib_a-mprec.o)
                0x00410d60                __lshift
 .text.__mcmp   0x00410e04       0x38 c:/program files (x86)/atmel/studio/7.0/toolchain/arm/arm-gnu-toolchain/bin/../lib/gcc/arm-none-eabi/6.3.1/../../../../arm-none-eabi/lib/thumb/v7e-m\libc.a(lib_a-mprec.o)
                0x00410e04                __mcmp
 .text.__mdiff  0x00410e3c      0x108 c:/program files (x86)/atmel/studio/7.0/toolchain/arm/arm-gnu-toolchain/bin/../lib/gcc/arm-none-eabi/6.3.1/../../../../arm-none-eabi/lib/thumb/v7e-m\libc.a(lib_a-mprec.o)
                0x00410e3c                __mdiff
 .text.__d2b    0x00410f44       0xb8 c:/program files (x86)/atmel/studio/7.0/toolchain/arm/arm-gnu-toolchain/bin/../lib/gcc/arm-none-eabi/6.3.1/../../../../arm-none-eabi/lib/thumb/v7e-m\libc.a(lib_a-mprec.o)
                0x00410f44                __d2b
 .text._sbrk_r  0x00410ffc       0x24 c:/program files (x86)/atmel/studio/7.0/toolchain/arm/arm-gnu-toolchain/bin/../lib/gcc/arm-none-eabi/6.3.1/../../../../arm-none-eabi/lib/thumb/v7e-m\libc.a(lib_a-sbrkr.o)
                0x00410ffc                _sbrk_r
 .text.__ssprint_r
                0x00411020       0xfc c:/program files (x86)/atmel/studio/7.0/toolchain/arm/arm-gnu-toolchain/bin/../lib/gcc/arm-none-eabi/6.3.1/../../../../arm-none-eabi/lib/thumb/v7e-m\libc.a(lib_a-svfiprintf.o)
                0x00411020                __ssprint_r
 .text.__register_exitproc
                0x0041111c       0xc4 c:/program files (x86)/atmel/studio/7.0/toolchain/arm/arm-gnu-toolchain/bin/../lib/gcc/arm-none-eabi/6.3.1/../../../../arm-none-eabi/lib/thumb/v7e-m\libc.a(lib_a-__atexit.o)
                0x0041111c                __register_exitproc
 .text._calloc_r
                0x004111e0       0x60 c:/program files (x86)/atmel/studio/7.0/toolchain/arm/arm-gnu-toolchain/bin/../lib/gcc/arm-none-eabi/6.3.1/../../../../arm-none-eabi/lib/thumb/v7e-m\libc.a(lib_a-callocr.o)
                0x004111e0                _calloc_r
 .text._malloc_trim_r
                0x00411240       0xa0 c:/program files (x86)/atmel/studio/7.0/toolchain/arm/arm-gnu-toolchain/bin/../lib/gcc/arm-none-eabi/6.3.1/../../../../arm-none-eabi/lib/thumb/v7e-m\libc.a(lib_a-freer.o)
                0x00411240                _malloc_trim_r
 .text._free_r  0x004112e0      0x1cc c:/program files (x86)/atmel/studio/7.0/toolchain/arm/arm-gnu-toolchain/bin/../lib/gcc/arm-none-eabi/6.3.1/../../../../arm-none-eabi/lib/thumb/v7e-m\libc.a(lib_a-freer.o)
                0x004112e0                _free_r
 .text.__ascii_mbtowc
                0x004114ac       0x2c c:/program files (x86)/atmel/studio/7.0/toolchain/arm/arm-gnu-toolchain/bin/../lib/gcc/arm-none-eabi/6.3.1/../../../../arm-none-eabi/lib/thumb/v7e-m\libc.a(lib_a-mbtowc_r.o)
                0x004114ac                __ascii_mbtowc
 .text.memmove  0x004114d8       0xc8 c:/program files (x86)/atmel/studio/7.0/toolchain/arm/arm-gnu-toolchain/bin/../lib/gcc/arm-none-eabi/6.3.1/../../../../arm-none-eabi/lib/thumb/v7e-m\libc.a(lib_a-memmove.o)
                0x004114d8                memmove
 .text._realloc_r
                0x004115a0      0x34c c:/program files (x86)/atmel/studio/7.0/toolchain/arm/arm-gnu-toolchain/bin/../lib/gcc/arm-none-eabi/6.3.1/../../../../arm-none-eabi/lib/thumb/v7e-m\libc.a(lib_a-reallocr.o)
                0x004115a0                _realloc_r
 .text.__ascii_wctomb
                0x004118ec       0x1c c:/program files (x86)/atmel/studio/7.0/toolchain/arm/arm-gnu-toolchain/bin/../lib/gcc/arm-none-eabi/6.3.1/../../../../arm-none-eabi/lib/thumb/v7e-m\libc.a(lib_a-wctomb_r.o)
                0x004118ec                __ascii_wctomb
 .text          0x00411908       0x30 c:/program files (x86)/atmel/studio/7.0/toolchain/arm/arm-gnu-toolchain/bin/../lib/gcc/arm-none-eabi/6.3.1/thumb/v7e-m\libgcc.a(_aeabi_uldivmod.o)
                0x00411908                __aeabi_uldivmod
 .text          0x00411938      0x2dc c:/program files (x86)/atmel/studio/7.0/toolchain/arm/arm-gnu-toolchain/bin/../lib/gcc/arm-none-eabi/6.3.1/thumb/v7e-m\libgcc.a(_udivmoddi4.o)
                0x00411938                __udivmoddi4
 .text          0x00411c14        0x4 c:/program files (x86)/atmel/studio/7.0/toolchain/arm/arm-gnu-toolchain/bin/../lib/gcc/arm-none-eabi/6.3.1/thumb/v7e-m\libgcc.a(_dvmd_tls.o)
                0x00411c14                __aeabi_idiv0
                0x00411c14                __aeabi_ldiv0
 *(.glue_7t)
 .glue_7t       0x00411c18        0x0 linker stubs
 *(.glue_7)
 .glue_7        0x00411c18        0x0 linker stubs
 *(.rodata .rodata* .gnu.linkonce.r.*)
 .rodata.adc_interrupt_mask
                0x00411c18       0x60 src/ASF/sam/drivers/adc/adc2.o
                0x00411c18                adc_interrupt_mask
 .rodata.gKVolts
                0x00411c78      0x7a0 src/motor_speed.o
                0x00411c78                gKVolts
 .rodata.motor_speed.str1.4
                0x00412418       0x15 src/motor_speed.o
 *fill*         0x0041242d        0x3 
 .rodata.qmax_rpm
                0x00412430       0xf4 src/motor_speed.o
                0x00412430                qmax_rpm
 .rodata.str1.4
                0x00412524       0x1d src/motor_speed.o
 *fill*         0x00412541        0x3 
 .rodata.Serial_print.str1.4
                0x00412544       0x11 src/Serial1_Class.o
 *fill*         0x00412555        0x3 
 .rodata.Serial_println1.str1.4
                0x00412558        0x3 src/Serial1_Class.o
 *fill*         0x0041255b        0x1 
 .rodata.PrintPositionNTC.str1.4
                0x0041255c       0x1e src/shell.o
 *fill*         0x0041257a        0x2 
 .rodata.Set_dataMotors.str1.4
                0x0041257c      0x113 src/shell.o
 *fill*         0x0041268f        0x1 
 .rodata.SettingNTC.str1.4
                0x00412690       0x25 src/shell.o
 *fill*         0x004126b5        0x3 
 .rodata.Stampa_Prompt.str1.4
                0x004126b8       0x23 src/shell.o
 *fill*         0x004126db        0x1 
 .rodata.WriteEepromDefault.str1.4
                0x004126dc       0x13 src/shell.o
                                 0x17 (size before relaxing)
 *fill*         0x004126ef        0x1 
 .rodata.manualTesting.str1.4
                0x004126f0       0x23 src/shell.o
 *fill*         0x00412713        0x1 
 .rodata.printPrompMenu6.str1.4
                0x00412714       0x19 src/shell.o
 *fill*         0x0041272d        0x3 
 .rodata.readWeeklyProg.str1.4
                0x00412730       0x61 src/shell.o
 *fill*         0x00412791        0x3 
 .rodata.read_cfg_data.str1.4
                0x00412794       0x89 src/shell.o
 *fill*         0x0041281d        0x3 
 .rodata.shell_config_menu.str1.4
                0x00412820       0x7e src/shell.o
 *fill*         0x0041289e        0x2 
 .rodata.str_0_Row_MainMenu
                0x004128a0       0x24 src/shell.o
                0x004128a0                str_0_Row_MainMenu
 .rodata.str_1_Row_MainMenu
                0x004128c4       0x1b src/shell.o
                0x004128c4                str_1_Row_MainMenu
 *fill*         0x004128df        0x1 
 .rodata.str_2_Row_MainMenu
                0x004128e0       0x1d src/shell.o
                0x004128e0                str_2_Row_MainMenu
 *fill*         0x004128fd        0x3 
 .rodata.str_3_Row_MainMenu
                0x00412900       0x1a src/shell.o
                0x00412900                str_3_Row_MainMenu
 *fill*         0x0041291a        0x2 
 .rodata.str_4_Row_MainMenu
                0x0041291c       0x1f src/shell.o
                0x0041291c                str_4_Row_MainMenu
 *fill*         0x0041293b        0x1 
 .rodata.str_5_Row_MainMenu
                0x0041293c       0x12 src/shell.o
                0x0041293c                str_5_Row_MainMenu
 *fill*         0x0041294e        0x2 
 .rodata.str_6_Row_MainMenu
                0x00412950       0x22 src/shell.o
                0x00412950                str_6_Row_MainMenu
 *fill*         0x00412972        0x2 
 .rodata.str_7_Row_MainMenu
                0x00412974       0x1c src/shell.o
                0x00412974                str_7_Row_MainMenu
 .rodata.str_8_Row_MainMenu
                0x00412990       0x1a src/shell.o
                0x00412990                str_8_Row_MainMenu
 *fill*         0x004129aa        0x2 
 .rodata.str_9_Row_MainMenu
                0x004129ac       0x21 src/shell.o
                0x004129ac                str_9_Row_MainMenu
 *fill*         0x004129cd        0x3 
 .rodata.str_Accessory_2_Menu
                0x004129d0       0x17 src/shell.o
                0x004129d0                str_Accessory_2_Menu
 *fill*         0x004129e7        0x1 
 .rodata.str_Bypass_2_Menu
                0x004129e8       0x17 src/shell.o
                0x004129e8                str_Bypass_2_Menu
 *fill*         0x004129ff        0x1 
 .rodata.str_Bypass_4_Menu
                0x00412a00       0x2c src/shell.o
                0x00412a00                str_Bypass_4_Menu
 .rodata.str_CapMotors_2_Menu
                0x00412a2c       0x17 src/shell.o
                0x00412a2c                str_CapMotors_2_Menu
 *fill*         0x00412a43        0x1 
 .rodata.str_CapMotors_4_Menu
                0x00412a44       0x28 src/shell.o
                0x00412a44                str_CapMotors_4_Menu
 .rodata.str_Control_2_Menu
                0x00412a6c       0x17 src/shell.o
                0x00412a6c                str_Control_2_Menu
 *fill*         0x00412a83        0x1 
 .rodata.str_EnabCAF_2_Menu
                0x00412a84       0x17 src/shell.o
                0x00412a84                str_EnabCAF_2_Menu
 *fill*         0x00412a9b        0x1 
 .rodata.str_EnabCAP_2_Menu
                0x00412a9c       0x17 src/shell.o
                0x00412a9c                str_EnabCAP_2_Menu
 *fill*         0x00412ab3        0x1 
 .rodata.str_Enab_CAF_4_Menu
                0x00412ab4       0x24 src/shell.o
                0x00412ab4                str_Enab_CAF_4_Menu
 .rodata.str_Enab_CAP_4_Menu
                0x00412ad8       0x24 src/shell.o
                0x00412ad8                str_Enab_CAP_4_Menu
 .rodata.str_Error_9_Menu
                0x00412afc       0x24 src/shell.o
                0x00412afc                str_Error_9_Menu
 .rodata.str_Info_cfg_NTC_5_Menu
                0x00412b20       0x3e src/shell.o
                0x00412b20                str_Info_cfg_NTC_5_Menu
 *fill*         0x00412b5e        0x2 
 .rodata.str_NumMotors_2_Menu
                0x00412b60       0x17 src/shell.o
                0x00412b60                str_NumMotors_2_Menu
 *fill*         0x00412b77        0x1 
 .rodata.str_NumMotors_4_Menu
                0x00412b78       0x23 src/shell.o
                0x00412b78                str_NumMotors_4_Menu
 *fill*         0x00412b9b        0x1 
 .rodata.str_NumNTC_2_Menu
                0x00412b9c       0x17 src/shell.o
                0x00412b9c                str_NumNTC_2_Menu
 *fill*         0x00412bb3        0x1 
 .rodata.str_NumPulse_2_Menu
                0x00412bb4       0x17 src/shell.o
                0x00412bb4                str_NumPulse_2_Menu
 *fill*         0x00412bcb        0x1 
 .rodata.str_NumPulse_4_Menu
                0x00412bcc       0x2f src/shell.o
                0x00412bcc                str_NumPulse_4_Menu
 *fill*         0x00412bfb        0x1 
 .rodata.str_PosNTC_2_Menu
                0x00412bfc       0x17 src/shell.o
                0x00412bfc                str_PosNTC_2_Menu
 *fill*         0x00412c13        0x1 
 .rodata.str_SerNumb_2_Menu
                0x00412c14       0x17 src/shell.o
                0x00412c14                str_SerNumb_2_Menu
 *fill*         0x00412c2b        0x1 
 .rodata.str_Title_1_Menu
                0x00412c2c       0x22 src/shell.o
                0x00412c2c                str_Title_1_Menu
 *fill*         0x00412c4e        0x2 
 .rodata.str_Title_2_Menu
                0x00412c50       0x24 src/shell.o
                0x00412c50                str_Title_2_Menu
 .rodata.str_Title_3_Menu
                0x00412c74       0x21 src/shell.o
                0x00412c74                str_Title_3_Menu
 *fill*         0x00412c95        0x3 
 .rodata.str_Title_4_Menu
                0x00412c98       0x26 src/shell.o
                0x00412c98                str_Title_4_Menu
 *fill*         0x00412cbe        0x2 
 .rodata.str_Title_5_Menu
                0x00412cc0       0x19 src/shell.o
                0x00412cc0                str_Title_5_Menu
 *fill*         0x00412cd9        0x3 
 .rodata.str_Title_6_Menu
                0x00412cdc       0x26 src/shell.o
                0x00412cdc                str_Title_6_Menu
 *fill*         0x00412d02        0x2 
 .rodata.str_Title_8_Menu
                0x00412d04       0x21 src/shell.o
                0x00412d04                str_Title_8_Menu
 *fill*         0x00412d25        0x3 
 .rodata.str_Title_MainMenu
                0x00412d28       0x24 src/shell.o
                0x00412d28                str_Title_MainMenu
 .rodata.str_VerHW_2_Menu
                0x00412d4c       0x17 src/shell.o
                0x00412d4c                str_VerHW_2_Menu
 *fill*         0x00412d63        0x1 
 .rodata.str_VerSW_2_Menu
                0x00412d64       0x17 src/shell.o
                0x00412d64                str_VerSW_2_Menu
 *fill*         0x00412d7b        0x1 
 .rodata.str_actualy_SN_3_Menu
                0x00412d7c       0x11 src/shell.o
                0x00412d7c                str_actualy_SN_3_Menu
 *fill*         0x00412d8d        0x3 
 .rodata.str_addrUnit_2_Menu
                0x00412d90       0x17 src/shell.o
                0x00412d90                str_addrUnit_2_Menu
 *fill*         0x00412da7        0x1 
 .rodata.str_confirm_1_Menu
                0x00412da8       0x3d src/shell.o
                0x00412da8                str_confirm_1_Menu
 *fill*         0x00412de5        0x3 
 .rodata.str_enter_NTC_5_Menu
                0x00412de8       0x33 src/shell.o
                0x00412de8                str_enter_NTC_5_Menu
 *fill*         0x00412e1b        0x1 
 .rodata.str_enter_SN_3_Menu
                0x00412e1c       0x3e src/shell.o
                0x00412e1c                str_enter_SN_3_Menu
 *fill*         0x00412e5a        0x2 
 .rodata.str_enter_SN_DESC_1
                0x00412e5c       0x3d src/shell.o
                0x00412e5c                str_enter_SN_DESC_1
 *fill*         0x00412e99        0x3 
 .rodata.str_enter_SN_DESC_2
                0x00412e9c       0x28 src/shell.o
                0x00412e9c                str_enter_SN_DESC_2
 .rodata.str_enter_SN_DESC_3
                0x00412ec4       0x22 src/shell.o
                0x00412ec4                str_enter_SN_DESC_3
 *fill*         0x00412ee6        0x2 
 .rodata.str_enter_SN_DESC_4
                0x00412ee8       0x22 src/shell.o
                0x00412ee8                str_enter_SN_DESC_4
 *fill*         0x00412f0a        0x2 
 .rodata.str_error1_3_Menu
                0x00412f0c       0x1f src/shell.o
                0x00412f0c                str_error1_3_Menu
 *fill*         0x00412f2b        0x1 
 .rodata.str_error1_4_Menu
                0x00412f2c       0x3d src/shell.o
                0x00412f2c                str_error1_4_Menu
 *fill*         0x00412f69        0x3 
 .rodata.str_error1_5_Menu
                0x00412f6c       0x3f src/shell.o
                0x00412f6c                str_error1_5_Menu
 *fill*         0x00412fab        0x1 
 .rodata.str_error2_3_Menu
                0x00412fac       0x2e src/shell.o
                0x00412fac                str_error2_3_Menu
 *fill*         0x00412fda        0x2 
 .rodata.str_error3_3_Menu
                0x00412fdc       0x31 src/shell.o
                0x00412fdc                str_error3_3_Menu
 *fill*         0x0041300d        0x3 
 .rodata.str_error4_4_Menu
                0x00413010       0x2e src/shell.o
                0x00413010                str_error4_4_Menu
 *fill*         0x0041303e        0x2 
 .rodata.str_error_char_1_Menu
                0x00413040       0x38 src/shell.o
                0x00413040                str_error_char_1_Menu
 .rodata.str_ex_1_cfg_NTC_5_Menu
                0x00413078       0x38 src/shell.o
                0x00413078                str_ex_1_cfg_NTC_5_Menu
 .rodata.str_ex_2_cfg_NTC_5_Menu
                0x004130b0       0x38 src/shell.o
                0x004130b0                str_ex_2_cfg_NTC_5_Menu
 .rodata.str_new_NTC_5_Menu
                0x004130e8       0x18 src/shell.o
                0x004130e8                str_new_NTC_5_Menu
 .rodata.str_new_SN_3_Menu
                0x00413100       0x11 src/shell.o
                0x00413100                str_new_SN_3_Menu
 *fill*         0x00413111        0x3 
 .rodata.str_row0_6_Menu
                0x00413114       0x19 src/shell.o
                0x00413114                str_row0_6_Menu
 *fill*         0x0041312d        0x3 
 .rodata.str_row1_6_Menu
                0x00413130       0x12 src/shell.o
                0x00413130                str_row1_6_Menu
 *fill*         0x00413142        0x2 
 .rodata.str_row2_6_Menu
                0x00413144        0xe src/shell.o
                0x00413144                str_row2_6_Menu
 *fill*         0x00413152        0x2 
 .rodata.str_row3_6_Menu
                0x00413154       0x15 src/shell.o
                0x00413154                str_row3_6_Menu
 *fill*         0x00413169        0x3 
 .rodata.str_row4_6_Menu
                0x0041316c       0x12 src/shell.o
                0x0041316c                str_row4_6_Menu
 *fill*         0x0041317e        0x2 
 .rodata.str_row5_6_Menu
                0x00413180       0x12 src/shell.o
                0x00413180                str_row5_6_Menu
 *fill*         0x00413192        0x2 
 .rodata.str_row6_6_Menu
                0x00413194       0x13 src/shell.o
                0x00413194                str_row6_6_Menu
 *fill*         0x004131a7        0x1 
 .rodata.str_set_cfg_NTC_5_Menu
                0x004131a8       0x28 src/shell.o
                0x004131a8                str_set_cfg_NTC_5_Menu
 .rodata.writeConfigUnit.str1.4
                0x004131d0       0x6a src/shell.o
 *fill*         0x0041323a        0x2 
 .rodata.print_bit_I2C.str1.4
                0x0041323c       0x37 src/Testing_HW.o
 *fill*         0x00413273        0x1 
 .rodata.print_result_test.str1.4
                0x00413274       0x24 src/Testing_HW.o
                                 0x28 (size before relaxing)
 .rodata.str_1_test_BDP
                0x00413298       0x18 src/Testing_HW.o
                0x00413298                str_1_test_BDP
 .rodata.str_1_test_I2C
                0x004132b0       0x15 src/Testing_HW.o
                0x004132b0                str_1_test_I2C
 *fill*         0x004132c5        0x3 
 .rodata.str_1_test_IO
                0x004132c8       0x1e src/Testing_HW.o
                0x004132c8                str_1_test_IO
 *fill*         0x004132e6        0x2 
 .rodata.str_1_test_SM
                0x004132e8       0x1b src/Testing_HW.o
                0x004132e8                str_1_test_SM
 *fill*         0x00413303        0x1 
 .rodata.str_1_test_motors
                0x00413304       0x18 src/Testing_HW.o
                0x00413304                str_1_test_motors
 .rodata.str_1_test_uart1
                0x0041331c       0x17 src/Testing_HW.o
                0x0041331c                str_1_test_uart1
 *fill*         0x00413333        0x1 
 .rodata.str_2_test_BDP
                0x00413334        0xf src/Testing_HW.o
                0x00413334                str_2_test_BDP
 *fill*         0x00413343        0x1 
 .rodata.str_2_test_I2C
                0x00413344       0x10 src/Testing_HW.o
                0x00413344                str_2_test_I2C
 .rodata.str_2_test_IO
                0x00413354       0x29 src/Testing_HW.o
                0x00413354                str_2_test_IO
 *fill*         0x0041337d        0x3 
 .rodata.str_2_test_SM
                0x00413380       0x34 src/Testing_HW.o
                0x00413380                str_2_test_SM
 .rodata.str_2_test_motors
                0x004133b4       0x1e src/Testing_HW.o
                0x004133b4                str_2_test_motors
 *fill*         0x004133d2        0x2 
 .rodata.str_3_test_BDP
                0x004133d4        0xf src/Testing_HW.o
                0x004133d4                str_3_test_BDP
 *fill*         0x004133e3        0x1 
 .rodata.str_3_test_I2C
                0x004133e4       0x10 src/Testing_HW.o
                0x004133e4                str_3_test_I2C
 .rodata.str_3_test_IO
                0x004133f4       0x1d src/Testing_HW.o
                0x004133f4                str_3_test_IO
 *fill*         0x00413411        0x3 
 .rodata.str_3_test_SM
                0x00413414       0x34 src/Testing_HW.o
                0x00413414                str_3_test_SM
 .rodata.str_3_test_motors
                0x00413448       0x2a src/Testing_HW.o
                0x00413448                str_3_test_motors
 *fill*         0x00413472        0x2 
 .rodata.str_4_test_IO
                0x00413474       0x1b src/Testing_HW.o
                0x00413474                str_4_test_IO
 *fill*         0x0041348f        0x1 
 .rodata.str_4_test_motors
                0x00413490       0x30 src/Testing_HW.o
                0x00413490                str_4_test_motors
 .rodata.str_5_test_IO
                0x004134c0       0x1b src/Testing_HW.o
                0x004134c0                str_5_test_IO
 *fill*         0x004134db        0x1 
 .rodata.str_5_test_motors
                0x004134dc       0x2d src/Testing_HW.o
                0x004134dc                str_5_test_motors
 *fill*         0x00413509        0x3 
 .rodata.str_6_test_IO
                0x0041350c       0x1b src/Testing_HW.o
                0x0041350c                str_6_test_IO
 *fill*         0x00413527        0x1 
 .rodata.str_7_test_IO
                0x00413528       0x1c src/Testing_HW.o
                0x00413528                str_7_test_IO
 .rodata.str_8_test_IO
                0x00413544       0x11 src/Testing_HW.o
                0x00413544                str_8_test_IO
 *fill*         0x00413555        0x3 
 .rodata.str_9_test_IO
                0x00413558       0x11 src/Testing_HW.o
                0x00413558                str_9_test_IO
 *fill*         0x00413569        0x3 
 .rodata.str_HW_Testing
                0x0041356c       0x38 src/Testing_HW.o
                0x0041356c                str_HW_Testing
 .rodata.str_msg_uart1
                0x004135a4       0x38 src/Testing_HW.o
                0x004135a4                str_msg_uart1
 .rodata.testMotors.str1.4
                0x004135dc       0x8c src/Testing_HW.o
 .rodata.testSleepMode.str1.4
                0x00413668       0x4d src/Testing_HW.o
 *fill*         0x004136b5        0x3 
 .rodata.testUart1.str1.4
                0x004136b8       0x48 src/Testing_HW.o
 .rodata.test_IO.str1.4
                0x00413700       0x22 src/Testing_HW.o
 *fill*         0x00413722        0x2 
 .rodata.test_bypass.str1.4
                0x00413724       0x21 src/Testing_HW.o
                                 0x25 (size before relaxing)
 *fill*         0x00413745        0x3 
 .rodata.ctrl_eeprom.str1.4
                0x00413748       0x42 src/eeprom_func.o
                                 0x4a (size before relaxing)
 *fill*         0x0041378a        0x2 
 .rodata.vect_default_eeprom
                0x0041378c       0xf1 src/eeprom_func.o
                0x0041378c                vect_default_eeprom
 *fill*         0x0041387d        0x3 
 .rodata.Check_SerialNumber.str1.4
                0x00413880       0x16 src/HW_func.o
 *fill*         0x00413896        0x2 
 .rodata.KF1_1  0x00413898        0x4 src/main.o
                0x00413898                KF1_1
 .rodata.KF1_2  0x0041389c        0x4 src/main.o
                0x0041389c                KF1_2
 .rodata.KF1_3  0x004138a0        0x4 src/main.o
                0x004138a0                KF1_3
 .rodata.KF1_4  0x004138a4        0x4 src/main.o
                0x004138a4                KF1_4
 .rodata.VERSION_FW
                0x004138a8        0x5 src/main.o
                0x004138a8                VERSION_FW
 *fill*         0x004138ad        0x3 
 .rodata.pAnAssorb_ByPass
                0x004138b0        0x4 src/main.o
                0x004138b0                pAnAssorb_ByPass
 .rodata.pAnAssorb_KTS
                0x004138b4        0x4 src/main.o
                0x004138b4                pAnAssorb_KTS
 .rodata.pAnInp1
                0x004138b8        0x4 src/main.o
                0x004138b8                pAnInp1
 .rodata.pAnInp2
                0x004138bc        0x4 src/main.o
                0x004138bc                pAnInp2
 .rodata.pAnSensQual_Ari1
                0x004138c0        0x4 src/main.o
                0x004138c0                pAnSensQual_Ari1
 .rodata.log.str1.4
                0x004138c4        0x4 c:/program files (x86)/atmel/studio/7.0/toolchain/arm/arm-gnu-toolchain/bin/../lib/gcc/arm-none-eabi/6.3.1/../../../../arm-none-eabi/lib/thumb/v7e-m\libm.a(lib_a-w_log.o)
                                  0x5 (size before relaxing)
 .rodata._global_impure_ptr
                0x004138c8        0x4 c:/program files (x86)/atmel/studio/7.0/toolchain/arm/arm-gnu-toolchain/bin/../lib/gcc/arm-none-eabi/6.3.1/../../../../arm-none-eabi/lib/thumb/v7e-m\libc.a(lib_a-impure.o)
                0x004138c8                _global_impure_ptr
 .rodata._svfprintf_r.str1.4
                0x004138cc       0x42 c:/program files (x86)/atmel/studio/7.0/toolchain/arm/arm-gnu-toolchain/bin/../lib/gcc/arm-none-eabi/6.3.1/../../../../arm-none-eabi/lib/thumb/v7e-m\libc.a(lib_a-svfprintf.o)
 *fill*         0x0041390e        0x2 
 .rodata.blanks.7223
                0x00413910       0x10 c:/program files (x86)/atmel/studio/7.0/toolchain/arm/arm-gnu-toolchain/bin/../lib/gcc/arm-none-eabi/6.3.1/../../../../arm-none-eabi/lib/thumb/v7e-m\libc.a(lib_a-svfprintf.o)
 .rodata.zeroes.7224
                0x00413920       0x10 c:/program files (x86)/atmel/studio/7.0/toolchain/arm/arm-gnu-toolchain/bin/../lib/gcc/arm-none-eabi/6.3.1/../../../../arm-none-eabi/lib/thumb/v7e-m\libc.a(lib_a-svfprintf.o)
 .rodata._dtoa_r.str1.4
                0x00413930       0x10 c:/program files (x86)/atmel/studio/7.0/toolchain/arm/arm-gnu-toolchain/bin/../lib/gcc/arm-none-eabi/6.3.1/../../../../arm-none-eabi/lib/thumb/v7e-m\libc.a(lib_a-dtoa.o)
                                 0x12 (size before relaxing)
 .rodata.__mprec_bigtens
                0x00413940       0x28 c:/program files (x86)/atmel/studio/7.0/toolchain/arm/arm-gnu-toolchain/bin/../lib/gcc/arm-none-eabi/6.3.1/../../../../arm-none-eabi/lib/thumb/v7e-m\libc.a(lib_a-mprec.o)
                0x00413940                __mprec_bigtens
 .rodata.__mprec_tens
                0x00413968       0xc8 c:/program files (x86)/atmel/studio/7.0/toolchain/arm/arm-gnu-toolchain/bin/../lib/gcc/arm-none-eabi/6.3.1/../../../../arm-none-eabi/lib/thumb/v7e-m\libc.a(lib_a-mprec.o)
                0x00413968                __mprec_tens
 .rodata.p05.6055
                0x00413a30        0xc c:/program files (x86)/atmel/studio/7.0/toolchain/arm/arm-gnu-toolchain/bin/../lib/gcc/arm-none-eabi/6.3.1/../../../../arm-none-eabi/lib/thumb/v7e-m\libc.a(lib_a-mprec.o)
 .rodata._setlocale_r.str1.4
                0x00413a3c        0x8 c:/program files (x86)/atmel/studio/7.0/toolchain/arm/arm-gnu-toolchain/bin/../lib/gcc/arm-none-eabi/6.3.1/../../../../arm-none-eabi/lib/thumb/v7e-m\libc.a(lib_a-locale.o)
                                  0xd (size before relaxing)
 .rodata.str1.4
                0x00413a44        0x2 c:/program files (x86)/atmel/studio/7.0/toolchain/arm/arm-gnu-toolchain/bin/../lib/gcc/arm-none-eabi/6.3.1/../../../../arm-none-eabi/lib/thumb/v7e-m\libc.a(lib_a-locale.o)
 .rodata._ctype_
                0x00413a44      0x101 c:/program files (x86)/atmel/studio/7.0/toolchain/arm/arm-gnu-toolchain/bin/../lib/gcc/arm-none-eabi/6.3.1/../../../../arm-none-eabi/lib/thumb/v7e-m\libc.a(lib_a-ctype_.o)
                0x00413a44                _ctype_
 *(.ARM.extab* .gnu.linkonce.armextab.*)
                0x00413b48                . = ALIGN (0x4)
 *fill*         0x00413b45        0x3 
 *(.init)
 .init          0x00413b48        0x4 c:/program files (x86)/atmel/studio/7.0/toolchain/arm/arm-gnu-toolchain/bin/../lib/gcc/arm-none-eabi/6.3.1/thumb/v7e-m/crti.o
                0x00413b48                _init
 .init          0x00413b4c        0x8 c:/program files (x86)/atmel/studio/7.0/toolchain/arm/arm-gnu-toolchain/bin/../lib/gcc/arm-none-eabi/6.3.1/thumb/v7e-m/crtn.o
                0x00413b54                . = ALIGN (0x4)
                0x00413b54                __preinit_array_start = .
 *(.preinit_array)
                0x00413b54                __preinit_array_end = .
                0x00413b54                . = ALIGN (0x4)
                0x00413b54                __init_array_start = .
 *(SORT(.init_array.*))
 .init_array.00000
                0x00413b54        0x4 c:/program files (x86)/atmel/studio/7.0/toolchain/arm/arm-gnu-toolchain/bin/../lib/gcc/arm-none-eabi/6.3.1/../../../../arm-none-eabi/lib/thumb/v7e-m\libc.a(lib_a-__call_atexit.o)
 *(.init_array)
 .init_array    0x00413b58        0x4 c:/program files (x86)/atmel/studio/7.0/toolchain/arm/arm-gnu-toolchain/bin/../lib/gcc/arm-none-eabi/6.3.1/thumb/v7e-m/crtbegin.o
                0x00413b5c                __init_array_end = .
                0x00413b5c                . = ALIGN (0x4)
 *crtbegin.o(.ctors)
 *(EXCLUDE_FILE(*crtend.o) .ctors)
 *(SORT(.ctors.*))
 *crtend.o(.ctors)
                0x00413b5c                . = ALIGN (0x4)
 *(.fini)
 .fini          0x00413b5c        0x4 c:/program files (x86)/atmel/studio/7.0/toolchain/arm/arm-gnu-toolchain/bin/../lib/gcc/arm-none-eabi/6.3.1/thumb/v7e-m/crti.o
                0x00413b5c                _fini
 .fini          0x00413b60        0x8 c:/program files (x86)/atmel/studio/7.0/toolchain/arm/arm-gnu-toolchain/bin/../lib/gcc/arm-none-eabi/6.3.1/thumb/v7e-m/crtn.o
                0x00413b68                . = ALIGN (0x4)
                0x00413b68                __fini_array_start = .
 *(.fini_array)
 .fini_array    0x00413b68        0x4 c:/program files (x86)/atmel/studio/7.0/toolchain/arm/arm-gnu-toolchain/bin/../lib/gcc/arm-none-eabi/6.3.1/thumb/v7e-m/crtbegin.o
 *(SORT(.fini_array.*))
                0x00413b6c                __fini_array_end = .
 *crtbegin.o(.dtors)
 *(EXCLUDE_FILE(*crtend.o) .dtors)
 *(SORT(.dtors.*))
 *crtend.o(.dtors)
                0x00413b6c                . = ALIGN (0x4)
                0x00413b6c                _efixed = .
                [!provide]                PROVIDE (__exidx_start, .)

.vfp11_veneer   0x00413b6c        0x0
 .vfp11_veneer  0x00413b6c        0x0 linker stubs

.v4_bx          0x00413b6c        0x0
 .v4_bx         0x00413b6c        0x0 linker stubs

.iplt           0x00413b6c        0x0
 .iplt          0x00413b6c        0x0 c:/program files (x86)/atmel/studio/7.0/toolchain/arm/arm-gnu-toolchain/bin/../lib/gcc/arm-none-eabi/6.3.1/thumb/v7e-m/crtbegin.o

.ARM.exidx      0x00413b6c        0x8
 *(.ARM.exidx* .gnu.linkonce.armexidx.*)
 .ARM.exidx     0x00413b6c        0x8 c:/program files (x86)/atmel/studio/7.0/toolchain/arm/arm-gnu-toolchain/bin/../lib/gcc/arm-none-eabi/6.3.1/thumb/v7e-m\libgcc.a(_udivmoddi4.o)
                [!provide]                PROVIDE (__exidx_end, .)

.eh_frame       0x00413b74        0x0
 .eh_frame      0x00413b74        0x0 c:/program files (x86)/atmel/studio/7.0/toolchain/arm/arm-gnu-toolchain/bin/../lib/gcc/arm-none-eabi/6.3.1/thumb/v7e-m/crtbegin.o

.rel.dyn        0x00413b74        0x0
 .rel.iplt      0x00413b74        0x0 c:/program files (x86)/atmel/studio/7.0/toolchain/arm/arm-gnu-toolchain/bin/../lib/gcc/arm-none-eabi/6.3.1/thumb/v7e-m/crtbegin.o

.jcr            0x00413b74        0x0
 .jcr           0x00413b74        0x0 c:/program files (x86)/atmel/studio/7.0/toolchain/arm/arm-gnu-toolchain/bin/../lib/gcc/arm-none-eabi/6.3.1/thumb/v7e-m/crtbegin.o

.igot.plt       0x00413b74        0x0
 .igot.plt      0x00413b74        0x0 c:/program files (x86)/atmel/studio/7.0/toolchain/arm/arm-gnu-toolchain/bin/../lib/gcc/arm-none-eabi/6.3.1/thumb/v7e-m/crtbegin.o
                0x00413b74                . = ALIGN (0x4)
                0x00413b74                _etext = .

.relocate       0x20000000      0x9f8 load address 0x00413b74
                0x20000000                . = ALIGN (0x4)
                0x20000000                _srelocate = .
 *(.ramfunc .ramfunc.*)
 .ramfunc       0x20000000        0xa src/ASF/common/services/delay/sam/cycle_counter.o
                0x20000000                portable_delay_cycles
 *(.data .data.*)
 *fill*         0x2000000a        0x2 
 .data.gUnitModels
                0x2000000c       0x1e src/motor_speed.o
                0x2000000c                gUnitModels
 *fill*         0x2000002a        0x2 
 .data.unbalance_deFrost
                0x2000002c        0x4 src/motor_speed.o
                0x2000002c                unbalance_deFrost
 .data.lenRXU2_old
                0x20000030        0x1 src/Seriale_2.o
                0x20000030                lenRXU2_old
 .data.g_interrupt_enabled
                0x20000031        0x1 src/ASF/common/utils/interrupt/interrupt_sam_nvic.o
                0x20000031                g_interrupt_enabled
 *fill*         0x20000032        0x2 
 .data.SystemCoreClock
                0x20000034        0x4 src/ASF/sam/utils/cmsis/sam4n/source/templates/system_sam4n.o
                0x20000034                SystemCoreClock
 .data.RotaBypass
                0x20000038        0x1 src/HW_func.o
                0x20000038                RotaBypass
 *fill*         0x20000039        0x1 
 .data.count_sum
                0x2000003a        0x2 src/HW_func.o
                0x2000003a                count_sum
 .data.count_win
                0x2000003c        0x2 src/HW_func.o
                0x2000003c                count_win
 .data.soft_start
                0x2000003e        0x2 src/HW_func.o
                0x2000003e                soft_start
 .data.change_EBP2
                0x20000040        0x1 src/main.o
                0x20000040                change_EBP2
 .data.change_EBPD
                0x20000041        0x1 src/main.o
                0x20000041                change_EBPD
 .data.change_SSR
                0x20000042        0x1 src/main.o
                0x20000042                change_SSR
 .data.countdown_Update_EepromToShadow
                0x20000043        0x1 src/main.o
                0x20000043                countdown_Update_EepromToShadow
 .data.i_TExaust
                0x20000044        0x1 src/main.o
                0x20000044                i_TExaust
 .data.i_TReturn
                0x20000045        0x1 src/main.o
                0x20000045                i_TReturn
 .data.i_TSupply
                0x20000046        0x1 src/main.o
                0x20000046                i_TSupply
 .data.info_EBPD
                0x20000047        0x1 src/main.o
                0x20000047                info_EBPD
 .data.__fdlib_version
                0x20000048        0x1 c:/program files (x86)/atmel/studio/7.0/toolchain/arm/arm-gnu-toolchain/bin/../lib/gcc/arm-none-eabi/6.3.1/../../../../arm-none-eabi/lib/thumb/v7e-m\libm.a(lib_a-s_lib_ver.o)
                0x20000048                __fdlib_version
 *fill*         0x20000049        0x3 
 .data._impure_ptr
                0x2000004c        0x4 c:/program files (x86)/atmel/studio/7.0/toolchain/arm/arm-gnu-toolchain/bin/../lib/gcc/arm-none-eabi/6.3.1/../../../../arm-none-eabi/lib/thumb/v7e-m\libc.a(lib_a-impure.o)
                0x2000004c                _impure_ptr
 .data.impure_data
                0x20000050      0x428 c:/program files (x86)/atmel/studio/7.0/toolchain/arm/arm-gnu-toolchain/bin/../lib/gcc/arm-none-eabi/6.3.1/../../../../arm-none-eabi/lib/thumb/v7e-m\libc.a(lib_a-impure.o)
 .data.__atexit_recursive_mutex
                0x20000478        0x4 c:/program files (x86)/atmel/studio/7.0/toolchain/arm/arm-gnu-toolchain/bin/../lib/gcc/arm-none-eabi/6.3.1/../../../../arm-none-eabi/lib/thumb/v7e-m\libc.a(lib_a-__call_atexit.o)
                0x20000478                __atexit_recursive_mutex
 .data.__malloc_av_
                0x2000047c      0x408 c:/program files (x86)/atmel/studio/7.0/toolchain/arm/arm-gnu-toolchain/bin/../lib/gcc/arm-none-eabi/6.3.1/../../../../arm-none-eabi/lib/thumb/v7e-m\libc.a(lib_a-mallocr.o)
                0x2000047c                __malloc_av_
 .data.__malloc_sbrk_base
                0x20000884        0x4 c:/program files (x86)/atmel/studio/7.0/toolchain/arm/arm-gnu-toolchain/bin/../lib/gcc/arm-none-eabi/6.3.1/../../../../arm-none-eabi/lib/thumb/v7e-m\libc.a(lib_a-mallocr.o)
                0x20000884                __malloc_sbrk_base
 .data.__malloc_trim_threshold
                0x20000888        0x4 c:/program files (x86)/atmel/studio/7.0/toolchain/arm/arm-gnu-toolchain/bin/../lib/gcc/arm-none-eabi/6.3.1/../../../../arm-none-eabi/lib/thumb/v7e-m\libc.a(lib_a-mallocr.o)
                0x20000888                __malloc_trim_threshold
 .data.__global_locale
                0x2000088c      0x16c c:/program files (x86)/atmel/studio/7.0/toolchain/arm/arm-gnu-toolchain/bin/../lib/gcc/arm-none-eabi/6.3.1/../../../../arm-none-eabi/lib/thumb/v7e-m\libc.a(lib_a-locale.o)
                0x2000088c                __global_locale
                0x200009f8                . = ALIGN (0x4)
                0x200009f8                _erelocate = .

.bss            0x200009f8      0xdfc load address 0x0041456c
                0x200009f8                . = ALIGN (0x4)
                0x200009f8                _sbss = .
                0x200009f8                _szero = .
 *(.bss .bss.*)
 .bss           0x200009f8       0x1c c:/program files (x86)/atmel/studio/7.0/toolchain/arm/arm-gnu-toolchain/bin/../lib/gcc/arm-none-eabi/6.3.1/thumb/v7e-m/crtbegin.o
 .bss.Airflow_CAPR
                0x20000a14        0x2 src/Accessory.o
                0x20000a14                Airflow_CAPR
 .bss.Airflow_CAPS
                0x20000a16        0x2 src/Accessory.o
                0x20000a16                Airflow_CAPS
 .bss.CO2_1_Raw_Gas_Value
                0x20000a18        0x4 src/Accessory.o
                0x20000a18                CO2_1_Raw_Gas_Value
 .bss.CO2_1_array
                0x20000a1c       0x60 src/Accessory.o
                0x20000a1c                CO2_1_array
 .bss.CO2_2_Raw_Gas_Value
                0x20000a7c        0x4 src/Accessory.o
                0x20000a7c                CO2_2_Raw_Gas_Value
 .bss.CO2_2_array
                0x20000a80       0x60 src/Accessory.o
                0x20000a80                CO2_2_array
 .bss.Clean_Event_Flag1
                0x20000ae0        0x1 src/Accessory.o
                0x20000ae0                Clean_Event_Flag1
 .bss.Clean_Event_Flag2
                0x20000ae1        0x1 src/Accessory.o
                0x20000ae1                Clean_Event_Flag2
 *fill*         0x20000ae2        0x2 
 .bss.Dsc_Data_Size
                0x20000ae4        0x4 src/Accessory.o
                0x20000ae4                Dsc_Data_Size
 .bss.Index_CO2_1
                0x20000ae8        0x1 src/Accessory.o
                0x20000ae8                Index_CO2_1
 .bss.Index_CO2_2
                0x20000ae9        0x1 src/Accessory.o
                0x20000ae9                Index_CO2_2
 .bss.Pressure_CAPR
                0x20000aea        0x2 src/Accessory.o
                0x20000aea                Pressure_CAPR
 .bss.Pressure_CAPS
                0x20000aec        0x2 src/Accessory.o
                0x20000aec                Pressure_CAPS
 .bss.Write_To_Dsc
                0x20000aee        0x1 src/Accessory.o
                0x20000aee                Write_To_Dsc
 .bss.flag_poll
                0x20000aef        0x1 src/Accessory.o
 .bss.idxSeq    0x20000af0        0x1 src/Accessory.o
 *fill*         0x20000af1        0x3 
 .bss.Acc_Adc   0x20000af4       0x2c src/ADC.o
                0x20000af4                Acc_Adc
 .bss.nSample_Adc
                0x20000b20       0x2c src/ADC.o
                0x20000b20                nSample_Adc
 .bss.preview_50_Mills
                0x20000b4c        0x4 src/ADC.o
                0x20000b4c                preview_50_Mills
 .bss.cnt_no_link_Modbus
                0x20000b50        0x1 src/Admin_Messages.o
                0x20000b50                cnt_no_link_Modbus
 *fill*         0x20000b51        0x3 
 .bss.cnt_req_poll_CTRL_FAN
                0x20000b54        0x4 src/Admin_Messages.o
                0x20000b54                cnt_req_poll_CTRL_FAN
 .bss.cnt_resp_poll_CTRL_FAN
                0x20000b58        0x4 src/Admin_Messages.o
                0x20000b58                cnt_resp_poll_CTRL_FAN
 .bss.cnt_status_motors
                0x20000b5c        0x1 src/Admin_Messages.o
                0x20000b5c                cnt_status_motors
 .bss.index_packet_data
                0x20000b5d        0x1 src/Admin_Messages.o
                0x20000b5d                index_packet_data
 .bss.index_poll_ser2
                0x20000b5e        0x1 src/Admin_Messages.o
                0x20000b5e                index_poll_ser2
 *fill*         0x20000b5f        0x1 
 .bss.preview_3_Mills
                0x20000b60        0x4 src/Admin_Messages.o
                0x20000b60                preview_3_Mills
 .bss.stsMotorsF_buff
                0x20000b64        0x3 src/Admin_Messages.o
                0x20000b64                stsMotorsF_buff
 *fill*         0x20000b67        0x1 
 .bss.stsMotorsR_buff
                0x20000b68        0x3 src/Admin_Messages.o
                0x20000b68                stsMotorsR_buff
 .bss.upgrade_eep_for_Modbus
                0x20000b6b        0x1 src/Admin_Messages.o
                0x20000b6b                upgrade_eep_for_Modbus
 .bss.Power_On_Already_Activated
                0x20000b6c        0x1 src/motor_speed.o
                0x20000b6c                Power_On_Already_Activated
 *fill*         0x20000b6d        0x3 
 .bss.acc_measure_airflow
                0x20000b70        0x4 src/motor_speed.o
                0x20000b70                acc_measure_airflow
 .bss.cnt_delay
                0x20000b74        0x1 src/motor_speed.o
                0x20000b74                cnt_delay
 .bss.cnt_delay1
                0x20000b75        0x1 src/motor_speed.o
                0x20000b75                cnt_delay1
 *fill*         0x20000b76        0x2 
 .bss.count_Boost_on
                0x20000b78        0x4 src/motor_speed.o
                0x20000b78                count_Boost_on
 .bss.count_post_vent
                0x20000b7c        0x4 src/motor_speed.o
                0x20000b7c                count_post_vent
 .bss.count_sec_defrost
                0x20000b80        0x4 src/motor_speed.o
                0x20000b80                count_sec_defrost
 .bss.count_switch_off
                0x20000b84        0x4 src/motor_speed.o
                0x20000b84                count_switch_off
 .bss.count_switch_on
                0x20000b88        0x4 src/motor_speed.o
                0x20000b88                count_switch_on
 .bss.persist_temp_defrost_on
                0x20000b8c        0x4 src/motor_speed.o
                0x20000b8c                persist_temp_defrost_on
 .bss.pir_counter_flag
                0x20000b90        0x1 src/motor_speed.o
                0x20000b90                pir_counter_flag
 *fill*         0x20000b91        0x3 
 .bss.sample_measure_airflow
                0x20000b94        0x4 src/motor_speed.o
                0x20000b94                sample_measure_airflow
 .bss.temp_speed_motorsF
                0x20000b98        0x1 src/motor_speed.o
                0x20000b98                temp_speed_motorsF
 .bss.temp_speed_motorsR
                0x20000b99        0x1 src/motor_speed.o
                0x20000b99                temp_speed_motorsR
 *fill*         0x20000b9a        0x2 
 .bss.UART0_Status_Register
                0x20000b9c        0x4 src/Serial1_Class.o
                0x20000b9c                UART0_Status_Register
 .bss.rxHead    0x20000ba0        0x4 src/Serial1_Class.o
 .bss.rxOverflowed
                0x20000ba4        0x1 src/Serial1_Class.o
 *fill*         0x20000ba5        0x3 
 .bss.rxQueue   0x20000ba8       0x81 src/Serial1_Class.o
 *fill*         0x20000c29        0x3 
 .bss.rxTail    0x20000c2c        0x4 src/Serial1_Class.o
 .bss.txHead    0x20000c30        0x4 src/Serial1_Class.o
 .bss.txQueue   0x20000c34       0x81 src/Serial1_Class.o
 *fill*         0x20000cb5        0x3 
 .bss.UART2_Status_Register
                0x20000cb8        0x4 src/Serial2_Class.o
                0x20000cb8                UART2_Status_Register
 .bss.rxHead2   0x20000cbc        0x4 src/Serial2_Class.o
 .bss.rxOverflowed2
                0x20000cc0        0x1 src/Serial2_Class.o
 *fill*         0x20000cc1        0x3 
 .bss.rxQueue2  0x20000cc4       0x81 src/Serial2_Class.o
 *fill*         0x20000d45        0x3 
 .bss.rxTail2   0x20000d48        0x4 src/Serial2_Class.o
 .bss.txHead2   0x20000d4c        0x4 src/Serial2_Class.o
 .bss.txQueue2  0x20000d50       0x81 src/Serial2_Class.o
 .bss.rx_buf_tail
                0x20000dd1        0x1 src/Seriale_1.o
 .bss._FLAG_INT_UART2_SW
                0x20000dd2        0x1 src/Seriale_2.o
                0x20000dd2                _FLAG_INT_UART2_SW
 *fill*         0x20000dd3        0x1 
 .bss.iBuffU2   0x20000dd4        0x4 src/Seriale_2.o
                0x20000dd4                iBuffU2
 .bss.lenTxU2   0x20000dd8        0x4 src/Seriale_2.o
                0x20000dd8                lenTxU2
 .bss.offset    0x20000ddc        0x1 src/Seriale_2.o
                0x20000ddc                offset
 .bss.rx_buf2_tail