Component: ARM Compiler 5.06 update 6 (build 750) Tool: armlink [4d35ed]

==============================================================================

Section Cross References

    startup_stm32f103xb.o(STACK) refers (Special) to heapauxi.o(.text) for __use_two_region_memory
    startup_stm32f103xb.o(HEAP) refers (Special) to heapauxi.o(.text) for __use_two_region_memory
    startup_stm32f103xb.o(RESET) refers (Special) to heapauxi.o(.text) for __use_two_region_memory
    startup_stm32f103xb.o(RESET) refers to startup_stm32f103xb.o(STACK) for __initial_sp
    startup_stm32f103xb.o(RESET) refers to startup_stm32f103xb.o(.text) for Reset_Handler
    startup_stm32f103xb.o(RESET) refers to stm32f1xx_it.o(i.NMI_Handler) for NMI_Handler
    startup_stm32f103xb.o(RESET) refers to stm32f1xx_it.o(i.HardFault_Handler) for HardFault_Handler
    startup_stm32f103xb.o(RESET) refers to stm32f1xx_it.o(i.MemManage_Handler) for MemManage_Handler
    startup_stm32f103xb.o(RESET) refers to stm32f1xx_it.o(i.BusFault_Handler) for BusFault_Handler
    startup_stm32f103xb.o(RESET) refers to stm32f1xx_it.o(i.UsageFault_Handler) for UsageFault_Handler
    startup_stm32f103xb.o(RESET) refers to stm32f1xx_it.o(i.SVC_Handler) for SVC_Handler
    startup_stm32f103xb.o(RESET) refers to stm32f1xx_it.o(i.DebugMon_Handler) for DebugMon_Handler
    startup_stm32f103xb.o(RESET) refers to stm32f1xx_it.o(i.PendSV_Handler) for PendSV_Handler
    startup_stm32f103xb.o(RESET) refers to stm32f1xx_it.o(i.SysTick_Handler) for SysTick_Handler
    startup_stm32f103xb.o(RESET) refers to stm32f1xx_it.o(i.ADC1_2_IRQHandler) for ADC1_2_IRQHandler
    startup_stm32f103xb.o(RESET) refers to stm32f1xx_it.o(i.EXTI9_5_IRQHandler) for EXTI9_5_IRQHandler
    startup_stm32f103xb.o(RESET) refers to stm32f1xx_it.o(i.TIM2_IRQHandler) for TIM2_IRQHandler
    startup_stm32f103xb.o(RESET) refers to stm32f1xx_it.o(i.TIM3_IRQHandler) for TIM3_IRQHandler
    startup_stm32f103xb.o(RESET) refers to stm32f1xx_it.o(i.USART1_IRQHandler) for USART1_IRQHandler
    startup_stm32f103xb.o(.text) refers (Special) to heapauxi.o(.text) for __use_two_region_memory
    startup_stm32f103xb.o(.text) refers to system_stm32f1xx.o(i.SystemInit) for SystemInit
    startup_stm32f103xb.o(.text) refers to __main.o(!!!main) for __main
    startup_stm32f103xb.o(.text) refers to startup_stm32f103xb.o(HEAP) for Heap_Mem
    startup_stm32f103xb.o(.text) refers to startup_stm32f103xb.o(STACK) for Stack_Mem
    main.o(i.HAL_ADCEx_InjectedConvCpltCallback) refers to stm32f1xx_hal_adc_ex.o(i.HAL_ADCEx_InjectedStop_IT) for HAL_ADCEx_InjectedStop_IT
    main.o(i.HAL_ADCEx_InjectedConvCpltCallback) refers to main.o(.data) for ADC1_Conversion_Complete
    main.o(i.HAL_GPIO_EXTI_Callback) refers to read_tacho.o(i.INT1InterruptHandler) for INT1InterruptHandler
    main.o(i.HAL_GPIO_EXTI_Callback) refers to read_tacho.o(i.INT2InterruptHandler) for INT2InterruptHandler
    main.o(i.HAL_TIM_PeriodElapsedCallback) refers to scheduler.o(i.Timer3Handler) for Timer3Handler
    main.o(i.HAL_TIM_PeriodElapsedCallback) refers to read_tacho.o(i.Timer2Handler) for Timer2Handler
    main.o(i.HAL_TIM_PeriodElapsedCallback) refers to main.o(.data) for test1
    main.o(i.HAL_UART_RxCpltCallback) refers to uart_driver.o(i.IntUart1Handler) for IntUart1Handler
    main.o(i.HAL_UART_TxCpltCallback) refers to main.o(.data) for Data_transmited
    main.o(i.MX_ADC1_Init) refers to rt_memclr_w.o(.text) for __aeabi_memclr4
    main.o(i.MX_ADC1_Init) refers to stm32f1xx_hal_adc.o(i.HAL_ADC_Init) for HAL_ADC_Init
    main.o(i.MX_ADC1_Init) refers to main.o(i.Error_Handler) for Error_Handler
    main.o(i.MX_ADC1_Init) refers to stm32f1xx_hal_adc_ex.o(i.HAL_ADCEx_InjectedConfigChannel) for HAL_ADCEx_InjectedConfigChannel
    main.o(i.MX_ADC1_Init) refers to main.o(.bss) for hadc1
    main.o(i.MX_GPIO_Init) refers to stm32f1xx_hal_gpio.o(i.HAL_GPIO_Init) for HAL_GPIO_Init
    main.o(i.MX_IWDG_Init) refers to stm32f1xx_hal_iwdg.o(i.HAL_IWDG_Init) for HAL_IWDG_Init
    main.o(i.MX_IWDG_Init) refers to main.o(i.Error_Handler) for Error_Handler
    main.o(i.MX_IWDG_Init) refers to stm32f1xx_hal_iwdg.o(i.HAL_IWDG_Refresh) for HAL_IWDG_Refresh
    main.o(i.MX_IWDG_Init) refers to main.o(.bss) for hiwdg
    main.o(i.MX_RTC_Init) refers to stm32f1xx_hal_rtc.o(i.HAL_RTC_Init) for HAL_RTC_Init
    main.o(i.MX_RTC_Init) refers to main.o(i.Error_Handler) for Error_Handler
    main.o(i.MX_RTC_Init) refers to stm32f1xx_hal_rtc.o(i.HAL_RTC_SetTime) for HAL_RTC_SetTime
    main.o(i.MX_RTC_Init) refers to stm32f1xx_hal_rtc.o(i.HAL_RTC_SetDate) for HAL_RTC_SetDate
    main.o(i.MX_RTC_Init) refers to main.o(.bss) for hrtc
    main.o(i.MX_TIM1_Init) refers to rt_memclr_w.o(.text) for __aeabi_memclr4
    main.o(i.MX_TIM1_Init) refers to stm32f1xx_hal_tim.o(i.HAL_TIM_Base_Init) for HAL_TIM_Base_Init
    main.o(i.MX_TIM1_Init) refers to main.o(i.Error_Handler) for Error_Handler
[...]
    .ARM.Collect$$libshutdown$$0000000F      0x08000166   Section        0  libshutdown2.o(.ARM.Collect$$libshutdown$$0000000F)
    .ARM.Collect$$libshutdown$$00000010      0x08000166   Section        2  libshutdown2.o(.ARM.Collect$$libshutdown$$00000010)
    .ARM.Collect$$rtentry$$00000000          0x08000168   Section        0  __rtentry.o(.ARM.Collect$$rtentry$$00000000)
    .ARM.Collect$$rtentry$$00000002          0x08000168   Section        0  __rtentry2.o(.ARM.Collect$$rtentry$$00000002)
    .ARM.Collect$$rtentry$$00000004          0x08000168   Section        6  __rtentry4.o(.ARM.Collect$$rtentry$$00000004)
    .ARM.Collect$$rtentry$$00000009          0x0800016e   Section        0  __rtentry2.o(.ARM.Collect$$rtentry$$00000009)
    .ARM.Collect$$rtentry$$0000000A          0x0800016e   Section        4  __rtentry2.o(.ARM.Collect$$rtentry$$0000000A)
    .ARM.Collect$$rtentry$$0000000C          0x08000172   Section        0  __rtentry2.o(.ARM.Collect$$rtentry$$0000000C)
    .ARM.Collect$$rtentry$$0000000D          0x08000172   Section        8  __rtentry2.o(.ARM.Collect$$rtentry$$0000000D)
    .ARM.Collect$$rtexit$$00000000           0x0800017a   Section        2  rtexit.o(.ARM.Collect$$rtexit$$00000000)
    .ARM.Collect$$rtexit$$00000002           0x0800017c   Section        0  rtexit2.o(.ARM.Collect$$rtexit$$00000002)
    .ARM.Collect$$rtexit$$00000003           0x0800017c   Section        4  rtexit2.o(.ARM.Collect$$rtexit$$00000003)
    .ARM.Collect$$rtexit$$00000004           0x08000180   Section        6  rtexit2.o(.ARM.Collect$$rtexit$$00000004)
    .text                                    0x08000188   Section       64  startup_stm32f103xb.o(.text)
    .text                                    0x080001c8   Section       78  rt_memclr_w.o(.text)
    .text                                    0x08000216   Section        0  heapauxi.o(.text)
    .text                                    0x0800021c   Section       74  sys_stackheap_outer.o(.text)
    .text                                    0x08000266   Section        0  exit.o(.text)
    .text                                    0x08000278   Section        8  libspace.o(.text)
    .text                                    0x08000280   Section        0  sys_exit.o(.text)
    .text                                    0x0800028c   Section        2  use_no_semi.o(.text)
    .text                                    0x0800028e   Section        0  indicate_semi.o(.text)
    i.ADC1_2_IRQHandler                      0x08000290   Section        0  stm32f1xx_it.o(i.ADC1_2_IRQHandler)
    i.ADC_ConversionStop_Disable             0x080002a0   Section        0  stm32f1xx_hal_adc.o(i.ADC_ConversionStop_Disable)
    i.ADC_Enable                             0x080002fc   Section        0  stm32f1xx_hal_adc.o(i.ADC_Enable)
    i.Adc_result                             0x0800038c   Section        0  adc_driver.o(i.Adc_result)
    i.BusFault_Handler                       0x08000488   Section        0  stm32f1xx_it.o(i.BusFault_Handler)
    i.Calculate_cksum16                      0x0800048c   Section        0  seriale.o(i.Calculate_cksum16)
    i.DebugMon_Handler                       0x080004a6   Section        0  stm32f1xx_it.o(i.DebugMon_Handler)
    i.DisableMuxTacho                        0x080004a8   Section        0  read_tacho.o(i.DisableMuxTacho)
    i.EXTI9_5_IRQHandler                     0x0800051c   Section        0  stm32f1xx_it.o(i.EXTI9_5_IRQHandler)
    i.EnableMuxTacho                         0x0800052c   Section        0  read_tacho.o(i.EnableMuxTacho)
    i.Error_Handler                          0x08000554   Section        0  main.o(i.Error_Handler)
    i.FillHeadMessagePoll                    0x08000558   Section        0  seriale.o(i.FillHeadMessagePoll)
    i.HAL_ADCEx_InjectedConfigChannel        0x08000584   Section        0  stm32f1xx_hal_adc_ex.o(i.HAL_ADCEx_InjectedConfigChannel)
    i.HAL_ADCEx_InjectedConvCpltCallback     0x080007d8   Section        0  main.o(i.HAL_ADCEx_InjectedConvCpltCallback)
    i.HAL_ADCEx_InjectedGetValue             0x080007f0   Section        0  stm32f1xx_hal_adc_ex.o(i.HAL_ADCEx_InjectedGetValue)
    i.HAL_ADCEx_InjectedStart_IT             0x08000824   Section        0  stm32f1xx_hal_adc_ex.o(i.HAL_ADCEx_InjectedStart_IT)
    i.HAL_ADCEx_InjectedStop_IT              0x0800091c   Section        0  stm32f1xx_hal_adc_ex.o(i.HAL_ADCEx_InjectedStop_IT)
    i.HAL_ADC_ConvCpltCallback               0x08000986   Section        0  stm32f1xx_hal_adc.o(i.HAL_ADC_ConvCpltCallback)
    i.HAL_ADC_IRQHandler                     0x08000988   Section        0  stm32f1xx_hal_adc.o(i.HAL_ADC_IRQHandler)
    i.HAL_ADC_Init                           0x08000aac   Section        0  stm32f1xx_hal_adc.o(i.HAL_ADC_Init)
    i.HAL_ADC_LevelOutOfWindowCallback       0x08000bf0   Section        0  stm32f1xx_hal_adc.o(i.HAL_ADC_LevelOutOfWindowCallback)
    i.HAL_ADC_MspInit                        0x08000bf4   Section        0  stm32f1xx_hal_msp.o(i.HAL_ADC_MspInit)
    i.HAL_DMA_Abort                          0x08000c74   Section        0  stm32f1xx_hal_dma.o(i.HAL_DMA_Abort)
    i.HAL_DMA_Abort_IT                       0x08000ccc   Section        0  stm32f1xx_hal_dma.o(i.HAL_DMA_Abort_IT)
    i.HAL_Delay                              0x08000d7c   Section        0  stm32f1xx_hal.o(i.HAL_Delay)
    i.HAL_GPIO_EXTI_Callback                 0x08000da4   Section        0  main.o(i.HAL_GPIO_EXTI_Callback)
    i.HAL_GPIO_EXTI_IRQHandler               0x08000dbc   Section        0  stm32f1xx_hal_gpio.o(i.HAL_GPIO_EXTI_IRQHandler)
    i.HAL_GPIO_Init                          0x08000dd8   Section        0  stm32f1xx_hal_gpio.o(i.HAL_GPIO_Init)
    i.HAL_GPIO_ReadPin                       0x080010f8   Section        0  stm32f1xx_hal_gpio.o(i.HAL_GPIO_ReadPin)
    i.HAL_GPIO_TogglePin                     0x08001108   Section        0  stm32f1xx_hal_gpio.o(i.HAL_GPIO_TogglePin)
    i.HAL_GPIO_WritePin                      0x0800111c   Section        0  stm32f1xx_hal_gpio.o(i.HAL_GPIO_WritePin)
    i.HAL_GetTick                            0x08001128   Section        0  stm32f1xx_hal.o(i.HAL_GetTick)
    i.HAL_IWDG_Refresh                       0x08001134   Section        0  stm32f1xx_hal_iwdg.o(i.HAL_IWDG_Refresh)
    i.HAL_IncTick                            0x08001144   Section        0  stm32f1xx_hal.o(i.HAL_IncTick)
    i.HAL_Init                               0x0800115c   Section        0  stm32f1xx_hal.o(i.HAL_Init)
    i.HAL_InitTick                           0x08001184   Section        0  stm32f1xx_hal.o(i.HAL_InitTick)
    i.HAL_MspInit                            0x080011d0   Section        0  stm32f1xx_hal_msp.o(i.HAL_MspInit)
    i.HAL_NVIC_EnableIRQ                     0x08001224   Section        0  stm32f1xx_hal_cortex.o(i.HAL_NVIC_EnableIRQ)
    i.HAL_NVIC_SetPriority                   0x08001244   Section        0  stm32f1xx_hal_cortex.o(i.HAL_NVIC_SetPriority)
    i.HAL_NVIC_SetPriorityGrouping           0x080012c0   Section        0  stm32f1xx_hal_cortex.o(i.HAL_NVIC_SetPriorityGrouping)
    i.HAL_PWR_EnableBkUpAccess               0x080012e8   Section        0  stm32f1xx_hal_pwr.o(i.HAL_PWR_EnableBkUpAccess)
    i.HAL_RCCEx_GetPeriphCLKFreq             0x080012f4   Section        0  stm32f1xx_hal_rcc_ex.o(i.HAL_RCCEx_GetPeriphCLKFreq)
    i.HAL_RCCEx_PeriphCLKConfig              0x0800140c   Section        0  stm32f1xx_hal_rcc_ex.o(i.HAL_RCCEx_PeriphCLKConfig)
    i.HAL_RCC_ClockConfig                    0x0800153c   Section        0  stm32f1xx_hal_rcc.o(i.HAL_RCC_ClockConfig)
    i.HAL_RCC_EnableCSS                      0x080016c8   Section        0  stm32f1xx_hal_rcc.o(i.HAL_RCC_EnableCSS)
    i.HAL_RCC_GetHCLKFreq                    0x080016d4   Section        0  stm32f1xx_hal_rcc.o(i.HAL_RCC_GetHCLKFreq)
    i.HAL_RCC_GetPCLK1Freq                   0x080016e0   Section        0  stm32f1xx_hal_rcc.o(i.HAL_RCC_GetPCLK1Freq)
    i.HAL_RCC_GetPCLK2Freq                   0x08001700   Section        0  stm32f1xx_hal_rcc.o(i.HAL_RCC_GetPCLK2Freq)
    i.HAL_RCC_GetSysClockFreq                0x08001720   Section        0  stm32f1xx_hal_rcc.o(i.HAL_RCC_GetSysClockFreq)
    i.HAL_RCC_OscConfig                      0x080017b4   Section        0  stm32f1xx_hal_rcc.o(i.HAL_RCC_OscConfig)
    i.HAL_RTC_Init                           0x08001c18   Section        0  stm32f1xx_hal_rtc.o(i.HAL_RTC_Init)
    i.HAL_RTC_MspInit                        0x08001ce8   Section        0  stm32f1xx_hal_msp.o(i.HAL_RTC_MspInit)
    i.HAL_RTC_SetDate                        0x08001d28   Section        0  stm32f1xx_hal_rtc.o(i.HAL_RTC_SetDate)
    i.HAL_RTC_SetTime                        0x08001e20   Section        0  stm32f1xx_hal_rtc.o(i.HAL_RTC_SetTime)
    i.HAL_RTC_WaitForSynchro                 0x08001efc   Section        0  stm32f1xx_hal_rtc.o(i.HAL_RTC_WaitForSynchro)
    i.HAL_SYSTICK_Config                     0x08001f3c   Section        0  stm32f1xx_hal_cortex.o(i.HAL_SYSTICK_Config)
    i.HAL_TIMEx_BreakCallback                0x08001f70   Section        0  stm32f1xx_hal_tim_ex.o(i.HAL_TIMEx_BreakCallback)
    i.HAL_TIMEx_CommutCallback               0x08001f72   Section        0  stm32f1xx_hal_tim_ex.o(i.HAL_TIMEx_CommutCallback)
    i.HAL_TIMEx_ConfigBreakDeadTime          0x08001f74   Section        0  stm32f1xx_hal_tim_ex.o(i.HAL_TIMEx_ConfigBreakDeadTime)
    i.HAL_TIMEx_MasterConfigSynchronization  0x08001fe8   Section        0  stm32f1xx_hal_tim_ex.o(i.HAL_TIMEx_MasterConfigSynchronization)
    i.HAL_TIM_Base_Init                      0x0800206c   Section        0  stm32f1xx_hal_tim.o(i.HAL_TIM_Base_Init)
    i.HAL_TIM_Base_MspInit                   0x080020d4   Section        0  stm32f1xx_hal_msp.o(i.HAL_TIM_Base_MspInit)
    i.HAL_TIM_Base_Start_IT                  0x080021a0   Section        0  stm32f1xx_hal_tim.o(i.HAL_TIM_Base_Start_IT)
    i.HAL_TIM_ConfigClockSource              0x08002218   Section        0  stm32f1xx_hal_tim.o(i.HAL_TIM_ConfigClockSource)
    i.HAL_TIM_IC_CaptureCallback             0x08002320   Section        0  stm32f1xx_hal_tim.o(i.HAL_TIM_IC_CaptureCallback)
    i.HAL_TIM_IRQHandler                     0x08002322   Section        0  stm32f1xx_hal_tim.o(i.HAL_TIM_IRQHandler)
    i.HAL_TIM_MspPostInit                    0x080024b8   Section        0  stm32f1xx_hal_msp.o(i.HAL_TIM_MspPostInit)
    i.HAL_TIM_OC_DelayElapsedCallback        0x08002514   Section        0  stm32f1xx_hal_tim.o(i.HAL_TIM_OC_DelayElapsedCallback)
    i.HAL_TIM_PWM_ConfigChannel              0x08002516   Section        0  stm32f1xx_hal_tim.o(i.HAL_TIM_PWM_ConfigChannel)
    i.HAL_TIM_PWM_Init                       0x08002612   Section        0  stm32f1xx_hal_tim.o(i.HAL_TIM_PWM_Init)
    i.HAL_TIM_PWM_MspInit                    0x08002678   Section        0  stm32f1xx_hal_tim.o(i.HAL_TIM_PWM_MspInit)
    i.HAL_TIM_PWM_PulseFinishedCallback      0x0800267a   Section        0  stm32f1xx_hal_tim.o(i.HAL_TIM_PWM_PulseFinishedCallback)
    i.HAL_TIM_PWM_Start                      0x0800267c   Section        0  stm32f1xx_hal_tim.o(i.HAL_TIM_PWM_Start)
    i.HAL_TIM_PWM_Stop                       0x08002750   Section        0  stm32f1xx_hal_tim.o(i.HAL_TIM_PWM_Stop)
    i.HAL_TIM_PeriodElapsedCallback          0x080027ec   Section        0  main.o(i.HAL_TIM_PeriodElapsedCallback)
    i.HAL_TIM_TriggerCallback                0x08002820   Section        0  stm32f1xx_hal_tim.o(i.HAL_TIM_TriggerCallback)
    i.HAL_UARTEx_RxEventCallback             0x08002822   Section        0  stm32f1xx_hal_uart.o(i.HAL_UARTEx_RxEventCallback)
    i.HAL_UART_ErrorCallback                 0x08002824   Section        0  stm32f1xx_hal_uart.o(i.HAL_UART_ErrorCallback)
    i.HAL_UART_IRQHandler                    0x08002828   Section        0  stm32f1xx_hal_uart.o(i.HAL_UART_IRQHandler)
    i.HAL_UART_Init                          0x08002a74   Section        0  stm32f1xx_hal_uart.o(i.HAL_UART_Init)
    i.HAL_UART_MspInit                       0x08002ae8   Section        0  stm32f1xx_hal_msp.o(i.HAL_UART_MspInit)
    i.HAL_UART_Receive_IT                    0x08002b94   Section        0  stm32f1xx_hal_uart.o(i.HAL_UART_Receive_IT)
    i.HAL_UART_RxCpltCallback                0x08002bd6   Section        0  main.o(i.HAL_UART_RxCpltCallback)
    i.HAL_UART_Transmit_IT                   0x08002be0   Section        0  stm32f1xx_hal_uart.o(i.HAL_UART_Transmit_IT)
    i.HAL_UART_TxCpltCallback                0x08002c38   Section        0  main.o(i.HAL_UART_TxCpltCallback)
    i.HardFault_Handler                      0x08002c44   Section        0  stm32f1xx_it.o(i.HardFault_Handler)
    i.INT1InterruptHandler                   0x08002c48   Section        0  read_tacho.o(i.INT1InterruptHandler)
    i.INT2InterruptHandler                   0x08002cc0   Section        0  read_tacho.o(i.INT2InterruptHandler)
    i.IntUart1Handler                        0x08002d38   Section        0  uart_driver.o(i.IntUart1Handler)
    i.MX_ADC1_Init                           0x08002d88   Section        0  main.o(i.MX_ADC1_Init)
    MX_ADC1_Init                             0x08002d89   Thumb Code   128  main.o(i.MX_ADC1_Init)
    i.MX_GPIO_Init                           0x08002e10   Section        0  main.o(i.MX_GPIO_Init)
    MX_GPIO_Init                             0x08002e11   Thumb Code   462  main.o(i.MX_GPIO_Init)
    i.MX_RTC_Init                            0x08002ff0   Section        0  main.o(i.MX_RTC_Init)
    MX_RTC_Init                              0x08002ff1   Thumb Code   106  main.o(i.MX_RTC_Init)
    i.MX_TIM1_Init                           0x08003064   Section        0  main.o(i.MX_TIM1_Init)
    MX_TIM1_Init                             0x08003065   Thumb Code   224  main.o(i.MX_TIM1_Init)
    i.MX_TIM2_Init                           0x08003150   Section        0  main.o(i.MX_TIM2_Init)
    MX_TIM2_Init                             0x08003151   Thumb Code   104  main.o(i.MX_TIM2_Init)
    i.MX_TIM3_Init                           0x080031bc   Section        0  main.o(i.MX_TIM3_Init)
    MX_TIM3_Init                             0x080031bd   Thumb Code   100  main.o(i.MX_TIM3_Init)
    i.MX_USART1_UART_Init                    0x08003228   Section        0  main.o(i.MX_USART1_UART_Init)
    MX_USART1_UART_Init                      0x08003229   Thumb Code    46  main.o(i.MX_USART1_UART_Init)
    i.MemManage_Handler                      0x08003260   Section        0  stm32f1xx_it.o(i.MemManage_Handler)
    i.NMI_Handler                            0x08003264   Section        0  stm32f1xx_it.o(i.NMI_Handler)
    i.PendSV_Handler                         0x08003266   Section        0  stm32f1xx_it.o(i.PendSV_Handler)
    i.RCC_Delay                              0x08003268   Section        0  stm32f1xx_hal_rcc.o(i.RCC_Delay)
    RCC_Delay                                0x08003269   Thumb Code    36  stm32f1xx_hal_rcc.o(i.RCC_Delay)
    i.RTC_Bcd2ToByte                         0x08003290   Section        0  stm32f1xx_hal_rtc.o(i.RTC_Bcd2ToByte)
    RTC_Bcd2ToByte                           0x08003291   Thumb Code    22  stm32f1xx_hal_rtc.o(i.RTC_Bcd2ToByte)
    i.RTC_EnterInitMode                      0x080032a6   Section        0  stm32f1xx_hal_rtc.o(i.RTC_EnterInitMode)
    RTC_EnterInitMode                        0x080032a7   Thumb Code    58  stm32f1xx_hal_rtc.o(i.RTC_EnterInitMode)
    i.RTC_ExitInitMode                       0x080032e0   Section        0  stm32f1xx_hal_rtc.o(i.RTC_ExitInitMode)
    RTC_ExitInitMode                         0x080032e1   Thumb Code    58  stm32f1xx_hal_rtc.o(i.RTC_ExitInitMode)
    i.RTC_ReadAlarmCounter                   0x0800331a   Section        0  stm32f1xx_hal_rtc.o(i.RTC_ReadAlarmCounter)
    RTC_ReadAlarmCounter                     0x0800331b   Thumb Code    24  stm32f1xx_hal_rtc.o(i.RTC_ReadAlarmCounter)
    i.RTC_ReadTimeCounter                    0x08003332   Section        0  stm32f1xx_hal_rtc.o(i.RTC_ReadTimeCounter)
    RTC_ReadTimeCounter                      0x08003333   Thumb Code    52  stm32f1xx_hal_rtc.o(i.RTC_ReadTimeCounter)
    i.RTC_WeekDayNum                         0x08003366   Section        0  stm32f1xx_hal_rtc.o(i.RTC_WeekDayNum)
    RTC_WeekDayNum                           0x08003367   Thumb Code   132  stm32f1xx_hal_rtc.o(i.RTC_WeekDayNum)
    i.RTC_WriteAlarmCounter                  0x080033ea   Section        0  stm32f1xx_hal_rtc.o(i.RTC_WriteAlarmCounter)
    RTC_WriteAlarmCounter                    0x080033eb   Thumb Code    46  stm32f1xx_hal_rtc.o(i.RTC_WriteAlarmCounter)
    i.RTC_WriteTimeCounter                   0x08003418   Section        0  stm32f1xx_hal_rtc.o(i.RTC_WriteTimeCounter)
    RTC_WriteTimeCounter                     0x08003419   Thumb Code    46  stm32f1xx_hal_rtc.o(i.RTC_WriteTimeCounter)
    i.ReadTimer2                             0x08003448   Section        0  main.o(i.ReadTimer2)
    i.SVC_Handler                            0x08003454   Section        0  stm32f1xx_it.o(i.SVC_Handler)
    i.SetDutyCyclePwm                        0x08003456   Section        0  pwm.o(i.SetDutyCyclePwm)
    i.Set_TIM1_Duty_Cycle_Channel1           0x08003484   Section        0  main.o(i.Set_TIM1_Duty_Cycle_Channel1)
    i.Set_TIM1_Duty_Cycle_Channel2           0x080034c8   Section        0  main.o(i.Set_TIM1_Duty_Cycle_Channel2)
    i.SysTick_Handler                        0x0800350c   Section        0  stm32f1xx_it.o(i.SysTick_Handler)
    i.SystemClock_Config                     0x08003514   Section        0  main.o(i.SystemClock_Config)
    i.SystemCoreClockUpdate                  0x080035a8   Section        0  system_stm32f1xx.o(i.SystemCoreClockUpdate)
    i.SystemInit                             0x0800364c   Section        0  system_stm32f1xx.o(i.SystemInit)
    i.TIM2_IRQHandler                        0x08003650   Section        0  stm32f1xx_it.o(i.TIM2_IRQHandler)
    i.TIM3_IRQHandler                        0x08003660   Section        0  stm32f1xx_it.o(i.TIM3_IRQHandler)
    i.TIM_Base_SetConfig                     0x08003670   Section        0  stm32f1xx_hal_tim.o(i.TIM_Base_SetConfig)
    i.TIM_CCxChannelCmd                      0x080036e4   Section        0  stm32f1xx_hal_tim.o(i.TIM_CCxChannelCmd)
    i.TIM_ETR_SetConfig                      0x08003706   Section        0  stm32f1xx_hal_tim.o(i.TIM_ETR_SetConfig)
    i.TIM_ITRx_SetConfig                     0x0800371c   Section        0  stm32f1xx_hal_tim.o(i.TIM_ITRx_SetConfig)
    TIM_ITRx_SetConfig                       0x0800371d   Thumb Code    18  stm32f1xx_hal_tim.o(i.TIM_ITRx_SetConfig)
    i.TIM_OC1_SetConfig                      0x08003730   Section        0  stm32f1xx_hal_tim.o(i.TIM_OC1_SetConfig)
    TIM_OC1_SetConfig                        0x08003731   Thumb Code    90  stm32f1xx_hal_tim.o(i.TIM_OC1_SetConfig)
    i.TIM_OC2_SetConfig                      0x08003790   Section        0  stm32f1xx_hal_tim.o(i.TIM_OC2_SetConfig)
    i.TIM_OC3_SetConfig                      0x080037f8   Section        0  stm32f1xx_hal_tim.o(i.TIM_OC3_SetConfig)
    TIM_OC3_SetConfig                        0x080037f9   Thumb Code    98  stm32f1xx_hal_tim.o(i.TIM_OC3_SetConfig)
    i.TIM_OC4_SetConfig                      0x08003860   Section        0  stm32f1xx_hal_tim.o(i.TIM_OC4_SetConfig)
    TIM_OC4_SetConfig                        0x08003861   Thumb Code    68  stm32f1xx_hal_tim.o(i.TIM_OC4_SetConfig)
    i.TIM_TI1_ConfigInputStage               0x080038a8   Section        0  stm32f1xx_hal_tim.o(i.TIM_TI1_ConfigInputStage)
    TIM_TI1_ConfigInputStage                 0x080038a9   Thumb Code    38  stm32f1xx_hal_tim.o(i.TIM_TI1_ConfigInputStage)
    i.TIM_TI2_ConfigInputStage               0x080038ce   Section        0  stm32f1xx_hal_tim.o(i.TIM_TI2_ConfigInputStage)
    TIM_TI2_ConfigInputStage                 0x080038cf   Thumb Code    40  stm32f1xx_hal_tim.o(i.TIM_TI2_ConfigInputStage)
    i.Timer2Handler                          0x080038f8   Section        0  read_tacho.o(i.Timer2Handler)
    i.Timer3Handler                          0x08003908   Section        0  scheduler.o(i.Timer3Handler)
    i.UART_DMAAbortOnError                   0x08003940   Section        0  stm32f1xx_hal_uart.o(i.UART_DMAAbortOnError)
    UART_DMAAbortOnError                     0x08003941   Thumb Code    20  stm32f1xx_hal_uart.o(i.UART_DMAAbortOnError)
    i.UART_EndRxTransfer                     0x08003954   Section        0  stm32f1xx_hal_uart.o(i.UART_EndRxTransfer)
    UART_EndRxTransfer                       0x08003955   Thumb Code    54  stm32f1xx_hal_uart.o(i.UART_EndRxTransfer)
    i.UART_EndTransmit_IT                    0x0800398a   Section        0  stm32f1xx_hal_uart.o(i.UART_EndTransmit_IT)
    UART_EndTransmit_IT                      0x0800398b   Thumb Code    32  stm32f1xx_hal_uart.o(i.UART_EndTransmit_IT)
    i.UART_Receive_IT                        0x080039aa   Section        0  stm32f1xx_hal_uart.o(i.UART_Receive_IT)
    UART_Receive_IT                          0x080039ab   Thumb Code   228  stm32f1xx_hal_uart.o(i.UART_Receive_IT)
    i.UART_SetConfig                         0x08003a90   Section        0  stm32f1xx_hal_uart.o(i.UART_SetConfig)
    UART_SetConfig                           0x08003a91   Thumb Code   248  stm32f1xx_hal_uart.o(i.UART_SetConfig)
    i.UART_Start_Receive_IT                  0x08003b8c   Section        0  stm32f1xx_hal_uart.o(i.UART_Start_Receive_IT)
    i.UART_Transmit_IT                       0x08003bd2   Section        0  stm32f1xx_hal_uart.o(i.UART_Transmit_IT)
    UART_Transmit_IT                         0x08003bd3   Thumb Code    96  stm32f1xx_hal_uart.o(i.UART_Transmit_IT)
    i.UART_WriteBuffer                       0x08003c34   Section        0  uart_driver.o(i.UART_WriteBuffer)
    i.USART1_IRQHandler                      0x08003c60   Section        0  stm32f1xx_it.o(i.USART1_IRQHandler)
    i.UsageFault_Handler                     0x08003c70   Section        0  stm32f1xx_it.o(i.UsageFault_Handler)
    i.__NVIC_GetPriorityGrouping             0x08003c74   Section        0  stm32f1xx_hal_cortex.o(i.__NVIC_GetPriorityGrouping)
    __NVIC_GetPriorityGrouping               0x08003c75   Thumb Code    10  stm32f1xx_hal_cortex.o(i.__NVIC_GetPriorityGrouping)
    i.__NVIC_SetPriority                     0x08003c84   Section        0  stm32f1xx_hal_cortex.o(i.__NVIC_SetPriority)
    __NVIC_SetPriority                       0x08003c85   Thumb Code    32  stm32f1xx_hal_cortex.o(i.__NVIC_SetPriority)
    i.initAdc                                0x08003cac   Section        0  adc_driver.o(i.initAdc)
    i.initPwm                                0x08003cbc   Section        0  pwm.o(i.initPwm)
    i.initUart                               0x08003cc0   Section        0  uart_driver.o(i.initUart)
    i.init_ReadTacho                         0x08003cd8   Section        0  read_tacho.o(i.init_ReadTacho)
    i.init_data                              0x08003d28   Section        0  main.o(i.init_data)
    i.init_io                                0x08003d6c   Section        0  main.o(i.init_io)
    i.init_scheduler                         0x08003d9c   Section        0  scheduler.o(i.init_scheduler)
    i.insert_function_sheduler               0x08003ddc   Section        0  scheduler.o(i.insert_function_sheduler)
    i.leds_admin                             0x08003e28   Section        0  events_admin.o(i.leds_admin)
    i.main                                   0x08003f2c   Section        0  main.o(i.main)
    i.managementTacho                        0x08003f9c   Section        0  read_tacho.o(i.managementTacho)
    i.messages_administrator                 0x080041d0   Section        0  seriale.o(i.messages_administrator)
    i.process_sheduler                       0x080043a4   Section        0  scheduler.o(i.process_sheduler)
    i.setup                                  0x080043fc   Section        0  main.o(i.setup)
    i.test_leds                              0x0800442c   Section        0  main.o(i.test_leds)
    i.test_motors                            0x080044e4   Section        0  events_admin.o(i.test_motors)
    i.wait_ms                                0x08004858   Section        0  main.o(i.wait_ms)
    .constdata                               0x08004864   Section       24  system_stm32f1xx.o(.constdata)
    .data                                    0x20000000   Section        8  main.o(.data)
    .data                                    0x20000008   Section       32  adc_driver.o(.data)
    .data                                    0x20000028   Section       15  events_admin.o(.data)
    .data                                    0x20000038   Section       33  read_tacho.o(.data)
    .data                                    0x2000005c   Section        4  seriale.o(.data)
    .data                                    0x20000060   Section       12  uart_driver.o(.data)
    .data                                    0x2000006c   Section        9  stm32f1xx_hal.o(.data)
    .data                                    0x20000078   Section        4  system_stm32f1xx.o(.data)
    .bss                                     0x2000007c   Section      496  main.o(.bss)
    .bss                                     0x2000026c   Section       48  read_tacho.o(.bss)
    .bss                                     0x2000029c   Section      160  scheduler.o(.bss)
    .bss                                     0x2000033c   Section       64  seriale.o(.bss)
    .bss                                     0x2000037c   Section      256  uart_driver.o(.bss)
    .bss                                     0x2000047c   Section       96  libspace.o(.bss)
    HEAP                                     0x200004e0   Section      512  startup_stm32f103xb.o(HEAP)
    Heap_Mem                                 0x200004e0   Data         512  startup_stm32f103xb.o(HEAP)
    STACK                                    0x200006e0   Section     1024  startup_stm32f103xb.o(STACK)
    Stack_Mem                                0x200006e0   Data        1024  startup_stm32f103xb.o(STACK)
    __initial_sp                             0x20000ae0   Data           0  startup_stm32f103xb.o(STACK)

    Global Symbols

    Symbol Name                              Value     Ov Type        Size  Object(Section)

    BuildAttributes$$THM_ISAv4$P$D$K$B$S$PE$A:L22UL41UL21$X:L11$S22US41US21$IEEE1$IW$USESV6$~STKCKD$USESV7$~SHL$OSPACE$ROPI$EBA8$UX$STANDARDLIB$REQ8$PRES8$EABIv2 0x00000000   Number         0  anon$$obj.o ABSOLUTE
    __ARM_use_no_argv                        0x00000000   Number         0  main.o ABSOLUTE
    __ARM_exceptions_init                     - Undefined Weak Reference
    __alloca_initialize                       - Undefined Weak Reference
    __arm_preinit_                            - Undefined Weak Reference
    __cpp_initialize__aeabi_                  - Undefined Weak Reference
    __cxa_finalize                            - Undefined Weak Reference
    __rt_locale                               - Undefined Weak Reference
    __sigvec_lookup                           - Undefined Weak Reference
    _atexit_init                              - Undefined Weak Reference
    _call_atexit_fns                          - Undefined Weak Reference
    _clock_init                               - Undefined Weak Reference
    _fp_trap_init                             - Undefined Weak Reference
    _fp_trap_shutdown                         - Undefined Weak Reference
    _get_lc_collate                           - Undefined Weak Reference
    _get_lc_ctype                             - Undefined Weak Reference
    _get_lc_monetary                          - Undefined Weak Reference
    _get_lc_numeric                           - Undefined Weak Reference
    _get_lc_time                              - Undefined Weak Reference
    _getenv_init                              - Undefined Weak Reference
    _handle_redirection                       - Undefined Weak Reference
    _init_alloc                               - Undefined Weak Reference
    _init_user_alloc                          - Undefined Weak Reference
    _initio                                   - Undefined Weak Reference
    _rand_init                                - Undefined Weak Reference
    _signal_finish                            - Undefined Weak Reference
    _signal_init                              - Undefined Weak Reference
    _terminate_alloc                          - Undefined Weak Reference
    _terminate_user_alloc                     - Undefined Weak Reference
    _terminateio                              - Undefined Weak Reference
    __Vectors_Size                           0x000000ec   Number         0  startup_stm32f103xb.o ABSOLUTE
    __Vectors                                0x08000000   Data           4  startup_stm32f103xb.o(RESET)
    __Vectors_End                            0x080000ec   Data           0  startup_stm32f103xb.o(RESET)
    __main                                   0x080000ed   Thumb Code     8  __main.o(!!!main)
    __scatterload                            0x080000f5   Thumb Code     0  __scatter.o(!!!scatter)
    __scatterload_rt2                        0x080000f5   Thumb Code    44  __scatter.o(!!!scatter)
    __scatterload_rt2_thumb_only             0x080000f5   Thumb Code     0  __scatter.o(!!!scatter)
    __scatterload_null                       0x08000103   Thumb Code     0  __scatter.o(!!!scatter)
    __scatterload_copy                       0x08000129   Thumb Code    26  __scatter_copy.o(!!handler_copy)
    __scatterload_zeroinit                   0x08000145   Thumb Code    28  __scatter_zi.o(!!handler_zi)
    __rt_lib_init                            0x08000161   Thumb Code     0  libinit.o(.ARM.Collect$$libinit$$00000000)
    __rt_lib_init_alloca_1                   0x08000163   Thumb Code     0  libinit2.o(.ARM.Collect$$libinit$$0000002E)
    __rt_lib_init_argv_1                     0x08000163   Thumb Code     0  libinit2.o(.ARM.Collect$$libinit$$0000002C)
    __rt_lib_init_atexit_1                   0x08000163   Thumb Code     0  libinit2.o(.ARM.Collect$$libinit$$0000001B)
    __rt_lib_init_clock_1                    0x08000163   Thumb Code     0  libinit2.o(.ARM.Collect$$libinit$$00000021)
    __rt_lib_init_cpp_1                      0x08000163   Thumb Code     0  libinit2.o(.ARM.Collect$$libinit$$00000032)
    __rt_lib_init_exceptions_1               0x08000163   Thumb Code     0  libinit2.o(.ARM.Collect$$libinit$$00000030)
    __rt_lib_init_fp_1                       0x08000163   Thumb Code     0  libinit2.o(.ARM.Collect$$libinit$$00000002)
    __rt_lib_init_fp_trap_1                  0x08000163   Thumb Code     0  libinit2.o(.ARM.Collect$$libinit$$0000001F)
    __rt_lib_init_getenv_1                   0x08000163   Thumb Code     0  libinit2.o(.ARM.Collect$$libinit$$00000023)
    __rt_lib_init_heap_1                     0x08000163   Thumb Code     0  libinit2.o(.ARM.Collect$$libinit$$0000000A)
    __rt_lib_init_lc_collate_1               0x08000163   Thumb Code     0  libinit2.o(.ARM.Collect$$libinit$$00000011)
    __rt_lib_init_lc_ctype_1                 0x08000163   Thumb Code     0  libinit2.o(.ARM.Collect$$libinit$$00000013)
    __rt_lib_init_lc_monetary_1              0x08000163   Thumb Code     0  libinit2.o(.ARM.Collect$$libinit$$00000015)
    __rt_lib_init_lc_numeric_1               0x08000163   Thumb Code     0  libinit2.o(.ARM.Collect$$libinit$$00000017)
    __rt_lib_init_lc_time_1                  0x08000163   Thumb Code     0  libinit2.o(.ARM.Collect$$libinit$$00000019)
    __rt_lib_init_preinit_1                  0x08000163   Thumb Code     0  libinit2.o(.ARM.Collect$$libinit$$00000004)
    __rt_lib_init_rand_1                     0x08000163   Thumb Code     0  libinit2.o(.ARM.Collect$$libinit$$0000000E)
    __rt_lib_init_return                     0x08000163   Thumb Code     0  libinit2.o(.ARM.Collect$$libinit$$00000033)
    __rt_lib_init_signal_1                   0x08000163   Thumb Code     0  libinit2.o(.ARM.Collect$$libinit$$0000001D)
    __rt_lib_init_stdio_1                    0x08000163   Thumb Code     0  libinit2.o(.ARM.Collect$$libinit$$00000025)
    __rt_lib_init_user_alloc_1               0x08000163   Thumb Code     0  libinit2.o(.ARM.Collect$$libinit$$0000000C)
    __rt_lib_shutdown                        0x08000165   Thumb Code     0  libshutdown.o(.ARM.Collect$$libshutdown$$00000000)
    __rt_lib_shutdown_cpp_1                  0x08000167   Thumb Code     0  libshutdown2.o(.ARM.Collect$$libshutdown$$00000002)
    __rt_lib_shutdown_fp_trap_1              0x08000167   Thumb Code     0  libshutdown2.o(.ARM.Collect$$libshutdown$$00000007)
    __rt_lib_shutdown_heap_1                 0x08000167   Thumb Code     0  libshutdown2.o(.ARM.Collect$$libshutdown$$0000000F)
    __rt_lib_shutdown_return                 0x08000167   Thumb Code     0  libshutdown2.o(.ARM.Collect$$libshutdown$$00000010)
    __rt_lib_shutdown_signal_1               0x08000167   Thumb Code     0  libshutdown2.o(.ARM.Collect$$libshutdown$$0000000A)
    __rt_lib_shutdown_stdio_1                0x08000167   Thumb Code     0  libshutdown2.o(.ARM.Collect$$libshutdown$$00000004)
    __rt_lib_shutdown_user_alloc_1           0x08000167   Thumb Code     0  libshutdown2.o(.ARM.Collect$$libshutdown$$0000000C)
    __rt_entry                               0x08000169   Thumb Code     0  __rtentry.o(.ARM.Collect$$rtentry$$00000000)
    __rt_entry_presh_1                       0x08000169   Thumb Code     0  __rtentry2.o(.ARM.Collect$$rtentry$$00000002)
    __rt_entry_sh                            0x08000169   Thumb Code     0  __rtentry4.o(.ARM.Collect$$rtentry$$00000004)
    __rt_entry_li                            0x0800016f   Thumb Code     0  __rtentry2.o(.ARM.Collect$$rtentry$$0000000A)
    __rt_entry_postsh_1                      0x0800016f   Thumb Code     0  __rtentry2.o(.ARM.Collect$$rtentry$$00000009)
    __rt_entry_main                          0x08000173   Thumb Code     0  __rtentry2.o(.ARM.Collect$$rtentry$$0000000D)
    __rt_entry_postli_1                      0x08000173   Thumb Code     0  __rtentry2.o(.ARM.Collect$$rtentry$$0000000C)
    __rt_exit                                0x0800017b   Thumb Code     0  rtexit.o(.ARM.Collect$$rtexit$$00000000)
    __rt_exit_ls                             0x0800017d   Thumb Code     0  rtexit2.o(.ARM.Collect$$rtexit$$00000003)
    __rt_exit_prels_1                        0x0800017d   Thumb Code     0  rtexit2.o(.ARM.Collect$$rtexit$$00000002)
    __rt_exit_exit                           0x08000181   Thumb Code     0  rtexit2.o(.ARM.Collect$$rtexit$$00000004)
    Reset_Handler                            0x08000189   Thumb Code     8  startup_stm32f103xb.o(.text)
    CAN1_RX1_IRQHandler                      0x080001a3   Thumb Code     0  startup_stm32f103xb.o(.text)
    CAN1_SCE_IRQHandler                      0x080001a3   Thumb Code     0  startup_stm32f103xb.o(.text)
    DMA1_Channel1_IRQHandler                 0x080001a3   Thumb Code     0  startup_stm32f103xb.o(.text)
    DMA1_Channel2_IRQHandler                 0x080001a3   Thumb Code     0  startup_stm32f103xb.o(.text)
    DMA1_Channel3_IRQHandler                 0x080001a3   Thumb Code     0  startup_stm32f103xb.o(.text)
    DMA1_Channel4_IRQHandler                 0x080001a3   Thumb Code     0  startup_stm32f103xb.o(.text)
    DMA1_Channel5_IRQHandler                 0x080001a3   Thumb Code     0  startup_stm32f103xb.o(.text)
    DMA1_Channel6_IRQHandler                 0x080001a3   Thumb Code     0  startup_stm32f103xb.o(.text)
    DMA1_Channel7_IRQHandler                 0x080001a3   Thumb Code     0  startup_stm32f103xb.o(.text)
    EXTI0_IRQHandler                         0x080001a3   Thumb Code     0  startup_stm32f103xb.o(.text)
    EXTI15_10_IRQHandler                     0x080001a3   Thumb Code     0  startup_stm32f103xb.o(.text)
    EXTI1_IRQHandler                         0x080001a3   Thumb Code     0  startup_stm32f103xb.o(.text)
    EXTI2_IRQHandler                         0x080001a3   Thumb Code     0  startup_stm32f103xb.o(.text)
    EXTI3_IRQHandler                         0x080001a3   Thumb Code     0  startup_stm32f103xb.o(.text)
    EXTI4_IRQHandler                         0x080001a3   Thumb Code     0  startup_stm32f103xb.o(.text)
    FLASH_IRQHandler                         0x080001a3   Thumb Code     0  startup_stm32f103xb.o(.text)
    I2C1_ER_IRQHandler                       0x080001a3   Thumb Code     0  startup_stm32f103xb.o(.text)
    I2C1_EV_IRQHandler                       0x080001a3   Thumb Code     0  startup_stm32f103xb.o(.text)
    I2C2_ER_IRQHandler                       0x080001a3   Thumb Code     0  startup_stm32f103xb.o(.text)
    I2C2_EV_IRQHandler                       0x080001a3   Thumb Code     0  startup_stm32f103xb.o(.text)
    PVD_IRQHandler                           0x080001a3   Thumb Code     0  startup_stm32f103xb.o(.text)
    RCC_IRQHandler                           0x080001a3   Thumb Code     0  startup_stm32f103xb.o(.text)
    RTC_Alarm_IRQHandler                     0x080001a3   Thumb Code     0  startup_stm32f103xb.o(.text)
    RTC_IRQHandler                           0x080001a3   Thumb Code     0  startup_stm32f103xb.o(.text)
    SPI1_IRQHandler                          0x080001a3   Thumb Code     0  startup_stm32f103xb.o(.text)
    SPI2_IRQHandler                          0x080001a3   Thumb Code     0  startup_stm32f103xb.o(.text)
    TAMPER_IRQHandler                        0x080001a3   Thumb Code     0  startup_stm32f103xb.o(.text)
    TIM1_BRK_IRQHandler                      0x080001a3   Thumb Code     0  startup_stm32f103xb.o(.text)
    TIM1_CC_IRQHandler                       0x080001a3   Thumb Code     0  startup_stm32f103xb.o(.text)
    TIM1_TRG_COM_IRQHandler                  0x080001a3   Thumb Code     0  startup_stm32f103xb.o(.text)
    TIM1_UP_IRQHandler                       0x080001a3   Thumb Code     0  startup_stm32f103xb.o(.text)
    TIM4_IRQHandler                          0x080001a3   Thumb Code     0  startup_stm32f103xb.o(.text)
    USART2_IRQHandler                        0x080001a3   Thumb Code     0  startup_stm32f103xb.o(.text)
    USART3_IRQHandler                        0x080001a3   Thumb Code     0  startup_stm32f103xb.o(.text)
    USBWakeUp_IRQHandler                     0x080001a3   Thumb Code     0  startup_stm32f103xb.o(.text)
    USB_HP_CAN1_TX_IRQHandler                0x080001a3   Thumb Code     0  startup_stm32f103xb.o(.text)
    USB_LP_CAN1_RX0_IRQHandler               0x080001a3   Thumb Code     0  startup_stm32f103xb.o(.text)
    WWDG_IRQHandler                          0x080001a3   Thumb Code     0  startup_stm32f103xb.o(.text)
    __user_initial_stackheap                 0x080001a5   Thumb Code     0  startup_stm32f103xb.o(.text)
    __aeabi_memclr4                          0x080001c9   Thumb Code     0  rt_memclr_w.o(.text)
    __aeabi_memclr8                          0x080001c9   Thumb Code     0  rt_memclr_w.o(.text)
    __rt_memclr_w                            0x080001c9   Thumb Code    78  rt_memclr_w.o(.text)
    _memset_w                                0x080001cd   Thumb Code     0  rt_memclr_w.o(.text)
    __use_two_region_memory                  0x08000217   Thumb Code     2  heapauxi.o(.text)
    __rt_heap_escrow$2region                 0x08000219   Thumb Code     2  heapauxi.o(.text)
    __rt_heap_expand$2region                 0x0800021b   Thumb Code     2  heapauxi.o(.text)
    __user_setup_stackheap                   0x0800021d   Thumb Code    74  sys_stackheap_outer.o(.text)
    exit                                     0x08000267   Thumb Code    18  exit.o(.text)
    __user_libspace                          0x08000279   Thumb Code     8  libspace.o(.text)
    __user_perproc_libspace                  0x08000279   Thumb Code     0  libspace.o(.text)
    __user_perthread_libspace                0x08000279   Thumb Code     0  libspace.o(.text)
    _sys_exit                                0x08000281   Thumb Code     8  sys_exit.o(.text)
    __I$use$semihosting                      0x0800028d   Thumb Code     0  use_no_semi.o(.text)
    __use_no_semihosting_swi                 0x0800028d   Thumb Code     2  use_no_semi.o(.text)
    __semihosting_library_function           0x0800028f   Thumb Code     0  indicate_semi.o(.text)
    ADC1_2_IRQHandler                        0x08000291   Thumb Code    10  stm32f1xx_it.o(i.ADC1_2_IRQHandler)
    ADC_ConversionStop_Disable               0x080002a1   Thumb Code    92  stm32f1xx_hal_adc.o(i.ADC_ConversionStop_Disable)
    ADC_Enable                               0x080002fd   Thumb Code   134  stm32f1xx_hal_adc.o(i.ADC_Enable)
    Adc_result                               0x0800038d   Thumb Code   220  adc_driver.o(i.Adc_result)
    BusFault_Handler                         0x08000489   Thumb Code     4  stm32f1xx_it.o(i.BusFault_Handler)
    Calculate_cksum16                        0x0800048d   Thumb Code    26  seriale.o(i.Calculate_cksum16)
    DebugMon_Handler                         0x080004a7   Thumb Code     2  stm32f1xx_it.o(i.DebugMon_Handler)
    DisableMuxTacho                          0x080004a9   Thumb Code    84  read_tacho.o(i.DisableMuxTacho)
    EXTI9_5_IRQHandler                       0x0800051d   Thumb Code    16  stm32f1xx_it.o(i.EXTI9_5_IRQHandler)
    EnableMuxTacho                           0x0800052d   Thumb Code    32  read_tacho.o(i.EnableMuxTacho)
    Error_Handler                            0x08000555   Thumb Code     2  main.o(i.Error_Handler)
    FillHeadMessagePoll                      0x08000559   Thumb Code    40  seriale.o(i.FillHeadMessagePoll)
    HAL_ADCEx_InjectedConfigChannel          0x08000585   Thumb Code   584  stm32f1xx_hal_adc_ex.o(i.HAL_ADCEx_InjectedConfigChannel)
    HAL_ADCEx_InjectedConvCpltCallback       0x080007d9   Thumb Code    18  main.o(i.HAL_ADCEx_InjectedConvCpltCallback)
    HAL_ADCEx_InjectedGetValue               0x080007f1   Thumb Code    50  stm32f1xx_hal_adc_ex.o(i.HAL_ADCEx_InjectedGetValue)
    HAL_ADCEx_InjectedStart_IT               0x08000825   Thumb Code   238  stm32f1xx_hal_adc_ex.o(i.HAL_ADCEx_InjectedStart_IT)
    HAL_ADCEx_InjectedStop_IT                0x0800091d   Thumb Code   106  stm32f1xx_hal_adc_ex.o(i.HAL_ADCEx_InjectedStop_IT)
    HAL_ADC_ConvCpltCallback                 0x08000987   Thumb Code     2  stm32f1xx_hal_adc.o(i.HAL_ADC_ConvCpltCallback)
    HAL_ADC_IRQHandler                       0x08000989   Thumb Code   290  stm32f1xx_hal_adc.o(i.HAL_ADC_IRQHandler)
    HAL_ADC_Init                             0x08000aad   Thumb Code   314  stm32f1xx_hal_adc.o(i.HAL_ADC_Init)
    HAL_ADC_LevelOutOfWindowCallback         0x08000bf1   Thumb Code     2  stm32f1xx_hal_adc.o(i.HAL_ADC_LevelOutOfWindowCallback)
    HAL_ADC_MspInit                          0x08000bf5   Thumb Code   114  stm32f1xx_hal_msp.o(i.HAL_ADC_MspInit)
    HAL_DMA_Abort                            0x08000c75   Thumb Code    86  stm32f1xx_hal_dma.o(i.HAL_DMA_Abort)
    HAL_DMA_Abort_IT                         0x08000ccd   Thumb Code   172  stm32f1xx_hal_dma.o(i.HAL_DMA_Abort_IT)
    HAL_Delay                                0x08000d7d   Thumb Code    36  stm32f1xx_hal.o(i.HAL_Delay)
    HAL_GPIO_EXTI_Callback                   0x08000da5   Thumb Code    22  main.o(i.HAL_GPIO_EXTI_Callback)
    HAL_GPIO_EXTI_IRQHandler                 0x08000dbd   Thumb Code    24  stm32f1xx_hal_gpio.o(i.HAL_GPIO_EXTI_IRQHandler)
    HAL_GPIO_Init                            0x08000dd9   Thumb Code   766  stm32f1xx_hal_gpio.o(i.HAL_GPIO_Init)
    HAL_GPIO_ReadPin                         0x080010f9   Thumb Code    16  stm32f1xx_hal_gpio.o(i.HAL_GPIO_ReadPin)
    HAL_GPIO_TogglePin                       0x08001109   Thumb Code    20  stm32f1xx_hal_gpio.o(i.HAL_GPIO_TogglePin)
    HAL_GPIO_WritePin                        0x0800111d   Thumb Code    12  stm32f1xx_hal_gpio.o(i.HAL_GPIO_WritePin)
    HAL_GetTick                              0x08001129   Thumb Code     6  stm32f1xx_hal.o(i.HAL_GetTick)
    HAL_IWDG_Refresh                         0x08001135   Thumb Code    14  stm32f1xx_hal_iwdg.o(i.HAL_IWDG_Refresh)
    HAL_IncTick                              0x08001145   Thumb Code    16  stm32f1xx_hal.o(i.HAL_IncTick)
    HAL_Init                                 0x0800115d   Thumb Code    34  stm32f1xx_hal.o(i.HAL_Init)
    HAL_InitTick                             0x08001185   Thumb Code    64  stm32f1xx_hal.o(i.HAL_InitTick)
    HAL_MspInit                              0x080011d1   Thumb Code    76  stm32f1xx_hal_msp.o(i.HAL_MspInit)
    HAL_NVIC_EnableIRQ                       0x08001225   Thumb Code    32  stm32f1xx_hal_cortex.o(i.HAL_NVIC_EnableIRQ)
    HAL_NVIC_SetPriority                     0x08001245   Thumb Code   124  stm32f1xx_hal_cortex.o(i.HAL_NVIC_SetPriority)
    HAL_NVIC_SetPriorityGrouping             0x080012c1   Thumb Code    32  stm32f1xx_hal_cortex.o(i.HAL_NVIC_SetPriorityGrouping)
    HAL_PWR_EnableBkUpAccess                 0x080012e9   Thumb Code     8  stm32f1xx_hal_pwr.o(i.HAL_PWR_EnableBkUpAccess)
    HAL_RCCEx_GetPeriphCLKFreq               0x080012f5   Thumb Code   248  stm32f1xx_hal_rcc_ex.o(i.HAL_RCCEx_GetPeriphCLKFreq)
    HAL_RCCEx_PeriphCLKConfig                0x0800140d   Thumb Code   290  stm32f1xx_hal_rcc_ex.o(i.HAL_RCCEx_PeriphCLKConfig)
    HAL_RCC_ClockConfig                      0x0800153d   Thumb Code   376  stm32f1xx_hal_rcc.o(i.HAL_RCC_ClockConfig)
    HAL_RCC_EnableCSS                        0x080016c9   Thumb Code     8  stm32f1xx_hal_rcc.o(i.HAL_RCC_EnableCSS)
    HAL_RCC_GetHCLKFreq                      0x080016d5   Thumb Code     6  stm32f1xx_hal_rcc.o(i.HAL_RCC_GetHCLKFreq)
    HAL_RCC_GetPCLK1Freq                     0x080016e1   Thumb Code    22  stm32f1xx_hal_rcc.o(i.HAL_RCC_GetPCLK1Freq)
    HAL_RCC_GetPCLK2Freq                     0x08001701   Thumb Code    22  stm32f1xx_hal_rcc.o(i.HAL_RCC_GetPCLK2Freq)
    HAL_RCC_GetSysClockFreq                  0x08001721   Thumb Code   116  stm32f1xx_hal_rcc.o(i.HAL_RCC_GetSysClockFreq)
    HAL_RCC_OscConfig                        0x080017b5   Thumb Code  1114  stm32f1xx_hal_rcc.o(i.HAL_RCC_OscConfig)
    HAL_RTC_Init                             0x08001c19   Thumb Code   202  stm32f1xx_hal_rtc.o(i.HAL_RTC_Init)
    HAL_RTC_MspInit                          0x08001ce9   Thumb Code    52  stm32f1xx_hal_msp.o(i.HAL_RTC_MspInit)
    HAL_RTC_SetDate                          0x08001d29   Thumb Code   242  stm32f1xx_hal_rtc.o(i.HAL_RTC_SetDate)
    HAL_RTC_SetTime                          0x08001e21   Thumb Code   214  stm32f1xx_hal_rtc.o(i.HAL_RTC_SetTime)
    HAL_RTC_WaitForSynchro                   0x08001efd   Thumb Code    64  stm32f1xx_hal_rtc.o(i.HAL_RTC_WaitForSynchro)
    HAL_SYSTICK_Config                       0x08001f3d   Thumb Code    52  stm32f1xx_hal_cortex.o(i.HAL_SYSTICK_Config)
    HAL_TIMEx_BreakCallback                  0x08001f71   Thumb Code     2  stm32f1xx_hal_tim_ex.o(i.HAL_TIMEx_BreakCallback)
    HAL_TIMEx_CommutCallback                 0x08001f73   Thumb Code     2  stm32f1xx_hal_tim_ex.o(i.HAL_TIMEx_CommutCallback)
    HAL_TIMEx_ConfigBreakDeadTime            0x08001f75   Thumb Code   116  stm32f1xx_hal_tim_ex.o(i.HAL_TIMEx_ConfigBreakDeadTime)
    HAL_TIMEx_MasterConfigSynchronization    0x08001fe9   Thumb Code   118  stm32f1xx_hal_tim_ex.o(i.HAL_TIMEx_MasterConfigSynchronization)
    HAL_TIM_Base_Init                        0x0800206d   Thumb Code   102  stm32f1xx_hal_tim.o(i.HAL_TIM_Base_Init)
    HAL_TIM_Base_MspInit                     0x080020d5   Thumb Code   186  stm32f1xx_hal_msp.o(i.HAL_TIM_Base_MspInit)
    HAL_TIM_Base_Start_IT                    0x080021a1   Thumb Code   106  stm32f1xx_hal_tim.o(i.HAL_TIM_Base_Start_IT)
    HAL_TIM_ConfigClockSource                0x08002219   Thumb Code   264  stm32f1xx_hal_tim.o(i.HAL_TIM_ConfigClockSource)
    HAL_TIM_IC_CaptureCallback               0x08002321   Thumb Code     2  stm32f1xx_hal_tim.o(i.HAL_TIM_IC_CaptureCallback)
    HAL_TIM_IRQHandler                       0x08002323   Thumb Code   406  stm32f1xx_hal_tim.o(i.HAL_TIM_IRQHandler)
    HAL_TIM_MspPostInit                      0x080024b9   Thumb Code    78  stm32f1xx_hal_msp.o(i.HAL_TIM_MspPostInit)
    HAL_TIM_OC_DelayElapsedCallback          0x08002515   Thumb Code     2  stm32f1xx_hal_tim.o(i.HAL_TIM_OC_DelayElapsedCallback)
    HAL_TIM_PWM_ConfigChannel                0x08002517   Thumb Code   252  stm32f1xx_hal_tim.o(i.HAL_TIM_PWM_ConfigChannel)
    HAL_TIM_PWM_Init                         0x08002613   Thumb Code   102  stm32f1xx_hal_tim.o(i.HAL_TIM_PWM_Init)
    HAL_TIM_PWM_MspInit                      0x08002679   Thumb Code     2  stm32f1xx_hal_tim.o(i.HAL_TIM_PWM_MspInit)
    HAL_TIM_PWM_PulseFinishedCallback        0x0800267b   Thumb Code     2  stm32f1xx_hal_tim.o(i.HAL_TIM_PWM_PulseFinishedCallback)
    HAL_TIM_PWM_Start                        0x0800267d   Thumb Code   198  stm32f1xx_hal_tim.o(i.HAL_TIM_PWM_Start)
    HAL_TIM_PWM_Stop                         0x08002751   Thumb Code   152  stm32f1xx_hal_tim.o(i.HAL_TIM_PWM_Stop)
    HAL_TIM_PeriodElapsedCallback            0x080027ed   Thumb Code    42  main.o(i.HAL_TIM_PeriodElapsedCallback)
    HAL_TIM_TriggerCallback                  0x08002821   Thumb Code     2  stm32f1xx_hal_tim.o(i.HAL_TIM_TriggerCallback)
    HAL_UARTEx_RxEventCallback               0x08002823   Thumb Code     2  stm32f1xx_hal_uart.o(i.HAL_UARTEx_RxEventCallback)
    HAL_UART_ErrorCallback                   0x08002825   Thumb Code     2  stm32f1xx_hal_uart.o(i.HAL_UART_ErrorCallback)
    HAL_UART_IRQHandler                      0x08002829   Thumb Code   582  stm32f1xx_hal_uart.o(i.HAL_UART_IRQHandler)
    HAL_UART_Init                            0x08002a75   Thumb Code   114  stm32f1xx_hal_uart.o(i.HAL_UART_Init)
    HAL_UART_MspInit                         0x08002ae9   Thumb Code   154  stm32f1xx_hal_msp.o(i.HAL_UART_MspInit)
    HAL_UART_Receive_IT                      0x08002b95   Thumb Code    66  stm32f1xx_hal_uart.o(i.HAL_UART_Receive_IT)
    HAL_UART_RxCpltCallback                  0x08002bd7   Thumb Code    10  main.o(i.HAL_UART_RxCpltCallback)
    HAL_UART_Transmit_IT                     0x08002be1   Thumb Code    88  stm32f1xx_hal_uart.o(i.HAL_UART_Transmit_IT)
    HAL_UART_TxCpltCallback                  0x08002c39   Thumb Code     8  main.o(i.HAL_UART_TxCpltCallback)
    HardFault_Handler                        0x08002c45   Thumb Code     4  stm32f1xx_it.o(i.HardFault_Handler)
    INT1InterruptHandler                     0x08002c49   Thumb Code    86  read_tacho.o(i.INT1InterruptHandler)
    INT2InterruptHandler                     0x08002cc1   Thumb Code    86  read_tacho.o(i.INT2InterruptHandler)
    IntUart1Handler                          0x08002d39   Thumb Code    58  uart_driver.o(i.IntUart1Handler)
    MemManage_Handler                        0x08003261   Thumb Code     4  stm32f1xx_it.o(i.MemManage_Handler)
    NMI_Handler                              0x08003265   Thumb Code     2  stm32f1xx_it.o(i.NMI_Handler)
    PendSV_Handler                           0x08003267   Thumb Code     2  stm32f1xx_it.o(i.PendSV_Handler)
    ReadTimer2                               0x08003449   Thumb Code     8  main.o(i.ReadTimer2)
    SVC_Handler                              0x08003455   Thumb Code     2  stm32f1xx_it.o(i.SVC_Handler)
    SetDutyCyclePwm                          0x08003457   Thumb Code    44  pwm.o(i.SetDutyCyclePwm)
    Set_TIM1_Duty_Cycle_Channel1             0x08003485   Thumb Code    62  main.o(i.Set_TIM1_Duty_Cycle_Channel1)
    Set_TIM1_Duty_Cycle_Channel2             0x080034c9   Thumb Code    62  main.o(i.Set_TIM1_Duty_Cycle_Channel2)
    SysTick_Handler                          0x0800350d   Thumb Code     8  stm32f1xx_it.o(i.SysTick_Handler)
    SystemClock_Config                       0x08003515   Thumb Code   146  main.o(i.SystemClock_Config)
    SystemCoreClockUpdate                    0x080035a9   Thumb Code   142  system_stm32f1xx.o(i.SystemCoreClockUpdate)
    SystemInit                               0x0800364d   Thumb Code     2  system_stm32f1xx.o(i.SystemInit)
    TIM2_IRQHandler                          0x08003651   Thumb Code    10  stm32f1xx_it.o(i.TIM2_IRQHandler)
    TIM3_IRQHandler                          0x08003661   Thumb Code    10  stm32f1xx_it.o(i.TIM3_IRQHandler)
    TIM_Base_SetConfig                       0x08003671   Thumb Code   104  stm32f1xx_hal_tim.o(i.TIM_Base_SetConfig)
    TIM_CCxChannelCmd                        0x080036e5   Thumb Code    34  stm32f1xx_hal_tim.o(i.TIM_CCxChannelCmd)
    TIM_ETR_SetConfig                        0x08003707   Thumb Code    22  stm32f1xx_hal_tim.o(i.TIM_ETR_SetConfig)
    TIM_OC2_SetConfig                        0x08003791   Thumb Code   100  stm32f1xx_hal_tim.o(i.TIM_OC2_SetConfig)
    Timer2Handler                            0x080038f9   Thumb Code    12  read_tacho.o(i.Timer2Handler)
    Timer3Handler                            0x08003909   Thumb Code    50  scheduler.o(i.Timer3Handler)
    UART_Start_Receive_IT                    0x08003b8d   Thumb Code    70  stm32f1xx_hal_uart.o(i.UART_Start_Receive_IT)
    UART_WriteBuffer                         0x08003c35   Thumb Code    34  uart_driver.o(i.UART_WriteBuffer)
    USART1_IRQHandler                        0x08003c61   Thumb Code    10  stm32f1xx_it.o(i.USART1_IRQHandler)
    UsageFault_Handler                       0x08003c71   Thumb Code     4  stm32f1xx_it.o(i.UsageFault_Handler)
    initAdc                                  0x08003cad   Thumb Code    10  adc_driver.o(i.initAdc)
    initPwm                                  0x08003cbd   Thumb Code     2  pwm.o(i.initPwm)
    initUart                                 0x08003cc1   Thumb Code    14  uart_driver.o(i.initUart)
    init_ReadTacho                           0x08003cd9   Thumb Code    64  read_tacho.o(i.init_ReadTacho)
    init_data                                0x08003d29   Thumb Code    64  main.o(i.init_data)
    init_io                                  0x08003d6d   Thumb Code    44  main.o(i.init_io)
    init_scheduler                           0x08003d9d   Thumb Code    54  scheduler.o(i.init_scheduler)
    insert_function_sheduler                 0x08003ddd   Thumb Code    72  scheduler.o(i.insert_function_sheduler)
    leds_admin                               0x08003e29   Thumb Code   246  events_admin.o(i.leds_admin)
    main                                     0x08003f2d   Thumb Code    94  main.o(i.main)
    managementTacho                          0x08003f9d   Thumb Code   502  read_tacho.o(i.managementTacho)
    messages_administrator                   0x080041d1   Thumb Code   438  seriale.o(i.messages_administrator)
    process_sheduler                         0x080043a5   Thumb Code    82  scheduler.o(i.process_sheduler)
    setup                                    0x080043fd   Thumb Code    46  main.o(i.setup)
    test_leds                                0x0800442d   Thumb Code   176  main.o(i.test_leds)
    test_motors                              0x080044e5   Thumb Code   842  events_admin.o(i.test_motors)
    wait_ms                                  0x08004859   Thumb Code    12  main.o(i.wait_ms)
    AHBPrescTable                            0x08004864   Data          16  system_stm32f1xx.o(.constdata)
    APBPrescTable                            0x08004874   Data           8  system_stm32f1xx.o(.constdata)
    Region$$Table$$Base                      0x0800487c   Number         0  anon$$obj.o(Region$$Table)
    Region$$Table$$Limit                     0x0800489c   Number         0  anon$$obj.o(Region$$Table)
    versionCode                              0x20000000   Data           2  main.o(.data)
    ADC1_Conversion_Complete                 0x20000002   Data           1  main.o(.data)
    Data_transmited                          0x20000003   Data           1  main.o(.data)
    test1                                    0x20000004   Data           1  main.o(.data)
    Tim1_Pwm_Load                            0x20000006   Data           2  main.o(.data)
    AverageResultADC                         0x20000008   Data           8  adc_driver.o(.data)
    new_convertion                           0x20000010   Data           4  adc_driver.o(.data)
    AccResultADC                             0x20000014   Data           8  adc_driver.o(.data)
    sample                                   0x2000001c   Data           4  adc_driver.o(.data)
    value_speed_F                            0x20000020   Data           4  adc_driver.o(.data)
    value_speed_R                            0x20000024   Data           4  adc_driver.o(.data)
    persist_connect_motors_R                 0x20000028   Data           3  events_admin.o(.data)
    persist_connect_motors_F                 0x2000002b   Data           3  events_admin.o(.data)
    persist_no_rpmR                          0x2000002e   Data           3  events_admin.o(.data)
    persist_no_rpmF                          0x20000031   Data           3  events_admin.o(.data)
    persist_err_vout_speed                   0x20000034   Data           2  events_admin.o(.data)
    startup_monitor                          0x20000036   Data           1  events_admin.o(.data)
    iTacho                                   0x20000038   Data           1  read_tacho.o(.data)
    upgradeValueTachoR                       0x20000039   Data           1  read_tacho.o(.data)
    upgradeValueTachoF                       0x2000003a   Data           1  read_tacho.o(.data)
    nSampleTacho_R                           0x2000003c   Data           4  read_tacho.o(.data)
    nSampleTacho_F                           0x20000040   Data           4  read_tacho.o(.data)
    countdown_change_iTacho                  0x20000044   Data           4  read_tacho.o(.data)
    tmr2_INT1                                0x20000048   Data           4  read_tacho.o(.data)
    tmr2_INT2                                0x2000004c   Data           4  read_tacho.o(.data)
    cnt_overflow_T2                          0x20000050   Data           4  read_tacho.o(.data)
    min_time_readTH                          0x20000054   Data           4  read_tacho.o(.data)
    EnabMuxTacho                             0x20000058   Data           1  read_tacho.o(.data)
    countdown_link_ko                        0x2000005c   Data           4  seriale.o(.data)
    count_U1RX                               0x20000060   Data           1  uart_driver.o(.data)
    count_U2RX                               0x20000061   Data           1  uart_driver.o(.data)
    rcvd                                     0x20000062   Data           1  uart_driver.o(.data)
    countDownEndU1RX                         0x20000064   Data           4  uart_driver.o(.data)
    countDownEndU2RX                         0x20000068   Data           4  uart_driver.o(.data)
    uwTick                                   0x2000006c   Data           4  stm32f1xx_hal.o(.data)
    uwTickPrio                               0x20000070   Data           4  stm32f1xx_hal.o(.data)
    uwTickFreq                               0x20000074   Data           1  stm32f1xx_hal.o(.data)
    SystemCoreClock                          0x20000078   Data           4  system_stm32f1xx.o(.data)
    hadc1                                    0x2000007c   Data          48  main.o(.bss)
    hiwdg                                    0x200000ac   Data          12  main.o(.bss)
    hrtc                                     0x200000b8   Data          20  main.o(.bss)
    htim1                                    0x200000cc   Data          72  main.o(.bss)
    htim2                                    0x20000114   Data          72  main.o(.bss)
    htim3                                    0x2000015c   Data          72  main.o(.bss)
    htim4                                    0x200001a4   Data          72  main.o(.bss)
    huart1                                   0x200001ec   Data          68  main.o(.bss)
    sdata                                    0x20000230   Data          60  main.o(.bss)
    tmr2_Start_TachoF                        0x2000026c   Data          12  read_tacho.o(.bss)
    tmr2_TachoF                              0x20000278   Data          12  read_tacho.o(.bss)
    tmr2_Start_TachoR                        0x20000284   Data          12  read_tacho.o(.bss)
    tmr2_TachoR                              0x20000290   Data          12  read_tacho.o(.bss)
    sSheduler                                0x2000029c   Data         160  scheduler.o(.bss)
    buff_tx                                  0x2000033c   Data          64  seriale.o(.bss)
    U1_buffRX                                0x2000037c   Data         128  uart_driver.o(.bss)
    U2_buffRX                                0x200003fc   Data         128  uart_driver.o(.bss)
    __libspace_start                         0x2000047c   Data          96  libspace.o(.bss)
    __temporary_stack_top$libspace           0x200004dc   Data           0  libspace.o(.bss)



==============================================================================

Memory Map of the image

  Image Entry point : 0x080000ed

  Load Region LR_IROM1 (Base: 0x08000000, Size: 0x00004918, Max: 0x00020000, ABSOLUTE)

    Execution Region ER_IROM1 (Exec base: 0x08000000, Load base: 0x08000000, Size: 0x0000489c, Max: 0x00020000, ABSOLUTE)

    Exec Addr    Load Addr    Size         Type   Attr      Idx    E Section Name        Object

    0x08000000   0x08000000   0x000000ec   Data   RO            3    RESET               startup_stm32f103xb.o
    0x080000ec   0x080000ec   0x00000008   Code   RO         4208  * !!!main             c_w.l(__main.o)
    0x080000f4   0x080000f4   0x00000034   Code   RO         4365    !!!scatter          c_w.l(__scatter.o)
    0x08000128   0x08000128   0x0000001a   Code   RO         4367    !!handler_copy      c_w.l(__scatter_copy.o)
    0x08000142   0x08000142   0x00000002   PAD
    0x08000144   0x08000144   0x0000001c   Code   RO         4369    !!handler_zi        c_w.l(__scatter_zi.o)
    0x08000160   0x08000160   0x00000002   Code   RO         4235    .ARM.Collect$$libinit$$00000000  c_w.l(libinit.o)
    0x08000162   0x08000162   0x00000000   Code   RO         4242    .ARM.Collect$$libinit$$00000002  c_w.l(libinit2.o)
    0x08000162   0x08000162   0x00000000   Code   RO         4244    .ARM.Collect$$libinit$$00000004  c_w.l(libinit2.o)
    0x08000162   0x08000162   0x00000000   Code   RO         4247    .ARM.Collect$$libinit$$0000000A  c_w.l(libinit2.o)
    0x08000162   0x08000162   0x00000000   Code   RO         4249    .ARM.Collect$$libinit$$0000000C  c_w.l(libinit2.o)
    0x08000162   0x08000162   0x00000000   Code   RO         4251    .ARM.Collect$$libinit$$0000000E  c_w.l(libinit2.o)
    0x08000162   0x08000162   0x00000000   Code   RO         4254    .ARM.Collect$$libinit$$00000011  c_w.l(libinit2.o)
    0x08000162   0x08000162   0x00000000   Code   RO         4256    .ARM.Collect$$libinit$$00000013  c_w.l(libinit2.o)
    0x08000162   0x08000162   0x00000000   Code   RO         4258    .ARM.Collect$$libinit$$00000015  c_w.l(libinit2.o)
    0x08000162   0x08000162   0x00000000   Code   RO         4260    .ARM.Collect$$libinit$$00000017  c_w.l(libinit2.o)
    0x08000162   0x08000162   0x00000000   Code   RO         4262    .ARM.Collect$$libinit$$00000019  c_w.l(libinit2.o)
    0x08000162   0x08000162   0x00000000   Code   RO         4264    .ARM.Collect$$libinit$$0000001B  c_w.l(libinit2.o)
    0x08000162   0x08000162   0x00000000   Code   RO         4266    .ARM.Collect$$libinit$$0000001D  c_w.l(libinit2.o)
    0x08000162   0x08000162   0x00000000   Code   RO         4268    .ARM.Collect$$libinit$$0000001F  c_w.l(libinit2.o)
    0x08000162   0x08000162   0x00000000   Code   RO         4270    .ARM.Collect$$libinit$$00000021  c_w.l(libinit2.o)
    0x08000162   0x08000162   0x00000000   Code   RO         4272    .ARM.Collect$$libinit$$00000023  c_w.l(libinit2.o)
    0x08000162   0x08000162   0x00000000   Code   RO         4274    .ARM.Collect$$libinit$$00000025  c_w.l(libinit2.o)
    0x08000162   0x08000162   0x00000000   Code   RO         4278    .ARM.Collect$$libinit$$0000002C  c_w.l(libinit2.o)
    0x08000162   0x08000162   0x00000000   Code   RO         4280    .ARM.Collect$$libinit$$0000002E  c_w.l(libinit2.o)
    0x08000162   0x08000162   0x00000000   Code   RO         4282    .ARM.Collect$$libinit$$00000030  c_w.l(libinit2.o)
    0x08000162   0x08000162   0x00000000   Code   RO         4284    .ARM.Collect$$libinit$$00000032  c_w.l(libinit2.o)
    0x08000162   0x08000162   0x00000002   Code   RO         4285    .ARM.Collect$$libinit$$00000033  c_w.l(libinit2.o)
    0x08000164   0x08000164   0x00000002   Code   RO         4305    .ARM.Collect$$libshutdown$$00000000  c_w.l(libshutdown.o)
    0x08000166   0x08000166   0x00000000   Code   RO         4318    .ARM.Collect$$libshutdown$$00000002  c_w.l(libshutdown2.o)
    0x08000166   0x08000166   0x00000000   Code   RO         4320    .ARM.Collect$$libshutdown$$00000004  c_w.l(libshutdown2.o)
    0x08000166   0x08000166   0x00000000   Code   RO         4323    .ARM.Collect$$libshutdown$$00000007  c_w.l(libshutdown2.o)
    0x08000166   0x08000166   0x00000000   Code   RO         4326    .ARM.Collect$$libshutdown$$0000000A  c_w.l(libshutdown2.o)
    0x08000166   0x08000166   0x00000000   Code   RO         4328    .ARM.Collect$$libshutdown$$0000000C  c_w.l(libshutdown2.o)
    0x08000166   0x08000166   0x00000000   Code   RO         4331    .ARM.Collect$$libshutdown$$0000000F  c_w.l(libshutdown2.o)
    0x08000166   0x08000166   0x00000002   Code   RO         4332    .ARM.Collect$$libshutdown$$00000010  c_w.l(libshutdown2.o)
    0x08000168   0x08000168   0x00000000   Code   RO         4210    .ARM.Collect$$rtentry$$00000000  c_w.l(__rtentry.o)
    0x08000168   0x08000168   0x00000000   Code   RO         4212    .ARM.Collect$$rtentry$$00000002  c_w.l(__rtentry2.o)
    0x08000168   0x08000168   0x00000006   Code   RO         4224    .ARM.Collect$$rtentry$$00000004  c_w.l(__rtentry4.o)
    0x0800016e   0x0800016e   0x00000000   Code   RO         4214    .ARM.Collect$$rtentry$$00000009  c_w.l(__rtentry2.o)
    0x0800016e   0x0800016e   0x00000004   Code   RO         4215    .ARM.Collect$$rtentry$$0000000A  c_w.l(__rtentry2.o)
    0x08000172   0x08000172   0x00000000   Code   RO         4217    .ARM.Collect$$rtentry$$0000000C  c_w.l(__rtentry2.o)
    0x08000172   0x08000172   0x00000008   Code   RO         4218    .ARM.Collect$$rtentry$$0000000D  c_w.l(__rtentry2.o)
    0x0800017a   0x0800017a   0x00000002   Code   RO         4239    .ARM.Collect$$rtexit$$00000000  c_w.l(rtexit.o)
    0x0800017c   0x0800017c   0x00000000   Code   RO         4287    .ARM.Collect$$rtexit$$00000002  c_w.l(rtexit2.o)
    0x0800017c   0x0800017c   0x00000004   Code   RO         4288    .ARM.Collect$$rtexit$$00000003  c_w.l(rtexit2.o)
    0x08000180   0x08000180   0x00000006   Code   RO         4289    .ARM.Collect$$rtexit$$00000004  c_w.l(rtexit2.o)
    0x08000186   0x08000186   0x00000002   PAD
    0x08000188   0x08000188   0x00000040   Code   RO            4    .text               startup_stm32f103xb.o
    0x080001c8   0x080001c8   0x0000004e   Code   RO         4204    .text               c_w.l(rt_memclr_w.o)
    0x08000216   0x08000216   0x00000006   Code   RO         4206    .text               c_w.l(heapauxi.o)
    0x0800021c   0x0800021c   0x0000004a   Code   RO         4226    .text               c_w.l(sys_stackheap_outer.o)
    0x08000266   0x08000266   0x00000012   Code   RO         4228    .text               c_w.l(exit.o)
    0x08000278   0x08000278   0x00000008   Code   RO         4236    .text               c_w.l(libspace.o)
    0x08000280   0x08000280   0x0000000c   Code   RO         4297    .text               c_w.l(sys_exit.o)
    0x0800028c   0x0800028c   0x00000002   Code   RO         4308    .text               c_w.l(use_no_semi.o)
    0x0800028e   0x0800028e   0x00000000   Code   RO         4310    .text               c_w.l(indicate_semi.o)
    0x0800028e   0x0800028e   0x00000002   PAD
    0x08000290   0x08000290   0x00000010   Code   RO          371    i.ADC1_2_IRQHandler  stm32f1xx_it.o
    0x080002a0   0x080002a0   0x0000005c   Code   RO          968    i.ADC_ConversionStop_Disable  stm32f1xx_hal_adc.o
    0x080002fc   0x080002fc   0x00000090   Code   RO          972    i.ADC_Enable        stm32f1xx_hal_adc.o
    0x0800038c   0x0800038c   0x000000fc   Code   RO          477    i.Adc_result        adc_driver.o
    0x08000488   0x08000488   0x00000004   Code   RO          372    i.BusFault_Handler  stm32f1xx_it.o
    0x0800048c   0x0800048c   0x0000001a   Code   RO          711    i.Calculate_cksum16  seriale.o
    0x080004a6   0x080004a6   0x00000002   Code   RO          373    i.DebugMon_Handler  stm32f1xx_it.o
    0x080004a8   0x080004a8   0x00000074   Code   RO          589    i.DisableMuxTacho   read_tacho.o
    0x0800051c   0x0800051c   0x00000010   Code   RO          374    i.EXTI9_5_IRQHandler  stm32f1xx_it.o
    0x0800052c   0x0800052c   0x00000028   Code   RO          590    i.EnableMuxTacho    read_tacho.o
    0x08000554   0x08000554   0x00000002   Code   RO           13    i.Error_Handler     main.o
    0x08000556   0x08000556   0x00000002   PAD
    0x08000558   0x08000558   0x0000002c   Code   RO          712    i.FillHeadMessagePoll  seriale.o
    0x08000584   0x08000584   0x00000254   Code   RO         1149    i.HAL_ADCEx_InjectedConfigChannel  stm32f1xx_hal_adc_ex.o
    0x080007d8   0x080007d8   0x00000018   Code   RO           14    i.HAL_ADCEx_InjectedConvCpltCallback  main.o
    0x080007f0   0x080007f0   0x00000032   Code   RO         1151    i.HAL_ADCEx_InjectedGetValue  stm32f1xx_hal_adc_ex.o
    0x08000822   0x08000822   0x00000002   PAD
    0x08000824   0x08000824   0x000000f8   Code   RO         1154    i.HAL_ADCEx_InjectedStart_IT  stm32f1xx_hal_adc_ex.o
    0x0800091c   0x0800091c   0x0000006a   Code   RO         1156    i.HAL_ADCEx_InjectedStop_IT  stm32f1xx_hal_adc_ex.o
    0x08000986   0x08000986   0x00000002   Code   RO          975    i.HAL_ADC_ConvCpltCallback  stm32f1xx_hal_adc.o
    0x08000988   0x08000988   0x00000122   Code   RO          982    i.HAL_ADC_IRQHandler  stm32f1xx_hal_adc.o
    0x08000aaa   0x08000aaa   0x00000002   PAD
    0x08000aac   0x08000aac   0x00000144   Code   RO          983    i.HAL_ADC_Init      stm32f1xx_hal_adc.o
    0x08000bf0   0x08000bf0   0x00000002   Code   RO          984    i.HAL_ADC_LevelOutOfWindowCallback  stm32f1xx_hal_adc.o
    0x08000bf2   0x08000bf2   0x00000002   PAD
    0x08000bf4   0x08000bf4   0x00000080   Code   RO          294    i.HAL_ADC_MspInit   stm32f1xx_hal_msp.o
    0x08000c74   0x08000c74   0x00000056   Code   RO         1457    i.HAL_DMA_Abort     stm32f1xx_hal_dma.o
    0x08000cca   0x08000cca   0x00000002   PAD
    0x08000ccc   0x08000ccc   0x000000b0   Code   RO         1458    i.HAL_DMA_Abort_IT  stm32f1xx_hal_dma.o
    0x08000d7c   0x08000d7c   0x00000028   Code   RO          801    i.HAL_Delay         stm32f1xx_hal.o
    0x08000da4   0x08000da4   0x00000016   Code   RO           15    i.HAL_GPIO_EXTI_Callback  main.o
    0x08000dba   0x08000dba   0x00000002   PAD
    0x08000dbc   0x08000dbc   0x0000001c   Code   RO         1852    i.HAL_GPIO_EXTI_IRQHandler  stm32f1xx_hal_gpio.o
    0x08000dd8   0x08000dd8   0x00000320   Code   RO         1853    i.HAL_GPIO_Init     stm32f1xx_hal_gpio.o
    0x080010f8   0x080010f8   0x00000010   Code   RO         1855    i.HAL_GPIO_ReadPin  stm32f1xx_hal_gpio.o
    0x08001108   0x08001108   0x00000014   Code   RO         1856    i.HAL_GPIO_TogglePin  stm32f1xx_hal_gpio.o
    0x0800111c   0x0800111c   0x0000000c   Code   RO         1857    i.HAL_GPIO_WritePin  stm32f1xx_hal_gpio.o
    0x08001128   0x08001128   0x0000000c   Code   RO          805    i.HAL_GetTick       stm32f1xx_hal.o
    0x08001134   0x08001134   0x0000000e   Code   RO         2025    i.HAL_IWDG_Refresh  stm32f1xx_hal_iwdg.o
    0x08001142   0x08001142   0x00000002   PAD
    0x08001144   0x08001144   0x00000018   Code   RO          811    i.HAL_IncTick       stm32f1xx_hal.o
    0x0800115c   0x0800115c   0x00000028   Code   RO          812    i.HAL_Init          stm32f1xx_hal.o
    0x08001184   0x08001184   0x0000004c   Code   RO          813    i.HAL_InitTick      stm32f1xx_hal.o
    0x080011d0   0x080011d0   0x00000054   Code   RO          295    i.HAL_MspInit       stm32f1xx_hal_msp.o
    0x08001224   0x08001224   0x00000020   Code   RO         1282    i.HAL_NVIC_EnableIRQ  stm32f1xx_hal_cortex.o
    0x08001244   0x08001244   0x0000007c   Code   RO         1288    i.HAL_NVIC_SetPriority  stm32f1xx_hal_cortex.o
    0x080012c0   0x080012c0   0x00000028   Code   RO         1289    i.HAL_NVIC_SetPriorityGrouping  stm32f1xx_hal_cortex.o
    0x080012e8   0x080012e8   0x0000000c   Code   RO         2169    i.HAL_PWR_EnableBkUpAccess  stm32f1xx_hal_pwr.o
    0x080012f4   0x080012f4   0x00000118   Code   RO         2395    i.HAL_RCCEx_GetPeriphCLKFreq  stm32f1xx_hal_rcc_ex.o
    0x0800140c   0x0800140c   0x00000130   Code   RO         2396    i.HAL_RCCEx_PeriphCLKConfig  stm32f1xx_hal_rcc_ex.o
    0x0800153c   0x0800153c   0x0000018c   Code   RO         2288    i.HAL_RCC_ClockConfig  stm32f1xx_hal_rcc.o
    0x080016c8   0x080016c8   0x0000000c   Code   RO         2291    i.HAL_RCC_EnableCSS  stm32f1xx_hal_rcc.o
    0x080016d4   0x080016d4   0x0000000c   Code   RO         2293    i.HAL_RCC_GetHCLKFreq  stm32f1xx_hal_rcc.o
    0x080016e0   0x080016e0   0x00000020   Code   RO         2295    i.HAL_RCC_GetPCLK1Freq  stm32f1xx_hal_rcc.o
    0x08001700   0x08001700   0x00000020   Code   RO         2296    i.HAL_RCC_GetPCLK2Freq  stm32f1xx_hal_rcc.o
    0x08001720   0x08001720   0x00000094   Code   RO         2297    i.HAL_RCC_GetSysClockFreq  stm32f1xx_hal_rcc.o
    0x080017b4   0x080017b4   0x00000464   Code   RO         2300    i.HAL_RCC_OscConfig  stm32f1xx_hal_rcc.o
    0x08001c18   0x08001c18   0x000000d0   Code   RO         2438    i.HAL_RTC_Init      stm32f1xx_hal_rtc.o
    0x08001ce8   0x08001ce8   0x00000040   Code   RO          297    i.HAL_RTC_MspInit   stm32f1xx_hal_msp.o
    0x08001d28   0x08001d28   0x000000f8   Code   RO         2444    i.HAL_RTC_SetDate   stm32f1xx_hal_rtc.o
    0x08001e20   0x08001e20   0x000000dc   Code   RO         2445    i.HAL_RTC_SetTime   stm32f1xx_hal_rtc.o
    0x08001efc   0x08001efc   0x00000040   Code   RO         2446    i.HAL_RTC_WaitForSynchro  stm32f1xx_hal_rtc.o
    0x08001f3c   0x08001f3c   0x00000034   Code   RO         1293    i.HAL_SYSTICK_Config  stm32f1xx_hal_cortex.o
    0x08001f70   0x08001f70   0x00000002   Code   RO         3496    i.HAL_TIMEx_BreakCallback  stm32f1xx_hal_tim_ex.o
    0x08001f72   0x08001f72   0x00000002   Code   RO         3497    i.HAL_TIMEx_CommutCallback  stm32f1xx_hal_tim_ex.o
    0x08001f74   0x08001f74   0x00000074   Code   RO         3499    i.HAL_TIMEx_ConfigBreakDeadTime  stm32f1xx_hal_tim_ex.o
    0x08001fe8   0x08001fe8   0x00000084   Code   RO         3515    i.HAL_TIMEx_MasterConfigSynchronization  stm32f1xx_hal_tim_ex.o
    0x0800206c   0x0800206c   0x00000066   Code   RO         2781    i.HAL_TIM_Base_Init  stm32f1xx_hal_tim.o
    0x080020d2   0x080020d2   0x00000002   PAD
    0x080020d4   0x080020d4   0x000000cc   Code   RO          299    i.HAL_TIM_Base_MspInit  stm32f1xx_hal_msp.o
    0x080021a0   0x080021a0   0x00000078   Code   RO         2786    i.HAL_TIM_Base_Start_IT  stm32f1xx_hal_tim.o
    0x08002218   0x08002218   0x00000108   Code   RO         2790    i.HAL_TIM_ConfigClockSource  stm32f1xx_hal_tim.o
    0x08002320   0x08002320   0x00000002   Code   RO         2815    i.HAL_TIM_IC_CaptureCallback  stm32f1xx_hal_tim.o
    0x08002322   0x08002322   0x00000196   Code   RO         2829    i.HAL_TIM_IRQHandler  stm32f1xx_hal_tim.o
    0x080024b8   0x080024b8   0x0000005c   Code   RO          300    i.HAL_TIM_MspPostInit  stm32f1xx_hal_msp.o
    0x08002514   0x08002514   0x00000002   Code   RO         2832    i.HAL_TIM_OC_DelayElapsedCallback  stm32f1xx_hal_tim.o
    0x08002516   0x08002516   0x000000fc   Code   RO         2853    i.HAL_TIM_PWM_ConfigChannel  stm32f1xx_hal_tim.o
    0x08002612   0x08002612   0x00000066   Code   RO         2856    i.HAL_TIM_PWM_Init  stm32f1xx_hal_tim.o
    0x08002678   0x08002678   0x00000002   Code   RO         2858    i.HAL_TIM_PWM_MspInit  stm32f1xx_hal_tim.o
    0x0800267a   0x0800267a   0x00000002   Code   RO         2859    i.HAL_TIM_PWM_PulseFinishedCallback  stm32f1xx_hal_tim.o
    0x0800267c   0x0800267c   0x000000d4   Code   RO         2861    i.HAL_TIM_PWM_Start  stm32f1xx_hal_tim.o
    0x08002750   0x08002750   0x0000009c   Code   RO         2864    i.HAL_TIM_PWM_Stop  stm32f1xx_hal_tim.o
    0x080027ec   0x080027ec   0x00000034   Code   RO           16    i.HAL_TIM_PeriodElapsedCallback  main.o
    0x08002820   0x08002820   0x00000002   Code   RO         2872    i.HAL_TIM_TriggerCallback  stm32f1xx_hal_tim.o
    0x08002822   0x08002822   0x00000002   Code   RO         3774    i.HAL_UARTEx_RxEventCallback  stm32f1xx_hal_uart.o
    0x08002824   0x08002824   0x00000002   Code   RO         3788    i.HAL_UART_ErrorCallback  stm32f1xx_hal_uart.o
    0x08002826   0x08002826   0x00000002   PAD
    0x08002828   0x08002828   0x0000024c   Code   RO         3791    i.HAL_UART_IRQHandler  stm32f1xx_hal_uart.o
    0x08002a74   0x08002a74   0x00000072   Code   RO         3792    i.HAL_UART_Init     stm32f1xx_hal_uart.o
    0x08002ae6   0x08002ae6   0x00000002   PAD
    0x08002ae8   0x08002ae8   0x000000ac   Code   RO          302    i.HAL_UART_MspInit  stm32f1xx_hal_msp.o
    0x08002b94   0x08002b94   0x00000042   Code   RO         3797    i.HAL_UART_Receive_IT  stm32f1xx_hal_uart.o
    0x08002bd6   0x08002bd6   0x0000000a   Code   RO           17    i.HAL_UART_RxCpltCallback  main.o
    0x08002be0   0x08002be0   0x00000058   Code   RO         3802    i.HAL_UART_Transmit_IT  stm32f1xx_hal_uart.o
    0x08002c38   0x08002c38   0x0000000c   Code   RO           18    i.HAL_UART_TxCpltCallback  main.o
    0x08002c44   0x08002c44   0x00000004   Code   RO          375    i.HardFault_Handler  stm32f1xx_it.o
    0x08002c48   0x08002c48   0x00000078   Code   RO          591    i.INT1InterruptHandler  read_tacho.o
    0x08002cc0   0x08002cc0   0x00000078   Code   RO          592    i.INT2InterruptHandler  read_tacho.o
    0x08002d38   0x08002d38   0x00000050   Code   RO          750    i.IntUart1Handler   uart_driver.o
    0x08002d88   0x08002d88   0x00000088   Code   RO           19    i.MX_ADC1_Init      main.o
    0x08002e10   0x08002e10   0x000001e0   Code   RO           20    i.MX_GPIO_Init      main.o
    0x08002ff0   0x08002ff0   0x00000074   Code   RO           22    i.MX_RTC_Init       main.o
    0x08003064   0x08003064   0x000000ec   Code   RO           23    i.MX_TIM1_Init      main.o
    0x08003150   0x08003150   0x0000006c   Code   RO           24    i.MX_TIM2_Init      main.o
    0x080031bc   0x080031bc   0x0000006c   Code   RO           25    i.MX_TIM3_Init      main.o
    0x08003228   0x08003228   0x00000038   Code   RO           27    i.MX_USART1_UART_Init  main.o
    0x08003260   0x08003260   0x00000004   Code   RO          376    i.MemManage_Handler  stm32f1xx_it.o
    0x08003264   0x08003264   0x00000002   Code   RO          377    i.NMI_Handler       stm32f1xx_it.o
    0x08003266   0x08003266   0x00000002   Code   RO          378    i.PendSV_Handler    stm32f1xx_it.o
    0x08003268   0x08003268   0x00000028   Code   RO         2301    i.RCC_Delay         stm32f1xx_hal_rcc.o
    0x08003290   0x08003290   0x00000016   Code   RO         2447    i.RTC_Bcd2ToByte    stm32f1xx_hal_rtc.o
    0x080032a6   0x080032a6   0x0000003a   Code   RO         2450    i.RTC_EnterInitMode  stm32f1xx_hal_rtc.o
    0x080032e0   0x080032e0   0x0000003a   Code   RO         2451    i.RTC_ExitInitMode  stm32f1xx_hal_rtc.o
    0x0800331a   0x0800331a   0x00000018   Code   RO         2453    i.RTC_ReadAlarmCounter  stm32f1xx_hal_rtc.o
    0x08003332   0x08003332   0x00000034   Code   RO         2454    i.RTC_ReadTimeCounter  stm32f1xx_hal_rtc.o
    0x08003366   0x08003366   0x00000084   Code   RO         2455    i.RTC_WeekDayNum    stm32f1xx_hal_rtc.o
    0x080033ea   0x080033ea   0x0000002e   Code   RO         2456    i.RTC_WriteAlarmCounter  stm32f1xx_hal_rtc.o
    0x08003418   0x08003418   0x0000002e   Code   RO         2457    i.RTC_WriteTimeCounter  stm32f1xx_hal_rtc.o
    0x08003446   0x08003446   0x00000002   PAD
    0x08003448   0x08003448   0x0000000c   Code   RO           28    i.ReadTimer2        main.o
    0x08003454   0x08003454   0x00000002   Code   RO          379    i.SVC_Handler       stm32f1xx_it.o
    0x08003456   0x08003456   0x0000002c   Code   RO          558    i.SetDutyCyclePwm   pwm.o
    0x08003482   0x08003482   0x00000002   PAD
    0x08003484   0x08003484   0x00000044   Code   RO           29    i.Set_TIM1_Duty_Cycle_Channel1  main.o
    0x080034c8   0x080034c8   0x00000044   Code   RO           30    i.Set_TIM1_Duty_Cycle_Channel2  main.o
    0x0800350c   0x0800350c   0x00000008   Code   RO          380    i.SysTick_Handler   stm32f1xx_it.o
    0x08003514   0x08003514   0x00000092   Code   RO           31    i.SystemClock_Config  main.o
    0x080035a6   0x080035a6   0x00000002   PAD
    0x080035a8   0x080035a8   0x000000a4   Code   RO         4166    i.SystemCoreClockUpdate  system_stm32f1xx.o
    0x0800364c   0x0800364c   0x00000002   Code   RO         4167    i.SystemInit        system_stm32f1xx.o
    0x0800364e   0x0800364e   0x00000002   PAD
    0x08003650   0x08003650   0x00000010   Code   RO          381    i.TIM2_IRQHandler   stm32f1xx_it.o
    0x08003660   0x08003660   0x00000010   Code   RO          382    i.TIM3_IRQHandler   stm32f1xx_it.o
    0x08003670   0x08003670   0x00000074   Code   RO         2874    i.TIM_Base_SetConfig  stm32f1xx_hal_tim.o
    0x080036e4   0x080036e4   0x00000022   Code   RO         2875    i.TIM_CCxChannelCmd  stm32f1xx_hal_tim.o
    0x08003706   0x08003706   0x00000016   Code   RO         2885    i.TIM_ETR_SetConfig  stm32f1xx_hal_tim.o
    0x0800371c   0x0800371c   0x00000012   Code   RO         2886    i.TIM_ITRx_SetConfig  stm32f1xx_hal_tim.o
    0x0800372e   0x0800372e   0x00000002   PAD
    0x08003730   0x08003730   0x00000060   Code   RO         2887    i.TIM_OC1_SetConfig  stm32f1xx_hal_tim.o
    0x08003790   0x08003790   0x00000068   Code   RO         2888    i.TIM_OC2_SetConfig  stm32f1xx_hal_tim.o
    0x080037f8   0x080037f8   0x00000068   Code   RO         2889    i.TIM_OC3_SetConfig  stm32f1xx_hal_tim.o
    0x08003860   0x08003860   0x00000048   Code   RO         2890    i.TIM_OC4_SetConfig  stm32f1xx_hal_tim.o
    0x080038a8   0x080038a8   0x00000026   Code   RO         2892    i.TIM_TI1_ConfigInputStage  stm32f1xx_hal_tim.o
    0x080038ce   0x080038ce   0x00000028   Code   RO         2894    i.TIM_TI2_ConfigInputStage  stm32f1xx_hal_tim.o
    0x080038f6   0x080038f6   0x00000002   PAD
    0x080038f8   0x080038f8   0x00000010   Code   RO          593    i.Timer2Handler     read_tacho.o
    0x08003908   0x08003908   0x00000038   Code   RO          658    i.Timer3Handler     scheduler.o
    0x08003940   0x08003940   0x00000014   Code   RO         3805    i.UART_DMAAbortOnError  stm32f1xx_hal_uart.o
    0x08003954   0x08003954   0x00000036   Code   RO         3815    i.UART_EndRxTransfer  stm32f1xx_hal_uart.o
    0x0800398a   0x0800398a   0x00000020   Code   RO         3816    i.UART_EndTransmit_IT  stm32f1xx_hal_uart.o
    0x080039aa   0x080039aa   0x000000e4   Code   RO         3818    i.UART_Receive_IT   stm32f1xx_hal_uart.o
    0x08003a8e   0x08003a8e   0x00000002   PAD
    0x08003a90   0x08003a90   0x000000fc   Code   RO         3819    i.UART_SetConfig    stm32f1xx_hal_uart.o
    0x08003b8c   0x08003b8c   0x00000046   Code   RO         3821    i.UART_Start_Receive_IT  stm32f1xx_hal_uart.o
    0x08003bd2   0x08003bd2   0x00000060   Code   RO         3822    i.UART_Transmit_IT  stm32f1xx_hal_uart.o
    0x08003c32   0x08003c32   0x00000002   PAD
    0x08003c34   0x08003c34   0x0000002c   Code   RO          751    i.UART_WriteBuffer  uart_driver.o
    0x08003c60   0x08003c60   0x00000010   Code   RO          383    i.USART1_IRQHandler  stm32f1xx_it.o
    0x08003c70   0x08003c70   0x00000004   Code   RO          384    i.UsageFault_Handler  stm32f1xx_it.o
    0x08003c74   0x08003c74   0x00000010   Code   RO         1295    i.__NVIC_GetPriorityGrouping  stm32f1xx_hal_cortex.o
    0x08003c84   0x08003c84   0x00000028   Code   RO         1296    i.__NVIC_SetPriority  stm32f1xx_hal_cortex.o
    0x08003cac   0x08003cac   0x00000010   Code   RO          478    i.initAdc           adc_driver.o
    0x08003cbc   0x08003cbc   0x00000002   Code   RO          559    i.initPwm           pwm.o
    0x08003cbe   0x08003cbe   0x00000002   PAD
    0x08003cc0   0x08003cc0   0x00000018   Code   RO          752    i.initUart          uart_driver.o
    0x08003cd8   0x08003cd8   0x00000050   Code   RO          594    i.init_ReadTacho    read_tacho.o
    0x08003d28   0x08003d28   0x00000044   Code   RO           32    i.init_data         main.o
    0x08003d6c   0x08003d6c   0x00000030   Code   RO           33    i.init_io           main.o
    0x08003d9c   0x08003d9c   0x00000040   Code   RO          659    i.init_scheduler    scheduler.o
    0x08003ddc   0x08003ddc   0x0000004c   Code   RO          660    i.insert_function_sheduler  scheduler.o
    0x08003e28   0x08003e28   0x00000104   Code   RO          524    i.leds_admin        events_admin.o
    0x08003f2c   0x08003f2c   0x00000070   Code   RO           34    i.main              main.o
    0x08003f9c   0x08003f9c   0x00000234   Code   RO          595    i.managementTacho   read_tacho.o
    0x080041d0   0x080041d0   0x000001d4   Code   RO          713    i.messages_administrator  seriale.o
    0x080043a4   0x080043a4   0x00000058   Code   RO          661    i.process_sheduler  scheduler.o
    0x080043fc   0x080043fc   0x0000002e   Code   RO           35    i.setup             main.o
    0x0800442a   0x0800442a   0x00000002   PAD
    0x0800442c   0x0800442c   0x000000b8   Code   RO           36    i.test_leds         main.o
    0x080044e4   0x080044e4   0x00000374   Code   RO          525    i.test_motors       events_admin.o
    0x08004858   0x08004858   0x0000000c   Code   RO           37    i.wait_ms           main.o
    0x08004864   0x08004864   0x00000018   Data   RO         4168    .constdata          system_stm32f1xx.o
    0x0800487c   0x0800487c   0x00000020   Data   RO         4363    Region$$Table       anon$$obj.o


    Execution Region RW_IRAM1 (Exec base: 0x20000000, Load base: 0x0800489c, Size: 0x00000ae0, Max: 0x00005000, ABSOLUTE)

    Exec Addr    Load Addr    Size         Type   Attr      Idx    E Section Name        Object

    0x20000000   0x0800489c   0x00000008   Data   RW           39    .data               main.o
    0x20000008   0x080048a4   0x00000020   Data   RW          479    .data               adc_driver.o
    0x20000028   0x080048c4   0x0000000f   Data   RW          526    .data               events_admin.o
    0x20000037   0x080048d3   0x00000001   PAD
    0x20000038   0x080048d4   0x00000021   Data   RW          597    .data               read_tacho.o
    0x20000059   0x080048f5   0x00000003   PAD
    0x2000005c   0x080048f8   0x00000004   Data   RW          715    .data               seriale.o
    0x20000060   0x080048fc   0x0000000c   Data   RW          754    .data               uart_driver.o
    0x2000006c   0x08004908   0x00000009   Data   RW          819    .data               stm32f1xx_hal.o
    0x20000075   0x08004911   0x00000003   PAD
    0x20000078   0x08004914   0x00000004   Data   RW         4169    .data               system_stm32f1xx.o
    0x2000007c        -       0x000001f0   Zero   RW           38    .bss                main.o
    0x2000026c        -       0x00000030   Zero   RW          596    .bss                read_tacho.o
    0x2000029c        -       0x000000a0   Zero   RW          662    .bss                scheduler.o
    0x2000033c        -       0x00000040   Zero   RW          714    .bss                seriale.o
    0x2000037c        -       0x00000100   Zero   RW          753    .bss                uart_driver.o
    0x2000047c        -       0x00000060   Zero   RW         4237    .bss                c_w.l(libspace.o)
    0x200004dc   0x08004918   0x00000004   PAD
    0x200004e0        -       0x00000200   Zero   RW            2    HEAP                startup_stm32f103xb.o
    0x200006e0        -       0x00000400   Zero   RW            1    STACK               startup_stm32f103xb.o


==============================================================================

Image component sizes


      Code (inc. data)   RO Data    RW Data    ZI Data      Debug   Object Name

       268         38          0         32          0       3101   adc_driver.o
      1144         56          0         15          0       3146   events_admin.o
      2126        140          0          8        496     468755   main.o
        46          0          0          0          0       1020   pwm.o
      1056        190          0         33         48       6536   read_tacho.o
       284         26          0          0        160       3535   scheduler.o
       538         34          0          4         64       3649   seriale.o
        64         26        236          0       1536        836   startup_stm32f103xb.o
       192         36          0          9          0       6153   stm32f1xx_hal.o
       854         20          0          0          0       5120   stm32f1xx_hal_adc.o
      1000         22          0          0          0       4048   stm32f1xx_hal_adc_ex.o
       304         22          0          0          0      29543   stm32f1xx_hal_cortex.o
       262          4          0          0          0       1927   stm32f1xx_hal_dma.o
       876         38          0          0          0       4767   stm32f1xx_hal_gpio.o
        14          0          0          0          0       1267   stm32f1xx_hal_iwdg.o
       744         84          0          0          0       4570   stm32f1xx_hal_msp.o
        12          4          0          0          0        531   stm32f1xx_hal_pwr.o
      1796        114          0          0          0       6800   stm32f1xx_hal_rcc.o
       584         46          0          0          0       2581   stm32f1xx_hal_rcc_ex.o
      1178         18          0          0          0       9388   stm32f1xx_hal_rtc.o
      2268         64          0          0          0      16743   stm32f1xx_hal_tim.o
       252         14          0          0          0       3389   stm32f1xx_hal_tim_ex.o
      1612         10          0          0          0       9945   stm32f1xx_hal_uart.o
       112         24          0          0          0       6459   stm32f1xx_it.o
       166         22         24          4          0       1931   system_stm32f1xx.o
       148         42          0         12        256       3272   uart_driver.o

    ----------------------------------------------------------------------
     17940       1094        292        124       2560     609012   Object Totals
         0          0         32          0          0          0   (incl. Generated)
        40          0          0          7          0          0   (incl. Padding)

    ----------------------------------------------------------------------

      Code (inc. data)   RO Data    RW Data    ZI Data      Debug   Library Member Name

         8          0          0          0          0         68   __main.o
         0          0          0          0          0          0   __rtentry.o
        12          0          0          0          0          0   __rtentry2.o
         6          0          0          0          0          0   __rtentry4.o
        52          8          0          0          0          0   __scatter.o
        26          0          0          0          0          0   __scatter_copy.o
        28          0          0          0          0          0   __scatter_zi.o
        18          0          0          0          0         80   exit.o
         6          0          0          0          0        152   heapauxi.o
         0          0          0          0          0          0   indicate_semi.o
         2          0          0          0          0          0   libinit.o
         2          0          0          0          0          0   libinit2.o
         2          0          0          0          0          0   libshutdown.o
         2          0          0          0          0          0   libshutdown2.o
         8          4          0          0         96         68   libspace.o
        78          0          0          0          0         80   rt_memclr_w.o
         2          0          0          0          0          0   rtexit.o
        10          0          0          0          0          0   rtexit2.o
        12          4          0          0          0         68   sys_exit.o
        74          0          0          0          0         80   sys_stackheap_outer.o
         2          0          0          0          0         68   use_no_semi.o

    ----------------------------------------------------------------------
       356         16          0          0        100        664   Library Totals
         6          0          0          0          4          0   (incl. Padding)

    ----------------------------------------------------------------------

      Code (inc. data)   RO Data    RW Data    ZI Data      Debug   Library Name

       350         16          0          0         96        664   c_w.l

    ----------------------------------------------------------------------
       356         16          0          0        100        664   Library Totals

    ----------------------------------------------------------------------

==============================================================================


      Code (inc. data)   RO Data    RW Data    ZI Data      Debug   

     18296       1110        292        124       2660     601456   Grand Totals
     18296       1110        292        124       2660     601456   ELF Image Totals
     18296       1110        292        124          0          0   ROM Totals

==============================================================================

    Total RO  Size (Code + RO Data)                18588 (  18.15kB)
    Total RW  Size (RW Data + ZI Data)              2784 (   2.72kB)
    Total ROM Size (Code + RO Data + RW Data)      18712 (  18.27kB)

==============================================================================

