Archive member included to satisfy reference by file (symbol)

c:/program files (x86)/atmel/studio/7.0/toolchain/arm/arm-gnu-toolchain/bin/../lib/gcc/arm-none-eabi/6.3.1/../../../../arm-none-eabi/lib/thumb/v7e-m\libm.a(lib_a-w_log.o)
                              src/ADC.o (log)
c:/program files (x86)/atmel/studio/7.0/toolchain/arm/arm-gnu-toolchain/bin/../lib/gcc/arm-none-eabi/6.3.1/../../../../arm-none-eabi/lib/thumb/v7e-m\libm.a(lib_a-w_sqrt.o)
                              src/motor_speed.o (sqrt)
c:/program files (x86)/atmel/studio/7.0/toolchain/arm/arm-gnu-toolchain/bin/../lib/gcc/arm-none-eabi/6.3.1/../../../../arm-none-eabi/lib/thumb/v7e-m\libm.a(lib_a-e_log.o)
                              c:/program files (x86)/atmel/studio/7.0/toolchain/arm/arm-gnu-toolchain/bin/../lib/gcc/arm-none-eabi/6.3.1/../../../../arm-none-eabi/lib/thumb/v7e-m\libm.a(lib_a-w_log.o) (__ieee754_log)
c:/program files (x86)/atmel/studio/7.0/toolchain/arm/arm-gnu-toolchain/bin/../lib/gcc/arm-none-eabi/6.3.1/../../../../arm-none-eabi/lib/thumb/v7e-m\libm.a(lib_a-e_sqrt.o)
                              c:/program files (x86)/atmel/studio/7.0/toolchain/arm/arm-gnu-toolchain/bin/../lib/gcc/arm-none-eabi/6.3.1/../../../../arm-none-eabi/lib/thumb/v7e-m\libm.a(lib_a-w_sqrt.o) (__ieee754_sqrt)
c:/program files (x86)/atmel/studio/7.0/toolchain/arm/arm-gnu-toolchain/bin/../lib/gcc/arm-none-eabi/6.3.1/../../../../arm-none-eabi/lib/thumb/v7e-m\libm.a(lib_a-s_lib_ver.o)
                              c:/program files (x86)/atmel/studio/7.0/toolchain/arm/arm-gnu-toolchain/bin/../lib/gcc/arm-none-eabi/6.3.1/../../../../arm-none-eabi/lib/thumb/v7e-m\libm.a(lib_a-w_log.o) (__fdlib_version)
c:/program files (x86)/atmel/studio/7.0/toolchain/arm/arm-gnu-toolchain/bin/../lib/gcc/arm-none-eabi/6.3.1/../../../../arm-none-eabi/lib/thumb/v7e-m\libm.a(lib_a-s_matherr.o)
                              c:/program files (x86)/atmel/studio/7.0/toolchain/arm/arm-gnu-toolchain/bin/../lib/gcc/arm-none-eabi/6.3.1/../../../../arm-none-eabi/lib/thumb/v7e-m\libm.a(lib_a-w_log.o) (matherr)
c:/program files (x86)/atmel/studio/7.0/toolchain/arm/arm-gnu-toolchain/bin/../lib/gcc/arm-none-eabi/6.3.1/../../../../arm-none-eabi/lib/thumb/v7e-m\libm.a(lib_a-s_nan.o)
                              c:/program files (x86)/atmel/studio/7.0/toolchain/arm/arm-gnu-toolchain/bin/../lib/gcc/arm-none-eabi/6.3.1/../../../../arm-none-eabi/lib/thumb/v7e-m\libm.a(lib_a-w_log.o) (nan)
c:/program files (x86)/atmel/studio/7.0/toolchain/arm/arm-gnu-toolchain/bin/../lib/gcc/arm-none-eabi/6.3.1/thumb/v7e-m\libgcc.a(_arm_addsubdf3.o)
                              src/ADC.o (__aeabi_dsub)
c:/program files (x86)/atmel/studio/7.0/toolchain/arm/arm-gnu-toolchain/bin/../lib/gcc/arm-none-eabi/6.3.1/thumb/v7e-m\libgcc.a(_arm_muldivdf3.o)
                              src/ADC.o (__aeabi_dmul)
c:/program files (x86)/atmel/studio/7.0/toolchain/arm/arm-gnu-toolchain/bin/../lib/gcc/arm-none-eabi/6.3.1/thumb/v7e-m\libgcc.a(_arm_cmpdf2.o)
                              c:/program files (x86)/atmel/studio/7.0/toolchain/arm/arm-gnu-toolchain/bin/../lib/gcc/arm-none-eabi/6.3.1/../../../../arm-none-eabi/lib/thumb/v7e-m\libm.a(lib_a-w_log.o) (__aeabi_dcmpeq)
c:/program files (x86)/atmel/studio/7.0/toolchain/arm/arm-gnu-toolchain/bin/../lib/gcc/arm-none-eabi/6.3.1/thumb/v7e-m\libgcc.a(_arm_unorddf2.o)
                              c:/program files (x86)/atmel/studio/7.0/toolchain/arm/arm-gnu-toolchain/bin/../lib/gcc/arm-none-eabi/6.3.1/../../../../arm-none-eabi/lib/thumb/v7e-m\libm.a(lib_a-w_log.o) (__aeabi_dcmpun)
c:/program files (x86)/atmel/studio/7.0/toolchain/arm/arm-gnu-toolchain/bin/../lib/gcc/arm-none-eabi/6.3.1/thumb/v7e-m\libgcc.a(_arm_fixdfsi.o)
                              src/motor_speed.o (__aeabi_d2iz)
c:/program files (x86)/atmel/studio/7.0/toolchain/arm/arm-gnu-toolchain/bin/../lib/gcc/arm-none-eabi/6.3.1/thumb/v7e-m\libgcc.a(_arm_fixunsdfsi.o)
                              src/motor_speed.o (__aeabi_d2uiz)
c:/program files (x86)/atmel/studio/7.0/toolchain/arm/arm-gnu-toolchain/bin/../lib/gcc/arm-none-eabi/6.3.1/thumb/v7e-m\libgcc.a(_arm_truncdfsf2.o)
                              src/ADC.o (__aeabi_d2f)
c:/program files (x86)/atmel/studio/7.0/toolchain/arm/arm-gnu-toolchain/bin/../lib/gcc/arm-none-eabi/6.3.1/thumb/v7e-m\libgcc.a(_arm_addsubsf3.o)
                              src/motor_speed.o (__aeabi_fsub)
c:/program files (x86)/atmel/studio/7.0/toolchain/arm/arm-gnu-toolchain/bin/../lib/gcc/arm-none-eabi/6.3.1/thumb/v7e-m\libgcc.a(_arm_muldivsf3.o)
                              src/Accessory.o (__aeabi_fmul)
c:/program files (x86)/atmel/studio/7.0/toolchain/arm/arm-gnu-toolchain/bin/../lib/gcc/arm-none-eabi/6.3.1/thumb/v7e-m\libgcc.a(_arm_cmpsf2.o)
                              src/motor_speed.o (__aeabi_fcmplt)
c:/program files (x86)/atmel/studio/7.0/toolchain/arm/arm-gnu-toolchain/bin/../lib/gcc/arm-none-eabi/6.3.1/thumb/v7e-m\libgcc.a(_arm_fixsfsi.o)
[...]
Memory Configuration

Name             Origin             Length             Attributes
rom              0x00400000         0x00100000         xr
ram              0x20000000         0x00014000         xrw
*default*        0x00000000         0xffffffff

Linker script and memory map

LOAD c:/program files (x86)/atmel/studio/7.0/toolchain/arm/arm-gnu-toolchain/bin/../lib/gcc/arm-none-eabi/6.3.1/thumb/v7e-m/crti.o
LOAD c:/program files (x86)/atmel/studio/7.0/toolchain/arm/arm-gnu-toolchain/bin/../lib/gcc/arm-none-eabi/6.3.1/thumb/v7e-m/crtbegin.o
LOAD c:/program files (x86)/atmel/studio/7.0/toolchain/arm/arm-gnu-toolchain/bin/../lib/gcc/arm-none-eabi/6.3.1/../../../../arm-none-eabi/lib/thumb/v7e-m/crt0.o
LOAD src/Accessory.o
LOAD src/ADC.o
LOAD src/Admin_Messages.o
LOAD src/Alarm.o
LOAD src/ASF/common/services/sleepmgr/sam/sleepmgr.o
LOAD src/ASF/sam/drivers/adc/adc2.o
LOAD src/ASF/sam/drivers/pdc/pdc.o
LOAD src/ASF/sam/drivers/twi/twi.o
LOAD src/ASF/sam/drivers/usart/usart.o
LOAD src/ASF/sam/drivers/wdt/wdt.o
LOAD src/MASTER_I2C.o
LOAD src/motor_speed.o
LOAD src/Scheduler.o
LOAD src/Serial1_Class.o
LOAD src/Serial2_Class.o
LOAD src/Seriale_1.o
LOAD src/Seriale_2.o
LOAD src/shell.o
LOAD src/Testing_HW.o
LOAD src/Weekly_Prog.o
LOAD src/ASF/common/services/serial/usart_serial.o
LOAD src/ASF/common/services/delay/sam/cycle_counter.o
LOAD src/ASF/common/services/clock/sam4n/sysclk.o
LOAD src/ASF/sam/drivers/pmc/pmc.o
LOAD src/ASF/sam/drivers/tc/tc.o
LOAD src/ASF/sam/drivers/uart/uart.o
LOAD src/ASF/sam/drivers/pmc/sleep.o
LOAD src/ASF/common/boards/user_board/init.o
LOAD src/ASF/common/utils/interrupt/interrupt_sam_nvic.o
LOAD src/ASF/sam/utils/cmsis/sam4n/source/templates/exceptions.o
LOAD src/ASF/sam/utils/cmsis/sam4n/source/templates/gcc/startup_sam4n.o
LOAD src/ASF/sam/utils/cmsis/sam4n/source/templates/system_sam4n.o
LOAD src/ASF/sam/utils/syscalls/gcc/syscalls.o
LOAD src/Clima_Func.o
LOAD src/eeprom_func.o
LOAD src/Filter_Func.o
LOAD src/HW_func.o
LOAD src/main.o
START GROUP
LOAD ../src/ASF/thirdparty/CMSIS/Lib/GCC\libarm_cortexM4l_math.a
LOAD c:/program files (x86)/atmel/studio/7.0/toolchain/arm/arm-gnu-toolchain/bin/../lib/gcc/arm-none-eabi/6.3.1/../../../../arm-none-eabi/lib/thumb/v7e-m\libm.a
END GROUP
START GROUP
LOAD c:/program files (x86)/atmel/studio/7.0/toolchain/arm/arm-gnu-toolchain/bin/../lib/gcc/arm-none-eabi/6.3.1/thumb/v7e-m\libgcc.a
LOAD c:/program files (x86)/atmel/studio/7.0/toolchain/arm/arm-gnu-toolchain/bin/../lib/gcc/arm-none-eabi/6.3.1/../../../../arm-none-eabi/lib/thumb/v7e-m\libc.a
END GROUP
LOAD c:/program files (x86)/atmel/studio/7.0/toolchain/arm/arm-gnu-toolchain/bin/../lib/gcc/arm-none-eabi/6.3.1/thumb/v7e-m/crtend.o
LOAD c:/program files (x86)/atmel/studio/7.0/toolchain/arm/arm-gnu-toolchain/bin/../lib/gcc/arm-none-eabi/6.3.1/thumb/v7e-m/crtn.o
                0x00003000                __stack_size__ = DEFINED (__stack_size__)?__stack_size__:0x3000
                0x20013ffc                __ram_end__ = ((ORIGIN (ram) + LENGTH (ram)) - 0x4)

.text           0x00400000    0x11fec
                0x00400000                . = ALIGN (0x4)
                0x00400000                _sfixed = .
 *(.vectors .vectors.*)
 .vectors       0x00400000       0xc0 src/ASF/sam/utils/cmsis/sam4n/source/templates/gcc/startup_sam4n.o
                0x00400000                exception_table
 *(.text .text.* .gnu.linkonce.t.*)
 .text          0x004000c0       0x6c c:/program files (x86)/atmel/studio/7.0/toolchain/arm/arm-gnu-toolchain/bin/../lib/gcc/arm-none-eabi/6.3.1/thumb/v7e-m/crtbegin.o
 .text.DigitAccessoryOperating
                0x0040012c       0x24 src/Accessory.o
                0x0040012c                DigitAccessoryOperating
 .text.DigitAccessoryOn
                0x00400150       0x24 src/Accessory.o
                0x00400150                DigitAccessoryOn
 .text.TAG_DigitAccessoryOn.part.0
                0x00400174       0x30 src/Accessory.o
 .text.AccessoryPresent_EepList
                0x004001a4       0x28 src/Accessory.o
                0x004001a4                AccessoryPresent_EepList
 .text.TAG_DigitAccessoryOn
                0x004001cc       0x10 src/Accessory.o
                0x004001cc                TAG_DigitAccessoryOn
 .text.TAG_DigitAccessoryOff
                0x004001dc       0x34 src/Accessory.o
                0x004001dc                TAG_DigitAccessoryOff
 .text.TAG_DigitAccessoryOperating
                0x00400210       0x1c src/Accessory.o
                0x00400210                TAG_DigitAccessoryOperating
 .text.TAG_DigitAccessoryNotOperating
                0x0040022c       0x1c src/Accessory.o
                0x0040022c                TAG_DigitAccessoryNotOperating
 .text.located_pos_AccessoyToEep
                0x00400248       0xb0 src/Accessory.o
                0x00400248                located_pos_AccessoyToEep
 .text.InsertDigitAccessory
                0x004002f8       0x9c src/Accessory.o
                0x004002f8                InsertDigitAccessory
 .text.RemoveDigitAccessory
                0x00400394       0xfc src/Accessory.o
                0x00400394                RemoveDigitAccessory
 .text.read_Access_clima
                0x00400490       0xe8 src/Accessory.o
                0x00400490                read_Access_clima
 .text.read_Access_Dxd
                0x00400578       0xbc src/Accessory.o
                0x00400578                read_Access_Dxd
 .text.write_func_compressor_Dxd
                0x00400634       0x68 src/Accessory.o
                0x00400634                write_func_compressor_Dxd
 .text.write_regulate_Dxd
                0x0040069c       0x7c src/Accessory.o
                0x0040069c                write_regulate_Dxd
 .text.read_DSC
                0x00400718       0xa8 src/Accessory.o
                0x00400718                read_DSC
 .text.read_Sensor_Air
                0x004007c0      0x28c src/Accessory.o
                0x004007c0                read_Sensor_Air
 .text.read_Sensor_Pressure
                0x00400a4c       0x84 src/Accessory.o
                0x00400a4c                read_Sensor_Pressure
 .text.probeQAirActive
                0x00400ad0       0x68 src/Accessory.o
                0x00400ad0                probeQAirActive
 .text.calcola_portata
                0x00400b38      0x18c src/Accessory.o
                0x00400b38                calcola_portata
 .text.read_ext_Sensor
                0x00400cc4      0x134 src/Accessory.o
                0x00400cc4                read_ext_Sensor
 .text.pollingDigitAccessory
                0x00400df8      0x758 src/Accessory.o
                0x00400df8                pollingDigitAccessory
 .text.read_probeTemp
                0x00401550       0xbc src/ADC.o
                0x00401550                read_probeTemp
 .text.read_analogInput
                0x0040160c      0x29c src/ADC.o
                0x0040160c                read_analogInput
 .text.intercepts_messages_serial_1
                0x004018a8      0x8c8 src/Admin_Messages.o
                0x004018a8                intercepts_messages_serial_1
 .text.update_EB_RemoteCTRL
                0x00402170       0x40 src/Admin_Messages.o
                0x00402170                update_EB_RemoteCTRL
 .text.intercepts_messages_serial_2
                0x004021b0      0x3a8 src/Admin_Messages.o
                0x004021b0                intercepts_messages_serial_2
 .text.processes_messages
                0x00402558       0x38 src/Admin_Messages.o
                0x00402558                processes_messages
 .text.polling_CTRL_FAN
                0x00402590      0x1ac src/Admin_Messages.o
                0x00402590                polling_CTRL_FAN
 .text.polling_ModBus
                0x0040273c      0x6b0 src/Admin_Messages.o
                0x0040273c                polling_ModBus
 .text.polling_serial_2
                0x00402dec       0x70 src/Admin_Messages.o
                0x00402dec                polling_serial_2
 .text.InitAlarm
                0x00402e5c       0x2c src/Alarm.o
                0x00402e5c                InitAlarm
 .text.CkAlarm  0x00402e88       0x20 src/Alarm.o
                0x00402e88                CkAlarm
 .text.InsertAlarm
                0x00402ea8       0x20 src/Alarm.o
                0x00402ea8                InsertAlarm
 .text.InsertDelayAlarm
                0x00402ec8       0x34 src/Alarm.o
                0x00402ec8                InsertDelayAlarm
 .text.RemoveAlarm
                0x00402efc       0x34 src/Alarm.o
                0x00402efc                RemoveAlarm
 .text.adc_get_config_defaults
                0x00402f30       0x28 src/ASF/sam/drivers/adc/adc2.o
                0x00402f30                adc_get_config_defaults
 .text.adc_set_resolution
                0x00402f58       0x2a src/ASF/sam/drivers/adc/adc2.o
                0x00402f58                adc_set_resolution
 *fill*         0x00402f82        0x2 
 .text.adc_init
                0x00402f84       0x94 src/ASF/sam/drivers/adc/adc2.o
                0x00402f84                adc_init
 .text.ADC_Handler
                0x00403018       0x38 src/ASF/sam/drivers/adc/adc2.o
                0x00403018                ADC_Handler
 .text.adc_enable
                0x00403050       0x50 src/ASF/sam/drivers/adc/adc2.o
                0x00403050                adc_enable
 .text.pdc_rx_init
                0x004030a0       0x16 src/ASF/sam/drivers/pdc/pdc.o
                0x004030a0                pdc_rx_init
 .text.pdc_enable_transfer
                0x004030b6        0xc src/ASF/sam/drivers/pdc/pdc.o
                0x004030b6                pdc_enable_transfer
 .text.pdc_read_rx_counter
                0x004030c2        0x4 src/ASF/sam/drivers/pdc/pdc.o
                0x004030c2                pdc_read_rx_counter
 *fill*         0x004030c6        0x2 
 .text.twi_set_speed
                0x004030c8       0x94 src/ASF/sam/drivers/twi/twi.o
                0x004030c8                twi_set_speed
 .text.twi_master_init
                0x0040315c       0x40 src/ASF/sam/drivers/twi/twi.o
                0x0040315c                twi_master_init
 .text.twi_mk_addr
                0x0040319c       0x20 src/ASF/sam/drivers/twi/twi.o
                0x0040319c                twi_mk_addr
 .text.twi_master_read
                0x004031bc       0xb0 src/ASF/sam/drivers/twi/twi.o
                0x004031bc                twi_master_read
 .text.twi_master_write
                0x0040326c       0x98 src/ASF/sam/drivers/twi/twi.o
                0x0040326c                twi_master_write
 .text.usart_write
                0x00403304       0x12 src/ASF/sam/drivers/usart/usart.o
                0x00403304                usart_write
 *fill*         0x00403316        0x2 
 .text.wdt_get_timeout_value
                0x00403318       0x28 src/ASF/sam/drivers/wdt/wdt.o
                0x00403318                wdt_get_timeout_value
 .text.wdt_init
                0x00403340       0x18 src/ASF/sam/drivers/wdt/wdt.o
                0x00403340                wdt_init
 .text.wdt_disable
                0x00403358        0x8 src/ASF/sam/drivers/wdt/wdt.o
                0x00403358                wdt_disable
 .text.wdt_restart
                0x00403360       0x14 src/ASF/sam/drivers/wdt/wdt.o
                0x00403360                wdt_restart
 .text.wdt_get_us_timeout_period
                0x00403374       0x18 src/ASF/sam/drivers/wdt/wdt.o
                0x00403374                wdt_get_us_timeout_period
 .text._set_SDA
                0x0040338c       0x10 src/MASTER_I2C.o
                0x0040338c                _set_SDA
 .text._set_SCL
                0x0040339c       0x10 src/MASTER_I2C.o
                0x0040339c                _set_SCL
 .text.I2C_freeBus
                0x004033ac       0x18 src/MASTER_I2C.o
                0x004033ac                I2C_freeBus
 .text._clear_SDA
                0x004033c4       0x14 src/MASTER_I2C.o
                0x004033c4                _clear_SDA
 .text._clear_SCL
                0x004033d8       0x14 src/MASTER_I2C.o
                0x004033d8                _clear_SCL
 .text._read_SDA
                0x004033ec       0x14 src/MASTER_I2C.o
                0x004033ec                _read_SDA
 .text.I2C_sendStart
                0x00403400       0x34 src/MASTER_I2C.o
                0x00403400                I2C_sendStart
 .text.I2C_sendStop
                0x00403434       0x40 src/MASTER_I2C.o
                0x00403434                I2C_sendStop
 .text.I2C_sendAck
                0x00403474       0x40 src/MASTER_I2C.o
                0x00403474                I2C_sendAck
 .text.I2C_sendNak
                0x004034b4       0x3c src/MASTER_I2C.o
                0x004034b4                I2C_sendNak
 .text.I2C_checkAck
                0x004034f0       0x78 src/MASTER_I2C.o
                0x004034f0                I2C_checkAck
 .text.I2C_sendData
                0x00403568       0x60 src/MASTER_I2C.o
                0x00403568                I2C_sendData
 .text.WriteSlave
                0x004035c8       0x78 src/MASTER_I2C.o
                0x004035c8                WriteSlave
 .text.I2C_readData
                0x00403640       0x94 src/MASTER_I2C.o
                0x00403640                I2C_readData
 .text.ReadSlave
                0x004036d4       0xdc src/MASTER_I2C.o
                0x004036d4                ReadSlave
 .text.coeff_sbil
                0x004037b0       0xcc src/motor_speed.o
                0x004037b0                coeff_sbil
 *fill*         0x0040387c        0x4 
 .text.deFrostFunc
                0x00403880      0x2bc src/motor_speed.o
                0x00403880                deFrostFunc
 *fill*         0x00403b3c        0x4 
 .text.calcDepot
                0x00403b40       0x54 src/motor_speed.o
                0x00403b40                calcDepot
 .text.ctrl_comand_inputs
                0x00403b94      0x2f4 src/motor_speed.o
                0x00403b94                ctrl_comand_inputs
 .text.switchesToStandby
                0x00403e88      0x14c src/motor_speed.o
                0x00403e88                switchesToStandby
 .text.GetMaxAirFlow
                0x00403fd4       0x88 src/motor_speed.o
                0x00403fd4                GetMaxAirFlow
 *fill*         0x0040405c        0x4 
 .text.CalcQW_by_PW
                0x00404060      0x110 src/motor_speed.o
                0x00404060                CalcQW_by_PW
 .text.isDamperLessUnit
                0x00404170       0x24 src/motor_speed.o
                0x00404170                isDamperLessUnit
 *fill*         0x00404194        0x4 
 .text.Func_Pressure_Const_R
                0x00404198      0x210 src/motor_speed.o
                0x00404198                Func_Pressure_Const_R
 .text.Func_Pressure_Const_F
                0x004043a8      0x210 src/motor_speed.o
                0x004043a8                Func_Pressure_Const_F
 .text.Func_AirFlow_Const
                0x004045b8      0x340 src/motor_speed.o
                0x004045b8                Func_AirFlow_Const
 .text.Func_SpeedFan_Const
                0x004048f8       0x48 src/motor_speed.o
                0x004048f8                Func_SpeedFan_Const
 .text.motor_speed
                0x00404940      0x888 src/motor_speed.o
                0x00404940                motor_speed
 .text.init_scheduler
                0x004051c8       0x24 src/Scheduler.o
                0x004051c8                init_scheduler
 .text.Scheduler_Timer_Callback
                0x004051ec       0x20 src/Scheduler.o
                0x004051ec                Scheduler_Timer_Callback
 .text.insert_function_scheduler
                0x0040520c       0x2c src/Scheduler.o
                0x0040520c                insert_function_scheduler
 .text.process_scheduler
                0x00405238       0x2c src/Scheduler.o
                0x00405238                process_scheduler
 .text.UART0_Handler
                0x00405264       0x84 src/Serial1_Class.o
                0x00405264                UART0_Handler
 .text.Serial_begin
                0x004052e8       0x30 src/Serial1_Class.o
                0x004052e8                Serial_begin
 .text.Serial_available
                0x00405318       0x70 src/Serial1_Class.o
                0x00405318                Serial_available
 .text.Serial_read
                0x00405388       0x10 src/Serial1_Class.o
                0x00405388                Serial_read
 .text.Serial_write
                0x00405398       0x28 src/Serial1_Class.o
                0x00405398                Serial_write
 .text.Serial_print1
                0x004053c0       0x30 src/Serial1_Class.o
                0x004053c0                Serial_print1
 .text.Serial_print
                0x004053f0       0xec src/Serial1_Class.o
                0x004053f0                Serial_print
 .text.Serial_println1
                0x004054dc       0x48 src/Serial1_Class.o
                0x004054dc                Serial_println1
 .text.Serial_println
                0x00405524      0x140 src/Serial1_Class.o
                0x00405524                Serial_println
 .text.UART2_Handler
                0x00405664       0x84 src/Serial2_Class.o
                0x00405664                UART2_Handler
 .text.Serial2_begin
                0x004056e8       0x30 src/Serial2_Class.o
                0x004056e8                Serial2_begin
 .text.Serial2_available
                0x00405718       0x70 src/Serial2_Class.o
                0x00405718                Serial2_available
 .text.Serial2_read
                0x00405788       0x10 src/Serial2_Class.o
                0x00405788                Serial2_read
 .text.Serial2_write
                0x00405798       0x30 src/Serial2_Class.o
                0x00405798                Serial2_write
 .text.calc_cksum_16
                0x004057c8       0x1c src/Seriale_1.o
                0x004057c8                calc_cksum_16
 .text.Write_Message_Ser1
                0x004057e4       0x34 src/Seriale_1.o
                0x004057e4                Write_Message_Ser1
 .text.Read_Message_Ser1
                0x00405818       0x8c src/Seriale_1.o
                0x00405818                Read_Message_Ser1
 .text.free_serial_2
                0x004058a4       0x20 src/Seriale_2.o
                0x004058a4                free_serial_2
 .text.Send_Message_Ser2
                0x004058c4       0x78 src/Seriale_2.o
                0x004058c4                Send_Message_Ser2
 .text.Read_Message_Ser2
                0x0040593c       0x90 src/Seriale_2.o
                0x0040593c                Read_Message_Ser2
 .text.Stampa_Prompt
                0x004059cc       0x24 src/shell.o
                0x004059cc                Stampa_Prompt
 .text.printPrompMenu6
                0x004059f0       0x24 src/shell.o
                0x004059f0                printPrompMenu6
 .text.wait_response_by_terminal
                0x00405a14       0x78 src/shell.o
                0x00405a14                wait_response_by_terminal
 .text.PrintFlashString
                0x00405a8c       0x40 src/shell.o
                0x00405a8c                PrintFlashString
 .text.Stampa_menu_config
                0x00405acc       0xac src/shell.o
                0x00405acc                Stampa_menu_config
 .text.WriteEepromDefault
                0x00405b78       0xcc src/shell.o
                0x00405b78                WriteEepromDefault
 .text.PrintSN  0x00405c44       0x50 src/shell.o
                0x00405c44                PrintSN
 .text.PrintPositionNTC
                0x00405c94       0x58 src/shell.o
                0x00405c94                PrintPositionNTC
 .text.read_cfg_data
                0x00405cec      0x24c src/shell.o
                0x00405cec                read_cfg_data
 .text.Set_SerialNumb
                0x00405f38      0x160 src/shell.o
                0x00405f38                Set_SerialNumb
 .text.Set_dataMotors
                0x00406098      0x370 src/shell.o
                0x00406098                Set_dataMotors
 .text.SettingNTC
                0x00406408      0x150 src/shell.o
                0x00406408                SettingNTC
 .text.readWeeklyProg
                0x00406558      0x134 src/shell.o
                0x00406558                readWeeklyProg
 .text.PrintMenuManTesting
                0x0040668c       0x6c src/shell.o
                0x0040668c                PrintMenuManTesting
 .text.manualTesting
                0x004066f8       0xec src/shell.o
                0x004066f8                manualTesting
 .text.CRC_16   0x004067e4       0x36 src/shell.o
                0x004067e4                CRC_16
 *fill*         0x0040681a        0x2 
 .text.writeConfigUnit
                0x0040681c      0x270 src/shell.o
                0x0040681c                writeConfigUnit
 .text.shell_config_menu
                0x00406a8c      0x228 src/shell.o
                0x00406a8c                shell_config_menu
 .text.print_result_test
                0x00406cb4       0x5c src/Testing_HW.o
                0x00406cb4                print_result_test
 .text.test_bypass
                0x00406d10      0x240 src/Testing_HW.o
                0x00406d10                test_bypass
 .text.test_IO  0x00406f50      0x254 src/Testing_HW.o
                0x00406f50                test_IO
 .text.testSleepMode
                0x004071a4      0x17c src/Testing_HW.o
                0x004071a4                testSleepMode
 .text.testMotors
                0x00407320      0x3f0 src/Testing_HW.o
                0x00407320                testMotors
 .text.testUart1
                0x00407710      0x220 src/Testing_HW.o
                0x00407710                testUart1
 .text.print_bit_I2C
                0x00407930       0xec src/Testing_HW.o
                0x00407930                print_bit_I2C
 .text.testI2C  0x00407a1c      0x224 src/Testing_HW.o
                0x00407a1c                testI2C
 .text.IPEHD_test
                0x00407c40       0x74 src/Testing_HW.o
                0x00407c40                IPEHD_test
 .text.weekly_program
                0x00407cb4      0x19c src/Weekly_Prog.o
                0x00407cb4                weekly_program
 .text.usart_serial_write_packet
                0x00407e50       0xc4 src/ASF/common/services/serial/usart_serial.o
                0x00407e50                usart_serial_write_packet
 .text.sysclk_init
                0x00407f14       0x68 src/ASF/common/services/clock/sam4n/sysclk.o
                0x00407f14                sysclk_init
 .text.pmc_switch_mck_to_pllack
                0x00407f7c       0x44 src/ASF/sam/drivers/pmc/pmc.o
                0x00407f7c                pmc_switch_mck_to_pllack
 .text.pmc_switch_sclk_to_32kxtal
                0x00407fc0       0x20 src/ASF/sam/drivers/pmc/pmc.o
                0x00407fc0                pmc_switch_sclk_to_32kxtal
 .text.pmc_osc_is_ready_32kxtal
                0x00407fe0       0x1c src/ASF/sam/drivers/pmc/pmc.o
                0x00407fe0                pmc_osc_is_ready_32kxtal
 .text.pmc_switch_mainck_to_xtal
                0x00407ffc       0x48 src/ASF/sam/drivers/pmc/pmc.o
                0x00407ffc                pmc_switch_mainck_to_xtal
 .text.pmc_osc_is_ready_mainck
                0x00408044       0x10 src/ASF/sam/drivers/pmc/pmc.o
                0x00408044                pmc_osc_is_ready_mainck
 .text.pmc_disable_pllack
                0x00408054       0x10 src/ASF/sam/drivers/pmc/pmc.o
                0x00408054                pmc_disable_pllack
 .text.pmc_is_locked_pllack
                0x00408064       0x10 src/ASF/sam/drivers/pmc/pmc.o
                0x00408064                pmc_is_locked_pllack
 .text.pmc_enable_periph_clk
                0x00408074       0x24 src/ASF/sam/drivers/pmc/pmc.o
                0x00408074                pmc_enable_periph_clk
 .text.tc_init  0x00408098       0x16 src/ASF/sam/drivers/tc/tc.o
                0x00408098                tc_init
 .text.tc_start
                0x004080ae        0x8 src/ASF/sam/drivers/tc/tc.o
                0x004080ae                tc_start
 .text.tc_stop  0x004080b6        0x8 src/ASF/sam/drivers/tc/tc.o
                0x004080b6                tc_stop
 .text.tc_write_rc
                0x004080be        0x8 src/ASF/sam/drivers/tc/tc.o
                0x004080be                tc_write_rc
 .text.tc_enable_interrupt
                0x004080c6        0x8 src/ASF/sam/drivers/tc/tc.o
                0x004080c6                tc_enable_interrupt
 .text.tc_disable_interrupt
                0x004080ce        0x8 src/ASF/sam/drivers/tc/tc.o
                0x004080ce                tc_disable_interrupt
 .text.tc_get_status
                0x004080d6        0x8 src/ASF/sam/drivers/tc/tc.o
                0x004080d6                tc_get_status
 .text.uart_init
                0x004080de       0x34 src/ASF/sam/drivers/uart/uart.o
                0x004080de                uart_init
 .text.uart_get_status
                0x00408112        0x4 src/ASF/sam/drivers/uart/uart.o
                0x00408112                uart_get_status
 .text.uart_reset_status
                0x00408116        0x8 src/ASF/sam/drivers/uart/uart.o
                0x00408116                uart_reset_status
 .text.uart_is_tx_empty
                0x0040811e        0x8 src/ASF/sam/drivers/uart/uart.o
                0x0040811e                uart_is_tx_empty
 .text.uart_write
                0x00408126        0xe src/ASF/sam/drivers/uart/uart.o
                0x00408126                uart_write
 .text.uart_get_pdc_base
                0x00408134       0x2c src/ASF/sam/drivers/uart/uart.o
                0x00408134                uart_get_pdc_base
 .text.ioport_set_pin_mode.constprop.0
                0x00408160       0x32 src/ASF/common/boards/user_board/init.o
 *fill*         0x00408192        0x2 
 .text.ioport_set_port_mode.constprop.1
                0x00408194       0x24 src/ASF/common/boards/user_board/init.o
 .text.board_init
                0x004081b8      0x16c src/ASF/common/boards/user_board/init.o
                0x004081b8                board_init
 .text.Dummy_Handler
                0x00408324        0x2 src/ASF/sam/utils/cmsis/sam4n/source/templates/exceptions.o
                0x00408324                DACC_Handler
                0x00408324                DebugMon_Handler
                0x00408324                UART3_Handler
                0x00408324                HardFault_Handler
                0x00408324                TC2_Handler
                0x00408324                SPI_Handler
                0x00408324                TWI1_Handler
                0x00408324                PendSV_Handler
                0x00408324                NMI_Handler
                0x00408324                USART0_Handler
                0x00408324                RTT_Handler
                0x00408324                PIOB_Handler
                0x00408324                RTC_Handler
                0x00408324                UsageFault_Handler
                0x00408324                TC1_Handler
                0x00408324                UART1_Handler
                0x00408324                Dummy_Handler
                0x00408324                TWI0_Handler
                0x00408324                TWI2_Handler
                0x00408324                USART1_Handler
                0x00408324                PIOA_Handler
                0x00408324                PMC_Handler
                0x00408324                PWM_Handler
                0x00408324                MemManage_Handler
                0x00408324                SUPC_Handler
                0x00408324                SVC_Handler
                0x00408324                EFC_Handler
                0x00408324                BusFault_Handler
                0x00408324                RSTC_Handler
 *fill*         0x00408326        0x2 
 .text.Reset_Handler
                0x00408328       0x64 src/ASF/sam/utils/cmsis/sam4n/source/templates/gcc/startup_sam4n.o
                0x00408328                Reset_Handler
 .text.SystemCoreClockUpdate
                0x0040838c       0xc8 src/ASF/sam/utils/cmsis/sam4n/source/templates/system_sam4n.o
                0x0040838c                SystemCoreClockUpdate
 .text.system_init_flash
                0x00408454       0x54 src/ASF/sam/utils/cmsis/sam4n/source/templates/system_sam4n.o
                0x00408454                system_init_flash
 .text._sbrk    0x004084a8       0x2c src/ASF/sam/utils/syscalls/gcc/syscalls.o
                0x004084a8                _sbrk
 .text.managementBypass
                0x004084d4      0x2bc src/Clima_Func.o
                0x004084d4                managementBypass
 .text.TemperatureRegulate
                0x00408790      0x58c src/Clima_Func.o
                0x00408790                TemperatureRegulate
 .text.CkUpdate_EepromToShadow
                0x00408d1c       0x4c src/eeprom_func.o
                0x00408d1c                CkUpdate_EepromToShadow
 .text.write_byte_eeprom
                0x00408d68       0x18 src/eeprom_func.o
                0x00408d68                write_byte_eeprom
 .text.write_word_eeprom
                0x00408d80       0x20 src/eeprom_func.o
                0x00408d80                write_word_eeprom
 .text.write_Dword_eeprom
                0x00408da0       0x30 src/eeprom_func.o
                0x00408da0                write_Dword_eeprom
 .text.read_byte_eeprom
                0x00408dd0        0xc src/eeprom_func.o
                0x00408dd0                read_byte_eeprom
 .text.read_word_eeprom
                0x00408ddc       0x18 src/eeprom_func.o
                0x00408ddc                read_word_eeprom
 .text.read_Dword_eeprom
                0x00408df4       0x28 src/eeprom_func.o
                0x00408df4                read_Dword_eeprom
 .text.upgrade_type_func
                0x00408e1c       0x20 src/eeprom_func.o
                0x00408e1c                upgrade_type_func
 .text.check_control_speed_func
                0x00408e3c      0x10c src/eeprom_func.o
                0x00408e3c                check_control_speed_func
 .text.check_control_speed_func1
                0x00408f48       0xa0 src/eeprom_func.o
                0x00408f48                check_control_speed_func1
 .text.ctrl_eeprom
                0x00408fe8      0x2dc src/eeprom_func.o
                0x00408fe8                ctrl_eeprom
 .text.ctrl_validity_values
                0x004092c4      0x1cc src/eeprom_func.o
                0x004092c4                ctrl_validity_values
 .text.ctrl_lim_histTemp
                0x00409490      0x168 src/eeprom_func.o
                0x00409490                ctrl_lim_histTemp
 .text.update_data_eeprom
                0x004095f8       0xf8 src/eeprom_func.o
                0x004095f8                update_data_eeprom
 .text.check_clogged_filter
                0x004096f0      0x124 src/Filter_Func.o
                0x004096f0                check_clogged_filter
 .text.verifica_clogged_filter
                0x00409814      0x2ac src/Filter_Func.o
                0x00409814                verifica_clogged_filter
 .text.calibrazione_clogged_filter
                0x00409ac0      0x180 src/Filter_Func.o
                0x00409ac0                calibrazione_clogged_filter
 .text.operatingHoursCounter
                0x00409c40       0xe0 src/Filter_Func.o
                0x00409c40                operatingHoursCounter
 .text.BuzzerFunc
                0x00409d20       0x40 src/HW_func.o
                0x00409d20                BuzzerFunc
 .text.startMotorBPD
                0x00409d60       0x5c src/HW_func.o
                0x00409d60                startMotorBPD
 .text.PowerMode
                0x00409dbc       0x24 src/HW_func.o
                0x00409dbc                PowerMode
 .text.TC0_Handler
                0x00409de0       0xf8 src/HW_func.o
                0x00409de0                TC0_Handler
 .text.ActiveBuzzer
                0x00409ed8       0x50 src/HW_func.o
                0x00409ed8                ActiveBuzzer
 .text.Active_Procedure_Bypass_OpCl
                0x00409f28      0x110 src/HW_func.o
                0x00409f28                Active_Procedure_Bypass_OpCl
 .text.Ctrl_FunzionamentoBPD
                0x0040a038      0x104 src/HW_func.o
                0x0040a038                Ctrl_FunzionamentoBPD
 .text.Test_Connect_KTS
                0x0040a13c      0x120 src/HW_func.o
                0x0040a13c                Test_Connect_KTS
 .text.Gestione_Relays
                0x0040a25c      0x1f4 src/HW_func.o
                0x0040a25c                Gestione_Relays
 .text.Check_SerialNumber
                0x0040a450       0xb8 src/HW_func.o
                0x0040a450                Check_SerialNumber
 .text.calc_size_unit
                0x0040a508       0x3c src/main.o
                0x0040a508                calc_size_unit
 .text.SysTick_Handler
                0x0040a544       0xbc src/main.o
                0x0040a544                SysTick_Handler
 .text.millis   0x0040a600        0xc src/main.o
                0x0040a600                millis
 .text.constrain
                0x0040a60c       0x10 src/main.o
                0x0040a60c                constrain
 .text.eep_read_byte
                0x0040a61c       0x34 src/main.o
                0x0040a61c                eep_read_byte
 .text.eep_write_byte
                0x0040a650       0x38 src/main.o
                0x0040a650                eep_write_byte
 .text.init_sdata
                0x0040a688      0x1bc src/main.o
                0x0040a688                init_sdata
 .text.Setup    0x0040a844      0x144 src/main.o
                0x0040a844                Setup
 .text.ADC121C027_IC7_Initialize
                0x0040a988       0x3c src/main.o
                0x0040a988                ADC121C027_IC7_Initialize
 .text.startup.main
                0x0040a9c4      0x1f8 src/main.o
                0x0040a9c4                main
 .text.ADC121C027_IC7_Read
                0x0040abbc       0x44 src/main.o
                0x0040abbc                ADC121C027_IC7_Read
 .text.analogRead
                0x0040ac00       0xb8 src/main.o
                0x0040ac00                analogRead
 .text.WDT_Handler
                0x0040acb8        0x2 src/main.o
                0x0040acb8                WDT_Handler
 *fill*         0x0040acba        0x2 
 .text.log      0x0040acbc       0xf8 c:/program files (x86)/atmel/studio/7.0/toolchain/arm/arm-gnu-toolchain/bin/../lib/gcc/arm-none-eabi/6.3.1/../../../../arm-none-eabi/lib/thumb/v7e-m\libm.a(lib_a-w_log.o)
                0x0040acbc                log
 *fill*         0x0040adb4        0x4 
 .text.__ieee754_log
                0x0040adb8      0x3e8 c:/program files (x86)/atmel/studio/7.0/toolchain/arm/arm-gnu-toolchain/bin/../lib/gcc/arm-none-eabi/6.3.1/../../../../arm-none-eabi/lib/thumb/v7e-m\libm.a(lib_a-e_log.o)
                0x0040adb8                __ieee754_log
 .text.matherr  0x0040b1a0        0x4 c:/program files (x86)/atmel/studio/7.0/toolchain/arm/arm-gnu-toolchain/bin/../lib/gcc/arm-none-eabi/6.3.1/../../../../arm-none-eabi/lib/thumb/v7e-m\libm.a(lib_a-s_matherr.o)
                0x0040b1a0                matherr
 .text.nan      0x0040b1a4        0xc c:/program files (x86)/atmel/studio/7.0/toolchain/arm/arm-gnu-toolchain/bin/../lib/gcc/arm-none-eabi/6.3.1/../../../../arm-none-eabi/lib/thumb/v7e-m\libm.a(lib_a-s_nan.o)
                0x0040b1a4                nan
 .text          0x0040b1b0      0x370 c:/program files (x86)/atmel/studio/7.0/toolchain/arm/arm-gnu-toolchain/bin/../lib/gcc/arm-none-eabi/6.3.1/thumb/v7e-m\libgcc.a(_arm_addsubdf3.o)
                0x0040b1b0                __aeabi_drsub
                0x0040b1b8                __aeabi_dsub
                0x0040b1b8                __subdf3
                0x0040b1bc                __aeabi_dadd
                0x0040b1bc                __adddf3
                0x0040b434                __floatunsidf
                0x0040b434                __aeabi_ui2d
                0x0040b454                __floatsidf
                0x0040b454                __aeabi_i2d
                0x0040b478                __aeabi_f2d
                0x0040b478                __extendsfdf2
                0x0040b4b4                __floatundidf
                0x0040b4b4                __aeabi_ul2d
                0x0040b4c4                __floatdidf
                0x0040b4c4                __aeabi_l2d
 .text          0x0040b520      0x424 c:/program files (x86)/atmel/studio/7.0/toolchain/arm/arm-gnu-toolchain/bin/../lib/gcc/arm-none-eabi/6.3.1/thumb/v7e-m\libgcc.a(_arm_muldivdf3.o)
                0x0040b520                __aeabi_dmul
                0x0040b520                __muldf3
                0x0040b774                __divdf3
                0x0040b774                __aeabi_ddiv
 .text          0x0040b944      0x110 c:/program files (x86)/atmel/studio/7.0/toolchain/arm/arm-gnu-toolchain/bin/../lib/gcc/arm-none-eabi/6.3.1/thumb/v7e-m\libgcc.a(_arm_cmpdf2.o)
                0x0040b944                __gtdf2
                0x0040b944                __gedf2
                0x0040b94c                __ltdf2
                0x0040b94c                __ledf2
                0x0040b954                __nedf2
                0x0040b954                __eqdf2
                0x0040b954                __cmpdf2
                0x0040b9d0                __aeabi_cdrcmple
                0x0040b9e0                __aeabi_cdcmpeq
                0x0040b9e0                __aeabi_cdcmple
                0x0040b9f0                __aeabi_dcmpeq
                0x0040ba04                __aeabi_dcmplt
                0x0040ba18                __aeabi_dcmple
                0x0040ba2c                __aeabi_dcmpge
                0x0040ba40                __aeabi_dcmpgt
 .text          0x0040ba54       0x2c c:/program files (x86)/atmel/studio/7.0/toolchain/arm/arm-gnu-toolchain/bin/../lib/gcc/arm-none-eabi/6.3.1/thumb/v7e-m\libgcc.a(_arm_unorddf2.o)
                0x0040ba54                __unorddf2
                0x0040ba54                __aeabi_dcmpun
 .text          0x0040ba80       0x50 c:/program files (x86)/atmel/studio/7.0/toolchain/arm/arm-gnu-toolchain/bin/../lib/gcc/arm-none-eabi/6.3.1/thumb/v7e-m\libgcc.a(_arm_fixdfsi.o)
                0x0040ba80                __aeabi_d2iz
                0x0040ba80                __fixdfsi
 .text          0x0040bad0       0x40 c:/program files (x86)/atmel/studio/7.0/toolchain/arm/arm-gnu-toolchain/bin/../lib/gcc/arm-none-eabi/6.3.1/thumb/v7e-m\libgcc.a(_arm_fixunsdfsi.o)
                0x0040bad0                __aeabi_d2uiz
                0x0040bad0                __fixunsdfsi
 .text          0x0040bb10       0xa0 c:/program files (x86)/atmel/studio/7.0/toolchain/arm/arm-gnu-toolchain/bin/../lib/gcc/arm-none-eabi/6.3.1/thumb/v7e-m\libgcc.a(_arm_truncdfsf2.o)
                0x0040bb10                __truncdfsf2
                0x0040bb10                __aeabi_d2f
 .text          0x0040bbb0      0x21c c:/program files (x86)/atmel/studio/7.0/toolchain/arm/arm-gnu-toolchain/bin/../lib/gcc/arm-none-eabi/6.3.1/thumb/v7e-m\libgcc.a(_arm_addsubsf3.o)
                0x0040bbb0                __aeabi_frsub
                0x0040bbb8                __subsf3
                0x0040bbb8                __aeabi_fsub
                0x0040bbbc                __aeabi_fadd
                0x0040bbbc                __addsf3
                0x0040bd1c                __aeabi_ui2f
                0x0040bd1c                __floatunsisf
                0x0040bd24                __aeabi_i2f
                0x0040bd24                __floatsisf
                0x0040bd40                __aeabi_ul2f
                0x0040bd40                __floatundisf
                0x0040bd50                __aeabi_l2f
                0x0040bd50                __floatdisf
 .text          0x0040bdcc      0x2a0 c:/program files (x86)/atmel/studio/7.0/toolchain/arm/arm-gnu-toolchain/bin/../lib/gcc/arm-none-eabi/6.3.1/thumb/v7e-m\libgcc.a(_arm_muldivsf3.o)
                0x0040bdcc                __mulsf3
                0x0040bdcc                __aeabi_fmul
                0x0040bf34                __aeabi_fdiv
                0x0040bf34                __divsf3
 .text          0x0040c06c       0xec c:/program files (x86)/atmel/studio/7.0/toolchain/arm/arm-gnu-toolchain/bin/../lib/gcc/arm-none-eabi/6.3.1/thumb/v7e-m\libgcc.a(_arm_cmpsf2.o)
                0x0040c06c                __gesf2
                0x0040c06c                __gtsf2
                0x0040c074                __lesf2
                0x0040c074                __ltsf2
                0x0040c07c                __nesf2
                0x0040c07c                __eqsf2
                0x0040c07c                __cmpsf2
                0x0040c0dc                __aeabi_cfrcmple
                0x0040c0e4                __aeabi_cfcmpeq
                0x0040c0e4                __aeabi_cfcmple
                0x0040c0f4                __aeabi_fcmpeq
                0x0040c108                __aeabi_fcmplt
                0x0040c11c                __aeabi_fcmple
                0x0040c130                __aeabi_fcmpge
                0x0040c144                __aeabi_fcmpgt
 .text          0x0040c158       0x4c c:/program files (x86)/atmel/studio/7.0/toolchain/arm/arm-gnu-toolchain/bin/../lib/gcc/arm-none-eabi/6.3.1/thumb/v7e-m\libgcc.a(_arm_fixsfsi.o)
                0x0040c158                __aeabi_f2iz
                0x0040c158                __fixsfsi
 .text          0x0040c1a4       0x40 c:/program files (x86)/atmel/studio/7.0/toolchain/arm/arm-gnu-toolchain/bin/../lib/gcc/arm-none-eabi/6.3.1/thumb/v7e-m\libgcc.a(_arm_fixunssfsi.o)
                0x0040c1a4                __fixunssfsi
                0x0040c1a4                __aeabi_f2uiz
 .text.__errno  0x0040c1e4        0xc c:/program files (x86)/atmel/studio/7.0/toolchain/arm/arm-gnu-toolchain/bin/../lib/gcc/arm-none-eabi/6.3.1/../../../../arm-none-eabi/lib/thumb/v7e-m\libc.a(lib_a-errno.o)
                0x0040c1e4                __errno
 .text.__libc_init_array
                0x0040c1f0       0x50 c:/program files (x86)/atmel/studio/7.0/toolchain/arm/arm-gnu-toolchain/bin/../lib/gcc/arm-none-eabi/6.3.1/../../../../arm-none-eabi/lib/thumb/v7e-m\libc.a(lib_a-init.o)
                0x0040c1f0                __libc_init_array
 .text          0x0040c240      0x134 c:/program files (x86)/atmel/studio/7.0/toolchain/arm/arm-gnu-toolchain/bin/../lib/gcc/arm-none-eabi/6.3.1/../../../../arm-none-eabi/lib/thumb/v7e-m\libc.a(lib_a-memcpy.o)
                0x0040c240                memcpy
 .text.memset   0x0040c374       0x9c c:/program files (x86)/atmel/studio/7.0/toolchain/arm/arm-gnu-toolchain/bin/../lib/gcc/arm-none-eabi/6.3.1/../../../../arm-none-eabi/lib/thumb/v7e-m\libc.a(lib_a-memset.o)
                0x0040c374                memset
 .text.sprintf  0x0040c410       0x4c c:/program files (x86)/atmel/studio/7.0/toolchain/arm/arm-gnu-toolchain/bin/../lib/gcc/arm-none-eabi/6.3.1/../../../../arm-none-eabi/lib/thumb/v7e-m\libc.a(lib_a-sprintf.o)
                0x0040c410                sprintf
 *fill*         0x0040c45c       0x24 
 .text          0x0040c480       0xdc c:/program files (x86)/atmel/studio/7.0/toolchain/arm/arm-gnu-toolchain/bin/../lib/gcc/arm-none-eabi/6.3.1/../../../../arm-none-eabi/lib/thumb/v7e-m\libc.a(lib_a-strlen.o)
                0x0040c480                strlen
 .text._svfprintf_r
                0x0040c55c     0x145c c:/program files (x86)/atmel/studio/7.0/toolchain/arm/arm-gnu-toolchain/bin/../lib/gcc/arm-none-eabi/6.3.1/../../../../arm-none-eabi/lib/thumb/v7e-m\libc.a(lib_a-svfprintf.o)
                0x0040c55c                _svfprintf_r
 .text.startup.register_fini
                0x0040d9b8       0x14 c:/program files (x86)/atmel/studio/7.0/toolchain/arm/arm-gnu-toolchain/bin/../lib/gcc/arm-none-eabi/6.3.1/../../../../arm-none-eabi/lib/thumb/v7e-m\libc.a(lib_a-__call_atexit.o)
 .text.atexit   0x0040d9cc        0xc c:/program files (x86)/atmel/studio/7.0/toolchain/arm/arm-gnu-toolchain/bin/../lib/gcc/arm-none-eabi/6.3.1/../../../../arm-none-eabi/lib/thumb/v7e-m\libc.a(lib_a-atexit.o)
                0x0040d9cc                atexit
 .text.quorem   0x0040d9d8      0x128 c:/program files (x86)/atmel/studio/7.0/toolchain/arm/arm-gnu-toolchain/bin/../lib/gcc/arm-none-eabi/6.3.1/../../../../arm-none-eabi/lib/thumb/v7e-m\libc.a(lib_a-dtoa.o)
 .text._dtoa_r  0x0040db00      0xe54 c:/program files (x86)/atmel/studio/7.0/toolchain/arm/arm-gnu-toolchain/bin/../lib/gcc/arm-none-eabi/6.3.1/../../../../arm-none-eabi/lib/thumb/v7e-m\libc.a(lib_a-dtoa.o)
                0x0040db00                _dtoa_r
 .text.__libc_fini_array
                0x0040e954       0x34 c:/program files (x86)/atmel/studio/7.0/toolchain/arm/arm-gnu-toolchain/bin/../lib/gcc/arm-none-eabi/6.3.1/../../../../arm-none-eabi/lib/thumb/v7e-m\libc.a(lib_a-fini.o)
                0x0040e954                __libc_fini_array
 .text._localeconv_r
                0x0040e988       0x1c c:/program files (x86)/atmel/studio/7.0/toolchain/arm/arm-gnu-toolchain/bin/../lib/gcc/arm-none-eabi/6.3.1/../../../../arm-none-eabi/lib/thumb/v7e-m\libc.a(lib_a-localeconv.o)
                0x0040e988                _localeconv_r
 .text.__retarget_lock_acquire_recursive
                0x0040e9a4        0x4 c:/program files (x86)/atmel/studio/7.0/toolchain/arm/arm-gnu-toolchain/bin/../lib/gcc/arm-none-eabi/6.3.1/../../../../arm-none-eabi/lib/thumb/v7e-m\libc.a(lib_a-lock.o)
                0x0040e9a4                __retarget_lock_acquire_recursive
 .text.__retarget_lock_release_recursive
                0x0040e9a8        0x4 c:/program files (x86)/atmel/studio/7.0/toolchain/arm/arm-gnu-toolchain/bin/../lib/gcc/arm-none-eabi/6.3.1/../../../../arm-none-eabi/lib/thumb/v7e-m\libc.a(lib_a-lock.o)
                0x0040e9a8                __retarget_lock_release_recursive
 .text._malloc_r
                0x0040e9ac      0x560 c:/program files (x86)/atmel/studio/7.0/toolchain/arm/arm-gnu-toolchain/bin/../lib/gcc/arm-none-eabi/6.3.1/../../../../arm-none-eabi/lib/thumb/v7e-m\libc.a(lib_a-mallocr.o)
                0x0040e9ac                _malloc_r
 *fill*         0x0040ef0c        0x4 
 .text          0x0040ef10       0xa0 c:/program files (x86)/atmel/studio/7.0/toolchain/arm/arm-gnu-toolchain/bin/../lib/gcc/arm-none-eabi/6.3.1/../../../../arm-none-eabi/lib/thumb/v7e-m\libc.a(lib_a-memchr.o)
                0x0040ef10                memchr
 .text.__malloc_lock
                0x0040efb0        0xc c:/program files (x86)/atmel/studio/7.0/toolchain/arm/arm-gnu-toolchain/bin/../lib/gcc/arm-none-eabi/6.3.1/../../../../arm-none-eabi/lib/thumb/v7e-m\libc.a(lib_a-mlock.o)
                0x0040efb0                __malloc_lock
 .text.__malloc_unlock
                0x0040efbc        0xc c:/program files (x86)/atmel/studio/7.0/toolchain/arm/arm-gnu-toolchain/bin/../lib/gcc/arm-none-eabi/6.3.1/../../../../arm-none-eabi/lib/thumb/v7e-m\libc.a(lib_a-mlock.o)
                0x0040efbc                __malloc_unlock
 .text._Balloc  0x0040efc8       0x4c c:/program files (x86)/atmel/studio/7.0/toolchain/arm/arm-gnu-toolchain/bin/../lib/gcc/arm-none-eabi/6.3.1/../../../../arm-none-eabi/lib/thumb/v7e-m\libc.a(lib_a-mprec.o)
                0x0040efc8                _Balloc
 .text._Bfree   0x0040f014       0x14 c:/program files (x86)/atmel/studio/7.0/toolchain/arm/arm-gnu-toolchain/bin/../lib/gcc/arm-none-eabi/6.3.1/../../../../arm-none-eabi/lib/thumb/v7e-m\libc.a(lib_a-mprec.o)
                0x0040f014                _Bfree
 .text.__multadd
                0x0040f028       0x80 c:/program files (x86)/atmel/studio/7.0/toolchain/arm/arm-gnu-toolchain/bin/../lib/gcc/arm-none-eabi/6.3.1/../../../../arm-none-eabi/lib/thumb/v7e-m\libc.a(lib_a-mprec.o)
                0x0040f028                __multadd
 .text.__hi0bits
                0x0040f0a8       0x40 c:/program files (x86)/atmel/studio/7.0/toolchain/arm/arm-gnu-toolchain/bin/../lib/gcc/arm-none-eabi/6.3.1/../../../../arm-none-eabi/lib/thumb/v7e-m\libc.a(lib_a-mprec.o)
                0x0040f0a8                __hi0bits
 .text.__lo0bits
                0x0040f0e8       0x60 c:/program files (x86)/atmel/studio/7.0/toolchain/arm/arm-gnu-toolchain/bin/../lib/gcc/arm-none-eabi/6.3.1/../../../../arm-none-eabi/lib/thumb/v7e-m\libc.a(lib_a-mprec.o)
                0x0040f0e8                __lo0bits
 .text.__i2b    0x0040f148       0x14 c:/program files (x86)/atmel/studio/7.0/toolchain/arm/arm-gnu-toolchain/bin/../lib/gcc/arm-none-eabi/6.3.1/../../../../arm-none-eabi/lib/thumb/v7e-m\libc.a(lib_a-mprec.o)
                0x0040f148                __i2b
 .text.__multiply
                0x0040f15c      0x124 c:/program files (x86)/atmel/studio/7.0/toolchain/arm/arm-gnu-toolchain/bin/../lib/gcc/arm-none-eabi/6.3.1/../../../../arm-none-eabi/lib/thumb/v7e-m\libc.a(lib_a-mprec.o)
                0x0040f15c                __multiply
 .text.__pow5mult
                0x0040f280       0xa0 c:/program files (x86)/atmel/studio/7.0/toolchain/arm/arm-gnu-toolchain/bin/../lib/gcc/arm-none-eabi/6.3.1/../../../../arm-none-eabi/lib/thumb/v7e-m\libc.a(lib_a-mprec.o)
                0x0040f280                __pow5mult
 .text.__lshift
                0x0040f320       0xa4 c:/program files (x86)/atmel/studio/7.0/toolchain/arm/arm-gnu-toolchain/bin/../lib/gcc/arm-none-eabi/6.3.1/../../../../arm-none-eabi/lib/thumb/v7e-m\libc.a(lib_a-mprec.o)
                0x0040f320                __lshift
 .text.__mcmp   0x0040f3c4       0x38 c:/program files (x86)/atmel/studio/7.0/toolchain/arm/arm-gnu-toolchain/bin/../lib/gcc/arm-none-eabi/6.3.1/../../../../arm-none-eabi/lib/thumb/v7e-m\libc.a(lib_a-mprec.o)
                0x0040f3c4                __mcmp
 .text.__mdiff  0x0040f3fc      0x108 c:/program files (x86)/atmel/studio/7.0/toolchain/arm/arm-gnu-toolchain/bin/../lib/gcc/arm-none-eabi/6.3.1/../../../../arm-none-eabi/lib/thumb/v7e-m\libc.a(lib_a-mprec.o)
                0x0040f3fc                __mdiff
 .text.__d2b    0x0040f504       0xb8 c:/program files (x86)/atmel/studio/7.0/toolchain/arm/arm-gnu-toolchain/bin/../lib/gcc/arm-none-eabi/6.3.1/../../../../arm-none-eabi/lib/thumb/v7e-m\libc.a(lib_a-mprec.o)
                0x0040f504                __d2b
 .text._sbrk_r  0x0040f5bc       0x24 c:/program files (x86)/atmel/studio/7.0/toolchain/arm/arm-gnu-toolchain/bin/../lib/gcc/arm-none-eabi/6.3.1/../../../../arm-none-eabi/lib/thumb/v7e-m\libc.a(lib_a-sbrkr.o)
                0x0040f5bc                _sbrk_r
 .text.__ssprint_r
                0x0040f5e0       0xfc c:/program files (x86)/atmel/studio/7.0/toolchain/arm/arm-gnu-toolchain/bin/../lib/gcc/arm-none-eabi/6.3.1/../../../../arm-none-eabi/lib/thumb/v7e-m\libc.a(lib_a-svfiprintf.o)
                0x0040f5e0                __ssprint_r
 .text.__register_exitproc
                0x0040f6dc       0xc4 c:/program files (x86)/atmel/studio/7.0/toolchain/arm/arm-gnu-toolchain/bin/../lib/gcc/arm-none-eabi/6.3.1/../../../../arm-none-eabi/lib/thumb/v7e-m\libc.a(lib_a-__atexit.o)
                0x0040f6dc                __register_exitproc
 .text._calloc_r
                0x0040f7a0       0x60 c:/program files (x86)/atmel/studio/7.0/toolchain/arm/arm-gnu-toolchain/bin/../lib/gcc/arm-none-eabi/6.3.1/../../../../arm-none-eabi/lib/thumb/v7e-m\libc.a(lib_a-callocr.o)
                0x0040f7a0                _calloc_r
 .text._malloc_trim_r
                0x0040f800       0xa0 c:/program files (x86)/atmel/studio/7.0/toolchain/arm/arm-gnu-toolchain/bin/../lib/gcc/arm-none-eabi/6.3.1/../../../../arm-none-eabi/lib/thumb/v7e-m\libc.a(lib_a-freer.o)
                0x0040f800                _malloc_trim_r
 .text._free_r  0x0040f8a0      0x1cc c:/program files (x86)/atmel/studio/7.0/toolchain/arm/arm-gnu-toolchain/bin/../lib/gcc/arm-none-eabi/6.3.1/../../../../arm-none-eabi/lib/thumb/v7e-m\libc.a(lib_a-freer.o)
                0x0040f8a0                _free_r
 .text.__ascii_mbtowc
                0x0040fa6c       0x2c c:/program files (x86)/atmel/studio/7.0/toolchain/arm/arm-gnu-toolchain/bin/../lib/gcc/arm-none-eabi/6.3.1/../../../../arm-none-eabi/lib/thumb/v7e-m\libc.a(lib_a-mbtowc_r.o)
                0x0040fa6c                __ascii_mbtowc
 .text.memmove  0x0040fa98       0xc8 c:/program files (x86)/atmel/studio/7.0/toolchain/arm/arm-gnu-toolchain/bin/../lib/gcc/arm-none-eabi/6.3.1/../../../../arm-none-eabi/lib/thumb/v7e-m\libc.a(lib_a-memmove.o)
                0x0040fa98                memmove
 .text._realloc_r
                0x0040fb60      0x34c c:/program files (x86)/atmel/studio/7.0/toolchain/arm/arm-gnu-toolchain/bin/../lib/gcc/arm-none-eabi/6.3.1/../../../../arm-none-eabi/lib/thumb/v7e-m\libc.a(lib_a-reallocr.o)
                0x0040fb60                _realloc_r
 .text.__ascii_wctomb
                0x0040feac       0x1c c:/program files (x86)/atmel/studio/7.0/toolchain/arm/arm-gnu-toolchain/bin/../lib/gcc/arm-none-eabi/6.3.1/../../../../arm-none-eabi/lib/thumb/v7e-m\libc.a(lib_a-wctomb_r.o)
                0x0040feac                __ascii_wctomb
 .text          0x0040fec8       0x30 c:/program files (x86)/atmel/studio/7.0/toolchain/arm/arm-gnu-toolchain/bin/../lib/gcc/arm-none-eabi/6.3.1/thumb/v7e-m\libgcc.a(_aeabi_uldivmod.o)
                0x0040fec8                __aeabi_uldivmod
 .text          0x0040fef8      0x2dc c:/program files (x86)/atmel/studio/7.0/toolchain/arm/arm-gnu-toolchain/bin/../lib/gcc/arm-none-eabi/6.3.1/thumb/v7e-m\libgcc.a(_udivmoddi4.o)
                0x0040fef8                __udivmoddi4
 .text          0x004101d4        0x4 c:/program files (x86)/atmel/studio/7.0/toolchain/arm/arm-gnu-toolchain/bin/../lib/gcc/arm-none-eabi/6.3.1/thumb/v7e-m\libgcc.a(_dvmd_tls.o)
                0x004101d4                __aeabi_idiv0
                0x004101d4                __aeabi_ldiv0
 *(.glue_7t)
 .glue_7t       0x004101d8        0x0 linker stubs
 *(.glue_7)
 .glue_7        0x004101d8        0x0 linker stubs
 *(.rodata .rodata* .gnu.linkonce.r.*)
 .rodata.adc_interrupt_mask
                0x004101d8       0x60 src/ASF/sam/drivers/adc/adc2.o
                0x004101d8                adc_interrupt_mask
 .rodata.gKVolts
                0x00410238      0x7a0 src/motor_speed.o
                0x00410238                gKVolts
 .rodata.motor_speed.str1.1
                0x004109d8       0x15 src/motor_speed.o
 *fill*         0x004109ed        0x3 
 .rodata.qmax_rpm
                0x004109f0       0xf4 src/motor_speed.o
                0x004109f0                qmax_rpm
 .rodata.str1.1
                0x00410ae4       0x14 src/motor_speed.o
 .rodata.Serial_print.str1.1
                0x00410af8        0xe src/Serial1_Class.o
 .rodata.Serial_println1.str1.1
                0x00410b06        0x3 src/Serial1_Class.o
 .rodata.PrintPositionNTC.str1.1
                0x00410b09       0x17 src/shell.o
 .rodata.Set_dataMotors.str1.1
                0x00410b20       0xfc src/shell.o
                                0x103 (size before relaxing)
 .rodata.SettingNTC.str1.1
                0x00410c1c       0x25 src/shell.o
 .rodata.Stampa_Prompt.str1.1
                0x00410c41       0x1f src/shell.o
                                 0x21 (size before relaxing)
 .rodata.WriteEepromDefault.str1.1
                0x00410c60       0x13 src/shell.o
                                 0x15 (size before relaxing)
 .rodata.manualTesting.str1.1
                0x00410c73       0x23 src/shell.o
 .rodata.printPrompMenu6.str1.1
                0x00410c96       0x19 src/shell.o
 .rodata.readWeeklyProg.str1.1
                0x00410caf       0x56 src/shell.o
 .rodata.read_cfg_data.str1.1
                0x00410d05       0x78 src/shell.o
 .rodata.shell_config_menu.str1.1
                0x00410d7d       0x77 src/shell.o
 .rodata.str_0_Row_MainMenu
                0x00410df4       0x24 src/shell.o
                0x00410df4                str_0_Row_MainMenu
 .rodata.str_1_Row_MainMenu
                0x00410e18       0x1b src/shell.o
                0x00410e18                str_1_Row_MainMenu
 .rodata.str_2_Row_MainMenu
                0x00410e33       0x1d src/shell.o
                0x00410e33                str_2_Row_MainMenu
 .rodata.str_3_Row_MainMenu
                0x00410e50       0x1a src/shell.o
                0x00410e50                str_3_Row_MainMenu
 .rodata.str_4_Row_MainMenu
                0x00410e6a       0x1f src/shell.o
                0x00410e6a                str_4_Row_MainMenu
 .rodata.str_5_Row_MainMenu
                0x00410e89       0x12 src/shell.o
                0x00410e89                str_5_Row_MainMenu
 .rodata.str_6_Row_MainMenu
                0x00410e9b       0x22 src/shell.o
                0x00410e9b                str_6_Row_MainMenu
 .rodata.str_7_Row_MainMenu
                0x00410ebd       0x1c src/shell.o
                0x00410ebd                str_7_Row_MainMenu
 .rodata.str_8_Row_MainMenu
                0x00410ed9       0x1a src/shell.o
                0x00410ed9                str_8_Row_MainMenu
 .rodata.str_9_Row_MainMenu
                0x00410ef3       0x21 src/shell.o
                0x00410ef3                str_9_Row_MainMenu
 .rodata.str_Accessory_2_Menu
                0x00410f14       0x17 src/shell.o
                0x00410f14                str_Accessory_2_Menu
 .rodata.str_Bypass_2_Menu
                0x00410f2b       0x17 src/shell.o
                0x00410f2b                str_Bypass_2_Menu
 .rodata.str_Bypass_4_Menu
                0x00410f42       0x2c src/shell.o
                0x00410f42                str_Bypass_4_Menu
 .rodata.str_CapMotors_2_Menu
                0x00410f6e       0x17 src/shell.o
                0x00410f6e                str_CapMotors_2_Menu
 .rodata.str_CapMotors_4_Menu
                0x00410f85       0x28 src/shell.o
                0x00410f85                str_CapMotors_4_Menu
 .rodata.str_Control_2_Menu
                0x00410fad       0x17 src/shell.o
                0x00410fad                str_Control_2_Menu
 .rodata.str_EnabCAF_2_Menu
                0x00410fc4       0x17 src/shell.o
                0x00410fc4                str_EnabCAF_2_Menu
 .rodata.str_EnabCAP_2_Menu
                0x00410fdb       0x17 src/shell.o
                0x00410fdb                str_EnabCAP_2_Menu
 .rodata.str_Enab_CAF_4_Menu
                0x00410ff2       0x24 src/shell.o
                0x00410ff2                str_Enab_CAF_4_Menu
 .rodata.str_Enab_CAP_4_Menu
                0x00411016       0x24 src/shell.o
                0x00411016                str_Enab_CAP_4_Menu
 .rodata.str_Error_9_Menu
                0x0041103a       0x24 src/shell.o
                0x0041103a                str_Error_9_Menu
 .rodata.str_Info_cfg_NTC_5_Menu
                0x0041105e       0x3e src/shell.o
                0x0041105e                str_Info_cfg_NTC_5_Menu
 .rodata.str_NumMotors_2_Menu
                0x0041109c       0x17 src/shell.o
                0x0041109c                str_NumMotors_2_Menu
 .rodata.str_NumMotors_4_Menu
                0x004110b3       0x23 src/shell.o
                0x004110b3                str_NumMotors_4_Menu
 .rodata.str_NumNTC_2_Menu
                0x004110d6       0x17 src/shell.o
                0x004110d6                str_NumNTC_2_Menu
 .rodata.str_NumPulse_2_Menu
                0x004110ed       0x17 src/shell.o
                0x004110ed                str_NumPulse_2_Menu
 .rodata.str_NumPulse_4_Menu
                0x00411104       0x2f src/shell.o
                0x00411104                str_NumPulse_4_Menu
 .rodata.str_PosNTC_2_Menu
                0x00411133       0x17 src/shell.o
                0x00411133                str_PosNTC_2_Menu
 .rodata.str_SerNumb_2_Menu
                0x0041114a       0x17 src/shell.o
                0x0041114a                str_SerNumb_2_Menu
 .rodata.str_Title_1_Menu
                0x00411161       0x22 src/shell.o
                0x00411161                str_Title_1_Menu
 .rodata.str_Title_2_Menu
                0x00411183       0x24 src/shell.o
                0x00411183                str_Title_2_Menu
 .rodata.str_Title_3_Menu
                0x004111a7       0x21 src/shell.o
                0x004111a7                str_Title_3_Menu
 .rodata.str_Title_4_Menu
                0x004111c8       0x26 src/shell.o
                0x004111c8                str_Title_4_Menu
 .rodata.str_Title_5_Menu
                0x004111ee       0x19 src/shell.o
                0x004111ee                str_Title_5_Menu
 .rodata.str_Title_6_Menu
                0x00411207       0x26 src/shell.o
                0x00411207                str_Title_6_Menu
 .rodata.str_Title_8_Menu
                0x0041122d       0x21 src/shell.o
                0x0041122d                str_Title_8_Menu
 .rodata.str_Title_MainMenu
                0x0041124e       0x24 src/shell.o
                0x0041124e                str_Title_MainMenu
 .rodata.str_VerHW_2_Menu
                0x00411272       0x17 src/shell.o
                0x00411272                str_VerHW_2_Menu
 .rodata.str_VerSW_2_Menu
                0x00411289       0x17 src/shell.o
                0x00411289                str_VerSW_2_Menu
 .rodata.str_actualy_SN_3_Menu
                0x004112a0       0x11 src/shell.o
                0x004112a0                str_actualy_SN_3_Menu
 .rodata.str_addrUnit_2_Menu
                0x004112b1       0x17 src/shell.o
                0x004112b1                str_addrUnit_2_Menu
 .rodata.str_confirm_1_Menu
                0x004112c8       0x3d src/shell.o
                0x004112c8                str_confirm_1_Menu
 .rodata.str_enter_NTC_5_Menu
                0x00411305       0x33 src/shell.o
                0x00411305                str_enter_NTC_5_Menu
 .rodata.str_enter_SN_3_Menu
                0x00411338       0x3e src/shell.o
                0x00411338                str_enter_SN_3_Menu
 .rodata.str_enter_SN_DESC_1
                0x00411376       0x3d src/shell.o
                0x00411376                str_enter_SN_DESC_1
 .rodata.str_enter_SN_DESC_2
                0x004113b3       0x28 src/shell.o
                0x004113b3                str_enter_SN_DESC_2
 .rodata.str_enter_SN_DESC_3
                0x004113db       0x22 src/shell.o
                0x004113db                str_enter_SN_DESC_3
 .rodata.str_enter_SN_DESC_4
                0x004113fd       0x22 src/shell.o
                0x004113fd                str_enter_SN_DESC_4
 .rodata.str_error1_3_Menu
                0x0041141f       0x1f src/shell.o
                0x0041141f                str_error1_3_Menu
 .rodata.str_error1_4_Menu
                0x0041143e       0x3d src/shell.o
                0x0041143e                str_error1_4_Menu
 .rodata.str_error1_5_Menu
                0x0041147b       0x3f src/shell.o
                0x0041147b                str_error1_5_Menu
 .rodata.str_error2_3_Menu
                0x004114ba       0x2e src/shell.o
                0x004114ba                str_error2_3_Menu
 .rodata.str_error3_3_Menu
                0x004114e8       0x31 src/shell.o
                0x004114e8                str_error3_3_Menu
 .rodata.str_error4_4_Menu
                0x00411519       0x2e src/shell.o
                0x00411519                str_error4_4_Menu
 .rodata.str_error_char_1_Menu
                0x00411547       0x38 src/shell.o
                0x00411547                str_error_char_1_Menu
 .rodata.str_ex_1_cfg_NTC_5_Menu
                0x0041157f       0x38 src/shell.o
                0x0041157f                str_ex_1_cfg_NTC_5_Menu
 .rodata.str_ex_2_cfg_NTC_5_Menu
                0x004115b7       0x38 src/shell.o
                0x004115b7                str_ex_2_cfg_NTC_5_Menu
 .rodata.str_new_NTC_5_Menu
                0x004115ef       0x18 src/shell.o
                0x004115ef                str_new_NTC_5_Menu
 .rodata.str_new_SN_3_Menu
                0x00411607       0x11 src/shell.o
                0x00411607                str_new_SN_3_Menu
 .rodata.str_row0_6_Menu
                0x00411618       0x19 src/shell.o
                0x00411618                str_row0_6_Menu
 .rodata.str_row1_6_Menu
                0x00411631       0x12 src/shell.o
                0x00411631                str_row1_6_Menu
 .rodata.str_row2_6_Menu
                0x00411643        0xe src/shell.o
                0x00411643                str_row2_6_Menu
 .rodata.str_row3_6_Menu
                0x00411651       0x15 src/shell.o
                0x00411651                str_row3_6_Menu
 .rodata.str_row4_6_Menu
                0x00411666       0x12 src/shell.o
                0x00411666                str_row4_6_Menu
 .rodata.str_row5_6_Menu
                0x00411678       0x12 src/shell.o
                0x00411678                str_row5_6_Menu
 .rodata.str_row6_6_Menu
                0x0041168a       0x13 src/shell.o
                0x0041168a                str_row6_6_Menu
 .rodata.str_set_cfg_NTC_5_Menu
                0x0041169d       0x28 src/shell.o
                0x0041169d                str_set_cfg_NTC_5_Menu
 .rodata.writeConfigUnit.str1.1
                0x004116c5       0x64 src/shell.o
 .rodata.print_bit_I2C.str1.1
                0x00411729       0x2f src/Testing_HW.o
                                 0x32 (size before relaxing)
 .rodata.print_result_test.str1.1
                0x00411758       0x1e src/Testing_HW.o
                                 0x20 (size before relaxing)
 .rodata.str_1_test_BDP
                0x00411776       0x18 src/Testing_HW.o
                0x00411776                str_1_test_BDP
 .rodata.str_1_test_I2C
                0x0041178e       0x15 src/Testing_HW.o
                0x0041178e                str_1_test_I2C
 .rodata.str_1_test_IO
                0x004117a3       0x1e src/Testing_HW.o
                0x004117a3                str_1_test_IO
 .rodata.str_1_test_SM
                0x004117c1       0x1b src/Testing_HW.o
                0x004117c1                str_1_test_SM
 .rodata.str_1_test_motors
                0x004117dc       0x18 src/Testing_HW.o
                0x004117dc                str_1_test_motors
 .rodata.str_1_test_uart1
                0x004117f4       0x17 src/Testing_HW.o
                0x004117f4                str_1_test_uart1
 .rodata.str_2_test_BDP
                0x0041180b        0xf src/Testing_HW.o
                0x0041180b                str_2_test_BDP
 .rodata.str_2_test_I2C
                0x0041181a       0x10 src/Testing_HW.o
                0x0041181a                str_2_test_I2C
 .rodata.str_2_test_IO
                0x0041182a       0x29 src/Testing_HW.o
                0x0041182a                str_2_test_IO
 .rodata.str_2_test_SM
                0x00411853       0x34 src/Testing_HW.o
                0x00411853                str_2_test_SM
 .rodata.str_2_test_motors
                0x00411887       0x1e src/Testing_HW.o
                0x00411887                str_2_test_motors
 .rodata.str_3_test_BDP
                0x004118a5        0xf src/Testing_HW.o
                0x004118a5                str_3_test_BDP
 .rodata.str_3_test_I2C
                0x004118b4       0x10 src/Testing_HW.o
                0x004118b4                str_3_test_I2C
 .rodata.str_3_test_IO
                0x004118c4       0x1d src/Testing_HW.o
                0x004118c4                str_3_test_IO
 .rodata.str_3_test_SM
                0x004118e1       0x34 src/Testing_HW.o
                0x004118e1                str_3_test_SM
 .rodata.str_3_test_motors
                0x00411915       0x2a src/Testing_HW.o
                0x00411915                str_3_test_motors
 .rodata.str_4_test_IO
                0x0041193f       0x1b src/Testing_HW.o
                0x0041193f                str_4_test_IO
 .rodata.str_4_test_motors
                0x0041195a       0x30 src/Testing_HW.o
                0x0041195a                str_4_test_motors
 .rodata.str_5_test_IO
                0x0041198a       0x1b src/Testing_HW.o
                0x0041198a                str_5_test_IO
 .rodata.str_5_test_motors
                0x004119a5       0x2d src/Testing_HW.o
                0x004119a5                str_5_test_motors
 .rodata.str_6_test_IO
                0x004119d2       0x1b src/Testing_HW.o
                0x004119d2                str_6_test_IO
 .rodata.str_7_test_IO
                0x004119ed       0x1c src/Testing_HW.o
                0x004119ed                str_7_test_IO
 .rodata.str_8_test_IO
                0x00411a09       0x11 src/Testing_HW.o
                0x00411a09                str_8_test_IO
 .rodata.str_9_test_IO
                0x00411a1a       0x11 src/Testing_HW.o
                0x00411a1a                str_9_test_IO
 .rodata.str_HW_Testing
                0x00411a2b       0x38 src/Testing_HW.o
                0x00411a2b                str_HW_Testing
 .rodata.str_msg_uart1
                0x00411a63       0x38 src/Testing_HW.o
                0x00411a63                str_msg_uart1
 .rodata.testMotors.str1.1
                0x00411a9b       0x74 src/Testing_HW.o
 .rodata.testSleepMode.str1.1
                0x00411b0f       0x49 src/Testing_HW.o
 .rodata.testUart1.str1.1
                0x00411b58       0x3f src/Testing_HW.o
 .rodata.test_IO.str1.1
                0x00411b97       0x1d src/Testing_HW.o
 .rodata.test_bypass.str1.1
                0x00411bb4       0x14 src/Testing_HW.o
                                 0x22 (size before relaxing)
 .rodata.ctrl_eeprom.str1.1
                0x00411bc8       0x3a src/eeprom_func.o
                                 0x3d (size before relaxing)
 .rodata.vect_default_eeprom
                0x00411c02       0xf1 src/eeprom_func.o
                0x00411c02                vect_default_eeprom
 .rodata.Check_SerialNumber.str1.1
                0x00411cf3       0x16 src/HW_func.o
 *fill*         0x00411d09        0x3 
 .rodata.KF1_1  0x00411d0c        0x4 src/main.o
                0x00411d0c                KF1_1
 .rodata.KF1_2  0x00411d10        0x4 src/main.o
                0x00411d10                KF1_2
 .rodata.KF1_3  0x00411d14        0x4 src/main.o
                0x00411d14                KF1_3
 .rodata.KF1_4  0x00411d18        0x4 src/main.o
                0x00411d18                KF1_4
 .rodata.VERSION_FW
                0x00411d1c        0x5 src/main.o
                0x00411d1c                VERSION_FW
 *fill*         0x00411d21        0x3 
 .rodata.pAnAssorb_ByPass
                0x00411d24        0x4 src/main.o
                0x00411d24                pAnAssorb_ByPass
 .rodata.pAnAssorb_KTS
                0x00411d28        0x4 src/main.o
                0x00411d28                pAnAssorb_KTS
 .rodata.pAnInp1
                0x00411d2c        0x4 src/main.o
                0x00411d2c                pAnInp1
 .rodata.pAnInp2
                0x00411d30        0x4 src/main.o
                0x00411d30                pAnInp2
 .rodata.pAnSensQual_Ari1
                0x00411d34        0x4 src/main.o
                0x00411d34                pAnSensQual_Ari1
 .rodata.log.str1.4
                0x00411d38        0x4 c:/program files (x86)/atmel/studio/7.0/toolchain/arm/arm-gnu-toolchain/bin/../lib/gcc/arm-none-eabi/6.3.1/../../../../arm-none-eabi/lib/thumb/v7e-m\libm.a(lib_a-w_log.o)
                                  0x5 (size before relaxing)
 .rodata._global_impure_ptr
                0x00411d3c        0x4 c:/program files (x86)/atmel/studio/7.0/toolchain/arm/arm-gnu-toolchain/bin/../lib/gcc/arm-none-eabi/6.3.1/../../../../arm-none-eabi/lib/thumb/v7e-m\libc.a(lib_a-impure.o)
                0x00411d3c                _global_impure_ptr
 .rodata._svfprintf_r.str1.4
                0x00411d40       0x42 c:/program files (x86)/atmel/studio/7.0/toolchain/arm/arm-gnu-toolchain/bin/../lib/gcc/arm-none-eabi/6.3.1/../../../../arm-none-eabi/lib/thumb/v7e-m\libc.a(lib_a-svfprintf.o)
 *fill*         0x00411d82        0x2 
 .rodata.blanks.7223
                0x00411d84       0x10 c:/program files (x86)/atmel/studio/7.0/toolchain/arm/arm-gnu-toolchain/bin/../lib/gcc/arm-none-eabi/6.3.1/../../../../arm-none-eabi/lib/thumb/v7e-m\libc.a(lib_a-svfprintf.o)
 .rodata.zeroes.7224
                0x00411d94       0x10 c:/program files (x86)/atmel/studio/7.0/toolchain/arm/arm-gnu-toolchain/bin/../lib/gcc/arm-none-eabi/6.3.1/../../../../arm-none-eabi/lib/thumb/v7e-m\libc.a(lib_a-svfprintf.o)
 .rodata._dtoa_r.str1.4
                0x00411da4       0x10 c:/program files (x86)/atmel/studio/7.0/toolchain/arm/arm-gnu-toolchain/bin/../lib/gcc/arm-none-eabi/6.3.1/../../../../arm-none-eabi/lib/thumb/v7e-m\libc.a(lib_a-dtoa.o)
                                 0x12 (size before relaxing)
 *fill*         0x00411db4        0x4 
 .rodata.__mprec_bigtens
                0x00411db8       0x28 c:/program files (x86)/atmel/studio/7.0/toolchain/arm/arm-gnu-toolchain/bin/../lib/gcc/arm-none-eabi/6.3.1/../../../../arm-none-eabi/lib/thumb/v7e-m\libc.a(lib_a-mprec.o)
                0x00411db8                __mprec_bigtens
 .rodata.__mprec_tens
                0x00411de0       0xc8 c:/program files (x86)/atmel/studio/7.0/toolchain/arm/arm-gnu-toolchain/bin/../lib/gcc/arm-none-eabi/6.3.1/../../../../arm-none-eabi/lib/thumb/v7e-m\libc.a(lib_a-mprec.o)
                0x00411de0                __mprec_tens
 .rodata.p05.6055
                0x00411ea8        0xc c:/program files (x86)/atmel/studio/7.0/toolchain/arm/arm-gnu-toolchain/bin/../lib/gcc/arm-none-eabi/6.3.1/../../../../arm-none-eabi/lib/thumb/v7e-m\libc.a(lib_a-mprec.o)
 .rodata._setlocale_r.str1.4
                0x00411eb4        0xa c:/program files (x86)/atmel/studio/7.0/toolchain/arm/arm-gnu-toolchain/bin/../lib/gcc/arm-none-eabi/6.3.1/../../../../arm-none-eabi/lib/thumb/v7e-m\libc.a(lib_a-locale.o)
                                  0xd (size before relaxing)
 *fill*         0x00411ebe        0x2 
 .rodata.str1.4
                0x00411ec0        0x4 c:/program files (x86)/atmel/studio/7.0/toolchain/arm/arm-gnu-toolchain/bin/../lib/gcc/arm-none-eabi/6.3.1/../../../../arm-none-eabi/lib/thumb/v7e-m\libc.a(lib_a-locale.o)
                                  0x2 (size before relaxing)
 .rodata._ctype_
                0x00411ec4      0x101 c:/program files (x86)/atmel/studio/7.0/toolchain/arm/arm-gnu-toolchain/bin/../lib/gcc/arm-none-eabi/6.3.1/../../../../arm-none-eabi/lib/thumb/v7e-m\libc.a(lib_a-ctype_.o)
                0x00411ec4                _ctype_
 *(.ARM.extab* .gnu.linkonce.armextab.*)
                0x00411fc8                . = ALIGN (0x4)
 *fill*         0x00411fc5        0x3 
 *(.init)
 .init          0x00411fc8        0x4 c:/program files (x86)/atmel/studio/7.0/toolchain/arm/arm-gnu-toolchain/bin/../lib/gcc/arm-none-eabi/6.3.1/thumb/v7e-m/crti.o
                0x00411fc8                _init
 .init          0x00411fcc        0x8 c:/program files (x86)/atmel/studio/7.0/toolchain/arm/arm-gnu-toolchain/bin/../lib/gcc/arm-none-eabi/6.3.1/thumb/v7e-m/crtn.o
                0x00411fd4                . = ALIGN (0x4)
                0x00411fd4                __preinit_array_start = .
 *(.preinit_array)
                0x00411fd4                __preinit_array_end = .
                0x00411fd4                . = ALIGN (0x4)
                0x00411fd4                __init_array_start = .
 *(SORT(.init_array.*))
 .init_array.00000
                0x00411fd4        0x4 c:/program files (x86)/atmel/studio/7.0/toolchain/arm/arm-gnu-toolchain/bin/../lib/gcc/arm-none-eabi/6.3.1/../../../../arm-none-eabi/lib/thumb/v7e-m\libc.a(lib_a-__call_atexit.o)
 *(.init_array)
 .init_array    0x00411fd8        0x4 c:/program files (x86)/atmel/studio/7.0/toolchain/arm/arm-gnu-toolchain/bin/../lib/gcc/arm-none-eabi/6.3.1/thumb/v7e-m/crtbegin.o
                0x00411fdc                __init_array_end = .
                0x00411fdc                . = ALIGN (0x4)
 *crtbegin.o(.ctors)
 *(EXCLUDE_FILE(*crtend.o) .ctors)
 *(SORT(.ctors.*))
 *crtend.o(.ctors)
                0x00411fdc                . = ALIGN (0x4)
 *(.fini)
 .fini          0x00411fdc        0x4 c:/program files (x86)/atmel/studio/7.0/toolchain/arm/arm-gnu-toolchain/bin/../lib/gcc/arm-none-eabi/6.3.1/thumb/v7e-m/crti.o
                0x00411fdc                _fini
 .fini          0x00411fe0        0x8 c:/program files (x86)/atmel/studio/7.0/toolchain/arm/arm-gnu-toolchain/bin/../lib/gcc/arm-none-eabi/6.3.1/thumb/v7e-m/crtn.o
                0x00411fe8                . = ALIGN (0x4)
                0x00411fe8                __fini_array_start = .
 *(.fini_array)
 .fini_array    0x00411fe8        0x4 c:/program files (x86)/atmel/studio/7.0/toolchain/arm/arm-gnu-toolchain/bin/../lib/gcc/arm-none-eabi/6.3.1/thumb/v7e-m/crtbegin.o
 *(SORT(.fini_array.*))
                0x00411fec                __fini_array_end = .
 *crtbegin.o(.dtors)
 *(EXCLUDE_FILE(*crtend.o) .dtors)
 *(SORT(.dtors.*))
 *crtend.o(.dtors)
                0x00411fec                . = ALIGN (0x4)
                0x00411fec                _efixed = .
                [!provide]                PROVIDE (__exidx_start, .)

.vfp11_veneer   0x00411fec        0x0
 .vfp11_veneer  0x00411fec        0x0 linker stubs

.v4_bx          0x00411fec        0x0
 .v4_bx         0x00411fec        0x0 linker stubs

.iplt           0x00411fec        0x0
 .iplt          0x00411fec        0x0 c:/program files (x86)/atmel/studio/7.0/toolchain/arm/arm-gnu-toolchain/bin/../lib/gcc/arm-none-eabi/6.3.1/thumb/v7e-m/crtbegin.o

.ARM.exidx      0x00411fec        0x8
 *(.ARM.exidx* .gnu.linkonce.armexidx.*)
 .ARM.exidx     0x00411fec        0x8 c:/program files (x86)/atmel/studio/7.0/toolchain/arm/arm-gnu-toolchain/bin/../lib/gcc/arm-none-eabi/6.3.1/thumb/v7e-m\libgcc.a(_udivmoddi4.o)
                [!provide]                PROVIDE (__exidx_end, .)

.eh_frame       0x00411ff4        0x0
 .eh_frame      0x00411ff4        0x0 c:/program files (x86)/atmel/studio/7.0/toolchain/arm/arm-gnu-toolchain/bin/../lib/gcc/arm-none-eabi/6.3.1/thumb/v7e-m/crtbegin.o

.rel.dyn        0x00411ff4        0x0
 .rel.iplt      0x00411ff4        0x0 c:/program files (x86)/atmel/studio/7.0/toolchain/arm/arm-gnu-toolchain/bin/../lib/gcc/arm-none-eabi/6.3.1/thumb/v7e-m/crtbegin.o

.jcr            0x00411ff4        0x0
 .jcr           0x00411ff4        0x0 c:/program files (x86)/atmel/studio/7.0/toolchain/arm/arm-gnu-toolchain/bin/../lib/gcc/arm-none-eabi/6.3.1/thumb/v7e-m/crtbegin.o

.igot.plt       0x00411ff4        0x0
 .igot.plt      0x00411ff4        0x0 c:/program files (x86)/atmel/studio/7.0/toolchain/arm/arm-gnu-toolchain/bin/../lib/gcc/arm-none-eabi/6.3.1/thumb/v7e-m/crtbegin.o
                0x00411ff4                . = ALIGN (0x4)
                0x00411ff4                _etext = .

.relocate       0x20000000      0x9f8 load address 0x00411ff4
                0x20000000                . = ALIGN (0x4)
                0x20000000                _srelocate = .
 *(.ramfunc .ramfunc.*)
 .ramfunc       0x20000000        0xa src/ASF/common/services/delay/sam/cycle_counter.o
                0x20000000                portable_delay_cycles
 *(.data .data.*)
 .data.gUnitModels
                0x2000000a       0x1e src/motor_speed.o
                0x2000000a                gUnitModels
 .data.unbalance_deFrost
                0x20000028        0x4 src/motor_speed.o
                0x20000028                unbalance_deFrost
 .data.lenRXU2_old
                0x2000002c        0x1 src/Seriale_2.o
                0x2000002c                lenRXU2_old
 .data.g_interrupt_enabled
                0x2000002d        0x1 src/ASF/common/utils/interrupt/interrupt_sam_nvic.o
                0x2000002d                g_interrupt_enabled
 *fill*         0x2000002e        0x2 
 .data.SystemCoreClock
                0x20000030        0x4 src/ASF/sam/utils/cmsis/sam4n/source/templates/system_sam4n.o
                0x20000030                SystemCoreClock
 .data.RotaBypass
                0x20000034        0x1 src/HW_func.o
                0x20000034                RotaBypass
 *fill*         0x20000035        0x1 
 .data.count_sum
                0x20000036        0x2 src/HW_func.o
                0x20000036                count_sum
 .data.count_win
                0x20000038        0x2 src/HW_func.o
                0x20000038                count_win
 .data.soft_start
                0x2000003a        0x2 src/HW_func.o
                0x2000003a                soft_start
 .data.change_EBP2
                0x2000003c        0x1 src/main.o
                0x2000003c                change_EBP2
 .data.change_EBPD
                0x2000003d        0x1 src/main.o
                0x2000003d                change_EBPD
 .data.change_SSR
                0x2000003e        0x1 src/main.o
                0x2000003e                change_SSR
 .data.countdown_Update_EepromToShadow
                0x2000003f        0x1 src/main.o
                0x2000003f                countdown_Update_EepromToShadow
 .data.i_TExaust
                0x20000040        0x1 src/main.o
                0x20000040                i_TExaust
 .data.i_TReturn
                0x20000041        0x1 src/main.o
                0x20000041                i_TReturn
 .data.i_TSupply
                0x20000042        0x1 src/main.o
                0x20000042                i_TSupply
 .data.info_EBPD
                0x20000043        0x1 src/main.o
                0x20000043                info_EBPD
 .data.__fdlib_version
                0x20000044        0x1 c:/program files (x86)/atmel/studio/7.0/toolchain/arm/arm-gnu-toolchain/bin/../lib/gcc/arm-none-eabi/6.3.1/../../../../arm-none-eabi/lib/thumb/v7e-m\libm.a(lib_a-s_lib_ver.o)
                0x20000044                __fdlib_version
 *fill*         0x20000045        0x3 
 .data._impure_ptr
                0x20000048        0x4 c:/program files (x86)/atmel/studio/7.0/toolchain/arm/arm-gnu-toolchain/bin/../lib/gcc/arm-none-eabi/6.3.1/../../../../arm-none-eabi/lib/thumb/v7e-m\libc.a(lib_a-impure.o)
                0x20000048                _impure_ptr
 *fill*         0x2000004c        0x4 
 .data.impure_data
                0x20000050      0x428 c:/program files (x86)/atmel/studio/7.0/toolchain/arm/arm-gnu-toolchain/bin/../lib/gcc/arm-none-eabi/6.3.1/../../../../arm-none-eabi/lib/thumb/v7e-m\libc.a(lib_a-impure.o)
 .data.__atexit_recursive_mutex
                0x20000478        0x4 c:/program files (x86)/atmel/studio/7.0/toolchain/arm/arm-gnu-toolchain/bin/../lib/gcc/arm-none-eabi/6.3.1/../../../../arm-none-eabi/lib/thumb/v7e-m\libc.a(lib_a-__call_atexit.o)
                0x20000478                __atexit_recursive_mutex
 .data.__malloc_av_
                0x2000047c      0x408 c:/program files (x86)/atmel/studio/7.0/toolchain/arm/arm-gnu-toolchain/bin/../lib/gcc/arm-none-eabi/6.3.1/../../../../arm-none-eabi/lib/thumb/v7e-m\libc.a(lib_a-mallocr.o)
                0x2000047c                __malloc_av_
 .data.__malloc_sbrk_base
                0x20000884        0x4 c:/program files (x86)/atmel/studio/7.0/toolchain/arm/arm-gnu-toolchain/bin/../lib/gcc/arm-none-eabi/6.3.1/../../../../arm-none-eabi/lib/thumb/v7e-m\libc.a(lib_a-mallocr.o)
                0x20000884                __malloc_sbrk_base
 .data.__malloc_trim_threshold
                0x20000888        0x4 c:/program files (x86)/atmel/studio/7.0/toolchain/arm/arm-gnu-toolchain/bin/../lib/gcc/arm-none-eabi/6.3.1/../../../../arm-none-eabi/lib/thumb/v7e-m\libc.a(lib_a-mallocr.o)
                0x20000888                __malloc_trim_threshold
 .data.__global_locale
                0x2000088c      0x16c c:/program files (x86)/atmel/studio/7.0/toolchain/arm/arm-gnu-toolchain/bin/../lib/gcc/arm-none-eabi/6.3.1/../../../../arm-none-eabi/lib/thumb/v7e-m\libc.a(lib_a-locale.o)
                0x2000088c                __global_locale
                0x200009f8                . = ALIGN (0x4)
                0x200009f8                _erelocate = .

.bss            0x200009f8      0xdf4 load address 0x004129ec
                0x200009f8                . = ALIGN (0x4)
                0x200009f8                _sbss = .
                0x200009f8                _szero = .
 *(.bss .bss.*)
 .bss           0x200009f8       0x1c c:/program files (x86)/atmel/studio/7.0/toolchain/arm/arm-gnu-toolchain/bin/../lib/gcc/arm-none-eabi/6.3.1/thumb/v7e-m/crtbegin.o
 .bss.Airflow_CAPR
                0x20000a14        0x2 src/Accessory.o
                0x20000a14                Airflow_CAPR
 .bss.Airflow_CAPS
                0x20000a16        0x2 src/Accessory.o
                0x20000a16                Airflow_CAPS
 .bss.BPD_FW    0x20000a18        0x1 src/Accessory.o
                0x20000a18                BPD_FW
 *fill*         0x20000a19        0x3 
 .bss.CO2_1_Raw_Gas_Value
                0x20000a1c        0x4 src/Accessory.o
                0x20000a1c                CO2_1_Raw_Gas_Value
 .bss.CO2_1_array
                0x20000a20       0x60 src/Accessory.o
                0x20000a20                CO2_1_array
 .bss.CO2_2_Raw_Gas_Value
                0x20000a80        0x4 src/Accessory.o
                0x20000a80                CO2_2_Raw_Gas_Value
 .bss.CO2_2_array
                0x20000a84       0x60 src/Accessory.o
                0x20000a84                CO2_2_array
 .bss.Clean_Event_Flag1
                0x20000ae4        0x1 src/Accessory.o
                0x20000ae4                Clean_Event_Flag1
 .bss.Clean_Event_Flag2
                0x20000ae5        0x1 src/Accessory.o
                0x20000ae5                Clean_Event_Flag2
 *fill*         0x20000ae6        0x2 
 .bss.Dsc_Data_Size
                0x20000ae8        0x4 src/Accessory.o
                0x20000ae8                Dsc_Data_Size
 .bss.Index_CO2_1
                0x20000aec        0x1 src/Accessory.o
                0x20000aec                Index_CO2_1
 .bss.Index_CO2_2
                0x20000aed        0x1 src/Accessory.o
                0x20000aed                Index_CO2_2
 .bss.Pressure_CAPR
                0x20000aee        0x2 src/Accessory.o
                0x20000aee                Pressure_CAPR
 .bss.Pressure_CAPS
                0x20000af0        0x2 src/Accessory.o
                0x20000af0                Pressure_CAPS
 .bss.Write_To_Dsc
                0x20000af2        0x1 src/Accessory.o
                0x20000af2                Write_To_Dsc
 .bss.flag_poll
                0x20000af3        0x1 src/Accessory.o
 .bss.idxSeq    0x20000af4        0x1 src/Accessory.o
 *fill*         0x20000af5        0x3 
 .bss.Acc_Adc   0x20000af8       0x2c src/ADC.o
                0x20000af8                Acc_Adc
 .bss.nSample_Adc
                0x20000b24       0x2c src/ADC.o
                0x20000b24                nSample_Adc
 .bss.preview_50_Mills
                0x20000b50        0x4 src/ADC.o
                0x20000b50                preview_50_Mills
 .bss.cnt_no_link_Modbus
                0x20000b54        0x1 src/Admin_Messages.o
                0x20000b54                cnt_no_link_Modbus
 *fill*         0x20000b55        0x3 
 .bss.cnt_req_poll_CTRL_FAN
                0x20000b58        0x4 src/Admin_Messages.o
                0x20000b58                cnt_req_poll_CTRL_FAN
 .bss.cnt_resp_poll_CTRL_FAN
                0x20000b5c        0x4 src/Admin_Messages.o
                0x20000b5c                cnt_resp_poll_CTRL_FAN
 .bss.cnt_status_motors
                0x20000b60        0x1 src/Admin_Messages.o
                0x20000b60                cnt_status_motors
 .bss.index_packet_data
                0x20000b61        0x1 src/Admin_Messages.o
                0x20000b61                index_packet_data
 .bss.index_poll_ser2
                0x20000b62        0x1 src/Admin_Messages.o
                0x20000b62                index_poll_ser2
 *fill*         0x20000b63        0x1 
 .bss.preview_3_Mills
                0x20000b64        0x4 src/Admin_Messages.o
                0x20000b64                preview_3_Mills
 .bss.stsMotorsF_buff
                0x20000b68        0x3 src/Admin_Messages.o
                0x20000b68                stsMotorsF_buff
 .bss.stsMotorsR_buff
                0x20000b6b        0x3 src/Admin_Messages.o
                0x20000b6b                stsMotorsR_buff
 .bss.upgrade_eep_for_Modbus
                0x20000b6e        0x1 src/Admin_Messages.o
                0x20000b6e                upgrade_eep_for_Modbus
 .bss.Power_On_Already_Activated
                0x20000b6f        0x1 src/motor_speed.o
                0x20000b6f                Power_On_Already_Activated
 .bss.acc_measure_airflow
                0x20000b70        0x4 src/motor_speed.o
                0x20000b70                acc_measure_airflow
 .bss.cnt_delay
                0x20000b74        0x1 src/motor_speed.o
                0x20000b74                cnt_delay
 .bss.cnt_delay1
                0x20000b75        0x1 src/motor_speed.o
                0x20000b75                cnt_delay1
 *fill*         0x20000b76        0x2 
 .bss.count_Boost_on
                0x20000b78        0x4 src/motor_speed.o
                0x20000b78                count_Boost_on
 .bss.count_post_vent
                0x20000b7c        0x4 src/motor_speed.o
                0x20000b7c                count_post_vent
 .bss.count_sec_defrost
                0x20000b80        0x4 src/motor_speed.o
                0x20000b80                count_sec_defrost
 .bss.count_switch_off
                0x20000b84        0x4 src/motor_speed.o
                0x20000b84                count_switch_off
 .bss.count_switch_on
                0x20000b88        0x4 src/motor_speed.o
                0x20000b88                count_switch_on
 .bss.persist_temp_defrost_on
                0x20000b8c        0x4 src/motor_speed.o
                0x20000b8c                persist_temp_defrost_on
 .bss.pir_counter_flag
                0x20000b90        0x1 src/motor_speed.o
                0x20000b90                pir_counter_flag
 *fill*         0x20000b91        0x3 
 .bss.sample_measure_airflow
                0x20000b94        0x4 src/motor_speed.o
                0x20000b94                sample_measure_airflow
 .bss.temp_speed_motorsF
                0x20000b98        0x1 src/motor_speed.o
                0x20000b98                temp_speed_motorsF
 .bss.temp_speed_motorsR
                0x20000b99        0x1 src/motor_speed.o
                0x20000b99                temp_speed_motorsR
 *fill*         0x20000b9a        0x2 
 .bss.UART0_Status_Register
                0x20000b9c        0x4 src/Serial1_Class.o
                0x20000b9c                UART0_Status_Register
 .bss.rxHead    0x20000ba0        0x4 src/Serial1_Class.o
 .bss.rxOverflowed
                0x20000ba4        0x1 src/Serial1_Class.o
 .bss.rxQueue   0x20000ba5       0x81 src/Serial1_Class.o
 *fill*         0x20000c26        0x2 
 .bss.rxTail    0x20000c28        0x4 src/Serial1_Class.o
 .bss.txHead    0x20000c2c        0x4 src/Serial1_Class.o
 .bss.txQueue   0x20000c30       0x81 src/Serial1_Class.o
 *fill*         0x20000cb1        0x3 
 .bss.UART2_Status_Register
                0x20000cb4        0x4 src/Serial2_Class.o
                0x20000cb4                UART2_Status_Register
 .bss.rxHead2   0x20000cb8        0x4 src/Serial2_Class.o
 .bss.rxOverflowed2
                0x20000cbc        0x1 src/Serial2_Class.o
 .bss.rxQueue2  0x20000cbd       0x81 src/Serial2_Class.o
 *fill*         0x20000d3e        0x2 
 .bss.rxTail2   0x20000d40        0x4 src/Serial2_Class.o
 .bss.txHead2   0x20000d44        0x4 src/Serial2_Class.o
 .bss.txQueue2  0x20000d48       0x81 src/Serial2_Class.o
 .bss.rx_buf_tail
                0x20000dc9        0x1 src/Seriale_1.o
 .bss._FLAG_INT_UART2_SW
                0x20000dca        0x1 src/Seriale_2.o
                0x20000dca                _FLAG_INT_UART2_SW
 *fill*         0x20000dcb        0x1 
 .bss.iBuffU2   0x20000dcc        0x4 src/Seriale_2.o
                0x20000dcc                iBuffU2
 .bss.lenTxU2   0x20000dd0        0x4 src/Seriale_2.o
                0x20000dd0                lenTxU2
 .bss.offset    0x20000dd4        0x1 src/Seriale_2.o
                0x20000dd4                offset
 .bss.rx_buf2_tail
                0x20000dd5        0x1 src/Seriale_2.o
 .bss.status_Uart2
                0x20000dd6        0x1 src/Seriale_2.o
                0x20000dd6                status_Uart2
 *fill*         0x20000dd7        0x1 
 .bss.heap.5297
                0x20000dd8        0x4 src/ASF/sam/utils/syscalls/gcc/syscalls.o
 .bss.count_active_freecooling_off
                0x20000ddc        0x4 src/Clima_Func.o
                0x20000ddc                count_active_freecooling_off
 .bss.count_active_freecooling_on
                0x20000de0        0x4 src/Clima_Func.o
                0x20000de0                count_active_freecooling_on
 .bss.count_preHeaterOn
                0x20000de4        0x4 src/Clima_Func.o
                0x20000de4                count_preHeaterOn
 .bss.persist_Temp_heater_off
                0x20000de8        0x4 src/Clima_Func.o
                0x20000de8                persist_Temp_heater_off
 .bss.persist_temp_bypass_on
                0x20000dec        0x4 src/Clima_Func.o
                0x20000dec                persist_temp_bypass_on
 .bss.cnt_step  0x20000df0        0x4 src/Filter_Func.o
                0x20000df0                cnt_step
 .bss.cnt_tempo
                0x20000df4        0x4 src/Filter_Func.o
                0x20000df4                cnt_tempo
 .bss.countSecondFunz
                0x20000df8        0x4 src/Filter_Func.o
                0x20000df8                countSecondFunz
 .bss.read_hours_eep
                0x20000dfc        0x1 src/Filter_Func.o
 .bss.PositionBypass
                0x20000dfd        0x1 src/HW_func.o
                0x20000dfd                PositionBypass
 .bss.Procedure_reset_KTS_ON
                0x20000dfe        0x1 src/HW_func.o
 .bss.StatusBuzzer
                0x20000dff        0x1 src/HW_func.o
                0x20000dff                StatusBuzzer
 .bss.TC0_Status_Register
                0x20000e00        0x4 src/HW_func.o
                0x20000e00                TC0_Status_Register
 .bss.numBeep   0x20000e04        0x1 src/HW_func.o
                0x20000e04                numBeep
 *fill*         0x20000e05        0x3 
 .bss.numStepBypass
                0x20000e08        0x4 src/HW_func.o
                0x20000e08                numStepBypass
 .bss.output_on
                0x20000e0c        0x1 src/HW_func.o
                0x20000e0c                output_on
 *fill*         0x20000e0d        0x3 
 .bss.CO2_1_Average_Counter
                0x20000e10        0x4 src/main.o